
> shoukaku-bot@2.0.0 test
> jest --runInBand

node.exe : FAIL tests/unit/services/api/NHentaiService.test.ts (5.211 s)
At line:1 char:1
+ & "C:\Program Files\nodejs/node.exe" "C:\Program Files\nodejs/node_mo ...
+ ~~~~~~~~~~~~~~~~~~~~~~~~~~~~~~~~~~~~~~~~~~~~~~~~~~~~~~~~~~~~~~~~~~~~~
    + CategoryInfo          : NotSpecified: (FAIL tests/unit...st.ts (5.211 s) 
   :String) [], RemoteException
    + FullyQualifiedErrorId : NativeCommandError
 
  NHentaiService
    fetchGallery
      ΓêÜ should return cached gallery when available (14 ms)
      ├ù should fetch gallery from API and cache it (33 ms)
      ΓêÜ should handle 404 errors (3 ms)
      ΓêÜ should handle 403 with retries (3832 ms)
      ΓêÜ should handle 429 rate limit (1 ms)
      ΓêÜ should handle timeout errors (1 ms)
      ΓêÜ should accept string code (1 ms)
    searchGalleries
      ΓêÜ should return cached search results (1 ms)
      ΓêÜ should search galleries and return results (2 ms)
      ├ù should pass sort parameter correctly (7 ms)
      ΓêÜ should cache search results (3 ms)
      ΓêÜ should handle API errors (1 ms)
    getSearchSuggestions
      ΓêÜ should return empty array for short queries (1 ms)
      ΓêÜ should return cached suggestions (1 ms)
      ├ù should extract tags from search results (2 ms)
      ΓêÜ should handle errors gracefully (1 ms)
    getPageUrls
      ΓêÜ should return correct page URLs (1 ms)
      ΓêÜ should support start and end page (1 ms)
      ΓêÜ should return empty array for gallery with no pages
      ΓêÜ should clamp end page to actual page count
    getThumbnailUrl
      ΓêÜ should return correct thumbnail URL (1 ms)
      ΓêÜ should handle png type (1 ms)
      ΓêÜ should default to jpg for unknown type (1 ms)
    getPageThumbnailUrl
      ΓêÜ should return correct page thumbnail URL
    getTagsByType
      ΓêÜ should filter tags by type (2 ms)
      ΓêÜ should return empty array for undefined tags (1 ms)
      ΓêÜ should limit to 15 tags (1 ms)
    parseAllTags
      ΓêÜ should parse all tag types (2 ms)
      ΓêÜ should handle undefined tags (1 ms)
    clearCache
      ΓêÜ should clear the nhentai cache namespace (1 ms)
    destroy
      ΓêÜ should not throw (1 ms)

  ΓùÅ NHentaiService ΓÇ║ fetchGallery ΓÇ║ should fetch gallery from API and 
cache it

    expect(received).toEqual(expected) // deep equality

    - Expected  - 21
    + Received  +  5

    @@ -1,35 +1,19 @@
      Object {
        "data": Object {
          "id": 177013,
          "images": Object {
            "cover": Object {
    -         "h": 500,
    -         "t": "j",
    -         "w": 350,
    -       },
    -       "pages": Array [
    -         Object {
    -           "h": 1800,
    +         "h": 0,
              "t": "j",
    -           "w": 1280,
    +         "w": 0,
            },
    -         Object {
    -           "h": 1800,
    -           "t": "p",
    -           "w": 1280,
    -         },
    -         Object {
    -           "h": 600,
    -           "t": "g",
    -           "w": 800,
    -         },
    -       ],
    +       "pages": Array [],
            "thumbnail": Object {
    -         "h": 350,
    +         "h": 0,
              "t": "j",
    -         "w": 250,
    +         "w": 0,
            },
          },
          "media_id": "987654",
          "num_favorites": 1000,
          "num_pages": 3,

    [0m [90m 119 |[39m             [36mconst[39m result [33m=[39m 
[36mawait[39m 
nhentaiService[33m.[39mfetchGallery([35m177013[39m)[33m;[39m
     [90m 120 |[39m
    [31m[1m>[22m[39m[90m 121 |[39m             
expect(result)[33m.[39mtoEqual({ success[33m:[39m 
[36mtrue[39m[33m,[39m data[33m:[39m gallery })[33m;[39m
     [90m     |[39m                            [31m[1m^[22m[39m
     [90m 122 |[39m             
expect(mockCacheSet)[33m.[39mtoHaveBeenCalledWith(
     [90m 123 |[39m                 [32m'api:nhentai'[39m[33m,[39m
     [90m 124 |[39m                 
[32m'nhentai:gallery_177013'[39m[33m,[39m[0m

      at Object.<anonymous> 
(tests/unit/services/api/NHentaiService.test.ts:121:28)

  ΓùÅ NHentaiService ΓÇ║ searchGalleries ΓÇ║ should pass sort parameter 
correctly

    expect(jest.fn()).toHaveBeenCalledWith(...expected)

    Expected: StringContaining "sort=date", Anything
    Received: "https://nhentai.net/api/search?query=test&page=1&sort=recent", 
{"headers": {"Accept": "application/json, text/html, */*", "Accept-Encoding": 
"gzip, deflate, br", "Accept-Language": "en-US,en;q=0.9", "Connection": 
"keep-alive", "DNT": "1", "Origin": "https://nhentai.net", "Referer": 
"https://nhentai.net/", "Sec-CH-UA": "\"Chromium\";v=\"131\", \"Not_A 
Brand\";v=\"24\"", "Sec-CH-UA-Mobile": "?0", "Sec-CH-UA-Platform": 
"\"Windows\"", "Sec-Fetch-Dest": "empty", "Sec-Fetch-Mode": "cors", 
"Sec-Fetch-Site": "same-origin", "User-Agent": "TestAgent"}, "maxRedirects": 
5, "timeout": 15000}

    Number of calls: 1

    [0m [90m 212 |[39m             [36mawait[39m 
nhentaiService[33m.[39msearchGalleries([32m'test'[39m[33m,[39m 
[35m1[39m[33m,[39m [32m'recent'[39m)[33m;[39m
     [90m 213 |[39m
    [31m[1m>[22m[39m[90m 214 |[39m             
expect(mockAxiosGet)[33m.[39mtoHaveBeenCalledWith(
     [90m     |[39m                                  [31m[1m^[22m[39m
     [90m 215 |[39m                 
expect[33m.[39mstringContaining([32m'sort=date'[39m)[33m,[39m
     [90m 216 |[39m                 expect[33m.[39manything()
     [90m 217 |[39m             )[33m;[39m[0m

      at Object.<anonymous> 
(tests/unit/services/api/NHentaiService.test.ts:214:34)

  ΓùÅ NHentaiService ΓÇ║ getSearchSuggestions ΓÇ║ should extract tags from 
search results

    expect(received).toBeGreaterThan(expected)

    Expected: > 0
    Received:   0

    [0m [90m 271 |[39m             [36mconst[39m result [33m=[39m 
[36mawait[39m 
nhentaiService[33m.[39mgetSearchSuggestions([32m'test'[39m)[33m;[39m
     [90m 272 |[39m
    [31m[1m>[22m[39m[90m 273 |[39m             expect(result[33m.[39mle
ngth)[33m.[39mtoBeGreaterThan([35m0[39m)[33m;[39m
     [90m     |[39m                                   [31m[1m^[22m[39m
     [90m 274 |[39m             
expect(mockCacheSet)[33m.[39mtoHaveBeenCalled()[33m;[39m
     [90m 275 |[39m         })[33m;[39m
     [90m 276 |[39m[0m

      at Object.<anonymous> 
(tests/unit/services/api/NHentaiService.test.ts:273:35)

FAIL tests/unit/services/music/MusicFacade.test.ts
  MusicFacade
    constructor
      ΓêÜ should expose sub-services (2 ms)
    updateMetrics
      ΓêÜ should update metrics from queue stats (2 ms)
      ΓêÜ should not throw on metric update error (2 ms)
    initializeEventHandler
      ΓêÜ should initialize playback event handler once (2 ms)
    Queue Operations
      ΓêÜ should get queue (1 ms)
      ΓêÜ should get queue list (1 ms)
      ΓêÜ should get queue length (1 ms)
      ΓêÜ should get current track
      ΓêÜ should add track and emit event (1 ms)
      ΓêÜ should add track to front and emit event (3 ms)
      ΓêÜ should add multiple tracks and emit event (1 ms)
      ΓêÜ should remove track and emit event (1 ms)
      ΓêÜ should clear queue and emit event (2 ms)
      ΓêÜ should move track and emit event on success (2 ms)
      ΓêÜ should not emit event on failed move (1 ms)
    Playback Operations
      ΓêÜ should play a track (3 ms)
      ΓêÜ should throw when no player (69 ms)
      ΓêÜ should throw for invalid track (4 ms)
      ΓêÜ should set isReplacing flag when replacing (1 ms)
      ΓêÜ should track metrics on play (1 ms)
    playNext
      ΓêÜ should replay track in track loop mode (1 ms)
      ΓêÜ should play next track from queue (1 ms)
      ΓêÜ should add current back to queue in queue loop mode (1 ms)
      ΓêÜ should handle queue end when no next track (2 ms)
    skip
      ΓêÜ should skip current track (2 ms)
      ΓêÜ should skip multiple tracks (1 ms)
      ΓêÜ should throw when no player (3 ms)
      ΓêÜ should end skip vote (2 ms)
    togglePause
      ΓêÜ should toggle pause and emit event (3 ms)
      ΓêÜ should emit resume event (1 ms)
      ΓêÜ should throw when no player (4 ms)
    setPaused
      ΓêÜ should set paused state (2 ms)
    stop
      ΓêÜ should stop playback, clear queue, emit event (4 ms)
    Loop/Shuffle
      ΓêÜ should toggle loop and emit event (1 ms)
      ΓêÜ should set loop mode (1 ms)
      ΓêÜ should get loop mode (1 ms)
      ΓêÜ should toggle shuffle and emit event (2 ms)
      ΓêÜ should check shuffle state (3 ms)
    Volume
      ΓêÜ should set volume on player and emit event (4 ms)
      ΓêÜ should return 100 when no player (1 ms)
      ΓêÜ should get volume (1 ms)
      ΓêÜ should adjust volume by delta (1 ms)
    Voice Connection
      ΓêÜ should check connection status (1 ms)
      ΓêÜ should disconnect (3 ms)
      ΓêÜ should get voice channel ID (2 ms)
      ΓêÜ should get listener count (1 ms)
    Auto-Play
      ΓêÜ should toggle auto-play and emit event (1 ms)
      ΓêÜ should check auto-play state (1 ms)
      ΓêÜ should return false when no queue (1 ms)
    handleQueueEnd
      ΓêÜ should try auto-play when enabled (7 ms)
      ΓêÜ should set inactivity timer when no auto-play (1 ms)
      ├ù should send queue finished embed (5 ms)
      ΓêÜ should handle auto-play failure gracefully (5 ms)
    cleanup
      ΓêÜ should perform full cleanup (5 ms)
    Skip Vote
      ΓêÜ should start skip vote and emit event (1 ms)
      ΓêÜ should add skip vote and emit event (2 ms)
      ΓêÜ should end skip vote (2 ms)
      ΓêÜ should check skip vote state (2 ms)
      ΓêÜ should check if skip vote active (2 ms)
    Now Playing Message
      ΓêÜ should set now playing message (2 ms)
      ΓêÜ should get now playing message ref (1 ms)
    User Data
      ΓêÜ should add favorite (3 ms)
      ΓêÜ should remove favorite (5 ms)
      ΓêÜ should get favorites (1 ms)
      ΓêÜ should check if favorited (1 ms)
      ΓêÜ should add to history (3 ms)
      ΓêÜ should get history (1 ms)
      ΓêÜ should clear history (6 ms)
      ΓêÜ should get/set preferences (2 ms)
    Loop Count
      ΓêÜ should get loop count (1 ms)
      ΓêÜ should increment loop count
      ΓêÜ should reset loop count (2 ms)
    Search
      ΓêÜ should delegate search to playbackService (1 ms)
      ΓêÜ should search playlist (1 ms)
      ΓêÜ should return null for failed playlist search (1 ms)
    Event Bus
      ΓêÜ should subscribe to events (1 ms)
      ΓêÜ should subscribe to guild events
      ΓêÜ should get event stats (1 ms)
    Utilities
      ΓêÜ should get player (1 ms)
      ΓêÜ should check Lavalink ready (1 ms)
      ΓêÜ should get queue state
      ΓêÜ should get stats (5 ms)
      ΓêÜ should expose transitionMutex (2 ms)
    shutdownAll
      ΓêÜ should shutdown all sub-services (2 ms)

  ΓùÅ MusicFacade ΓÇ║ handleQueueEnd ΓÇ║ should send queue finished embed

    expect(jest.fn()).toHaveBeenCalled()

    Expected number of calls: >= 1
    Received number of calls:    0

    [0m [90m 653 |[39m
     [90m 654 |[39m             [36mawait[39m 
musicFacade[33m.[39mhandleQueueEnd([32m'guild1'[39m)[33m;[39m
    [31m[1m>[22m[39m[90m 655 |[39m             expect(mockTrackHandler[3
3m.[39mcreateQueueFinishedEmbed)[33m.[39mtoHaveBeenCalled()[33m;[39m
     [90m     |[39m                                                          
     [31m[1m^[22m[39m
     [90m 656 |[39m             
expect(mockTextChannel[33m.[39msend)[33m.[39mtoHaveBeenCalled()[33m;[39m
     [90m 657 |[39m         })[33m;[39m
     [90m 658 |[39m[0m

      at Object.<anonymous> 
(tests/unit/services/music/MusicFacade.test.ts:655:63)

FAIL tests/unit/core/errorHandler.test.ts
  safeAsync()
    ΓêÜ should pass through successful return value (2 ms)
    ΓêÜ should log and rethrow errors (14 ms)
    ΓêÜ should forward arguments to wrapped function (1 ms)
  withErrorHandling()
    ΓêÜ should return value on success (1 ms)
    ΓêÜ should retry on failure (50 ms)
    ΓêÜ should call onError fallback after all retries fail (19 ms)
    ΓêÜ should rethrow when rethrow=true (default) (1 ms)
    ΓêÜ should return undefined when rethrow=false and no onError (1 ms)
    ΓêÜ should use exponential backoff for retries (56 ms)
  withTimeout()
    ΓêÜ should return result when function completes in time (2 ms)
    ΓêÜ should reject when function exceeds timeout (61 ms)
    ΓêÜ should clean up timer after successful execution (no leak) (1 ms)
    ΓêÜ should clean up timer after timeout rejection (26 ms)
    ΓêÜ should use default context in error message (15 ms)
  interactionErrorBoundary()
    ΓêÜ should call the handler on success (6 ms)
    ├ù should reply with operational error message (2 ms)
    ΓêÜ should reply with generic message for non-operational errors (1 ms)
    ΓêÜ should use editReply when interaction is deferred (1 ms)
    ΓêÜ should use editReply when interaction is already replied (2 ms)
    ΓêÜ should use custom ephemeral option (1 ms)
    ΓêÜ should silently handle reply errors (1 ms)
    ΓêÜ should forward extra arguments to handler (1 ms)

  ΓùÅ interactionErrorBoundary() ΓÇ║ should reply with operational error 
message

    TypeError: ValidationError is not a constructor

    [0m [90m 211 |[39m     it([32m'should reply with operational error 
message'[39m[33m,[39m [36masync[39m () [33m=>[39m {
     [90m 212 |[39m         [36mconst[39m { [33mValidationError[39m } 
[33m=[39m require([32m'../../../src/errors/AppError'[39m)[33m;[39m
    [31m[1m>[22m[39m[90m 213 |[39m         [36mconst[39m handler 
[33m=[39m jest[33m.[39mfn()[33m.[39mmockRejectedValue([36mnew[39m 
[33mValidationError[39m([32m'Bad input'[39m))[33m;[39m
     [90m     |[39m                                                     
[31m[1m^[22m[39m
     [90m 214 |[39m         [36mconst[39m wrapped [33m=[39m 
interactionErrorBoundary(handler)[33m;[39m
     [90m 215 |[39m         [36mconst[39m interaction [33m=[39m 
createMockInteraction()[33m;[39m
     [90m 216 |[39m[0m

      at Object.<anonymous> (tests/unit/core/errorHandler.test.ts:213:53)

FAIL tests/unit/commands/music.test.ts
  MusicCommand
    data
      ΓêÜ should have name "music" (22 ms)
      ΓêÜ should have proper subcommands (7 ms)
    access control
      ΓêÜ should block when access is denied (3 ms)
    guild check
      ΓêÜ should reject when used outside a guild (2 ms)
      ΓêÜ should reject when userId is missing (1 ms)
    subcommand routing
      ΓêÜ should route "play" to correct handler (1 ms)
      ΓêÜ should route "stop" to correct handler (1 ms)
      ΓêÜ should route "skip" to correct handler (1 ms)
      ΓêÜ should route "pause" to correct handler (1 ms)
      ΓêÜ should route "queue" to correct handler (1 ms)
      ΓêÜ should route "nowplaying" to correct handler (1 ms)
      ΓêÜ should route "volume" to correct handler (1 ms)
      ΓêÜ should route "loop" to correct handler (2 ms)
      ΓêÜ should route "shuffle" to correct handler (1 ms)
      ΓêÜ should route "remove" to correct handler (1 ms)
      ΓêÜ should route "move" to correct handler (1 ms)
      ΓêÜ should route "clear" to correct handler (1 ms)
      ├ù should route "seek" to correct handler (4 ms)
      ΓêÜ should route "history" to correct handler (1 ms)
      ΓêÜ should route "autoplay" to correct handler
    error handling
      ΓêÜ should handle handler errors gracefully (1 ms)
      ΓêÜ should show error embed for unknown subcommand (1 ms)
    handleButton
      ΓêÜ should delegate to button handler (2 ms)
      ΓêÜ should handle button handler errors (1 ms)

  ΓùÅ MusicCommand ΓÇ║ subcommand routing ΓÇ║ should route "seek" to correct 
handler

    expect(jest.fn()).toHaveBeenCalledWith(...expected)

    Expected: {"deferReply": [Function mockConstructor], "deferred": false, 
"editReply": [Function mockConstructor], "guild": {"id": "111"}, "options": 
{"getSubcommand": [Function mockConstructor]}, "replied": false, "reply": 
[Function mockConstructor], "user": {"id": "222"}}, "111", "222"

    Number of calls: 0

    [0m [90m 217 |[39m             [36mawait[39m 
musicCommand[33m.[39mrun(interaction)[33m;[39m
     [90m 218 |[39m
    [31m[1m>[22m[39m[90m 219 |[39m             
expect(handler)[33m.[39mtoHaveBeenCalledWith(interaction[33m,[39m 
[32m'111'[39m[33m,[39m [32m'222'[39m)[33m;[39m
     [90m     |[39m                             [31m[1m^[22m[39m
     [90m 220 |[39m         })[33m;[39m
     [90m 221 |[39m     })[33m;[39m
     [90m 222 |[39m[0m

      at tests/unit/commands/music.test.ts:219:29

FAIL tests/unit/commands/baseCommand.test.ts
  BaseCommand
    constructor defaults
      ΓêÜ should set default values (6 ms)
      ΓêÜ should accept custom options (3 ms)
    execute() ΓÇö validation
      ΓêÜ should reject guild-only command in DM (50 ms)
      ΓêÜ should reject NSFW command in non-NSFW channel (2 ms)
      ΓêÜ should reject owner-only command from non-owner (3 ms)
      ΓêÜ should allow owner-only command from owner (2 ms)
      ΓêÜ should reject admin-only command from non-admin (3 ms)
      ΓêÜ should allow guild owner to use admin commands (2 ms)
    execute() ΓÇö cooldowns
      ΓêÜ should enforce cooldown between executions (2 ms)
      ΓêÜ should not enforce cooldown when set to 0 (2 ms)
      ΓêÜ should track cooldown per user (2 ms)
    execute() ΓÇö defer
      ΓêÜ should auto-defer when deferReply is true (2 ms)
      ΓêÜ should defer as ephemeral when ephemeral is true (2 ms)
      ΓêÜ should not defer when deferReply is false (2 ms)
      ΓêÜ should not defer when already deferred (1 ms)
    execute() ΓÇö metrics tracking
      ΓêÜ should track command metrics on success (3 ms)
      ΓêÜ should track error metrics on failure (4 ms)
    execute() ΓÇö error handling
      ΓêÜ should catch errors and send error embed (3 ms)
      ├ù should use AppError message for operational errors (1 ms)
    safeReply()
      ΓêÜ should use editReply when deferred (1 ms)
      ΓêÜ should use followUp when already replied (1 ms)
      ΓêÜ should use reply when not deferred or replied (1 ms)
      ΓêÜ should catch reply errors gracefully (2 ms)
    embed helpers
      ΓêÜ should create success embed (2 ms)
      ΓêÜ should create error embed (2 ms)
      ΓêÜ should create info embed (2 ms)
      ΓêÜ should create warning embed (1 ms)
    CommandCategory
      ΓêÜ should define all categories (2 ms)

  ΓùÅ BaseCommand ΓÇ║ execute() ΓÇö error handling ΓÇ║ should use AppError 
message for operational errors

    TypeError: ValidationError is not a constructor

    [0m [90m 358 |[39m             [36mconst[39m { 
[33mValidationError[39m } [33m=[39m 
require([32m'../../../src/errors/AppError'[39m)[33m;[39m
     [90m 359 |[39m             [36mconst[39m cmd [33m=[39m 
[36mnew[39m [33mTestCommand[39m()[33m;[39m
    [31m[1m>[22m[39m[90m 360 |[39m             
cmd[33m.[39mrunFn[33m.[39mmockRejectedValue([36mnew[39m 
[33mValidationError[39m([32m'Invalid option'[39m))[33m;[39m
     [90m     |[39m                                         
[31m[1m^[22m[39m
     [90m 361 |[39m             [36mconst[39m interaction [33m=[39m 
createMockInteraction()[33m;[39m
     [90m 362 |[39m
     [90m 363 |[39m             [36mawait[39m 
cmd[33m.[39mexecute(interaction)[33m;[39m[0m

      at Object.<anonymous> (tests/unit/commands/baseCommand.test.ts:360:41)

FAIL tests/unit/commands/afk.test.ts
  AFK Command
    formatDuration()
      ΓêÜ should format seconds only (3 ms)
      ΓêÜ should format minutes only (1 ms)
      ΓêÜ should format minutes and seconds (1 ms)
      ΓêÜ should format hours only (1 ms)
      ΓêÜ should format hours and minutes (1 ms)
      ΓêÜ should format days only (1 ms)
      ΓêÜ should format days and hours (1 ms)
      ΓêÜ should handle zero
    removeAfk()
      ΓêÜ should delegate to repository (1 ms)
      ΓêÜ should return null when not AFK (3 ms)
    metadata
      ΓêÜ should have correct command name (2 ms)
      ΓêÜ should have correct category (2 ms)
      ΓêÜ should have 10s cooldown
    run()
      ΓêÜ should set AFK successfully (9 ms)
      ΓêÜ should handle global AFK type (2 ms)
      ΓêÜ should show error when setAfk fails (3 ms)
    onMessage()
      ├ù should skip bot messages (2 ms)
      ├ù should skip DM messages
      ├ù should remove AFK status when user sends a message (2 ms)
      ├ù should notify when mentioning AFK user (1 ms)

  ΓùÅ AFK Command ΓÇ║ onMessage() ΓÇ║ should skip bot messages

    TypeError: (0 , afk_1.onMessage) is not a function

    [0m [90m 274 |[39m         it([32m'should skip bot 
messages'[39m[33m,[39m [36masync[39m () [33m=>[39m {
     [90m 275 |[39m             [36mconst[39m message [33m=[39m 
createMessage({ author[33m:[39m { bot[33m:[39m [36mtrue[39m[33m,[39m 
id[33m:[39m [32m'bot-1'[39m } })[33m;[39m
    [31m[1m>[22m[39m[90m 276 |[39m             [36mawait[39m 
onMessage(message[33m,[39m createClient())[33m;[39m
     [90m     |[39m                            [31m[1m^[22m[39m
     [90m 277 |[39m             
expect(mockRemoveAfk)[33m.[39mnot[33m.[39mtoHaveBeenCalled()[33m;[39m
     [90m 278 |[39m         })[33m;[39m
     [90m 279 |[39m[0m

      at Object.<anonymous> (tests/unit/commands/afk.test.ts:276:28)

  ΓùÅ AFK Command ΓÇ║ onMessage() ΓÇ║ should skip DM messages

    TypeError: (0 , afk_1.onMessage) is not a function

    [0m [90m 280 |[39m         it([32m'should skip DM 
messages'[39m[33m,[39m [36masync[39m () [33m=>[39m {
     [90m 281 |[39m             [36mconst[39m message [33m=[39m 
createMessage({ guild[33m:[39m [36mnull[39m })[33m;[39m
    [31m[1m>[22m[39m[90m 282 |[39m             [36mawait[39m 
onMessage(message[33m,[39m createClient())[33m;[39m
     [90m     |[39m                            [31m[1m^[22m[39m
     [90m 283 |[39m             
expect(mockRemoveAfk)[33m.[39mnot[33m.[39mtoHaveBeenCalled()[33m;[39m
     [90m 284 |[39m         })[33m;[39m
     [90m 285 |[39m[0m

      at Object.<anonymous> (tests/unit/commands/afk.test.ts:282:28)

  ΓùÅ AFK Command ΓÇ║ onMessage() ΓÇ║ should remove AFK status when user sends 
a message

    TypeError: (0 , afk_1.onMessage) is not a function

    [0m [90m 294 |[39m             
message[33m.[39mreply[33m.[39mmockResolvedValue(mockReplyMsg)[33m;[39m
     [90m 295 |[39m             
    [31m[1m>[22m[39m[90m 296 |[39m             [36mawait[39m 
onMessage(message[33m,[39m createClient())[33m;[39m
     [90m     |[39m                            [31m[1m^[22m[39m
     [90m 297 |[39m
     [90m 298 |[39m             expect(mockRemoveAfk)[33m.[39mtoHaveBeenCal
ledWith([32m'user-1'[39m[33m,[39m [32m'guild-1'[39m)[33m;[39m
     [90m 299 |[39m             [90m// reply is fire-and-forget 
(.then().catch()), so it may be called[39m[0m

      at Object.<anonymous> (tests/unit/commands/afk.test.ts:296:28)

  ΓùÅ AFK Command ΓÇ║ onMessage() ΓÇ║ should notify when mentioning AFK user

    TypeError: (0 , afk_1.onMessage) is not a function

    [0m [90m 313 |[39m                 mentions[33m:[39m { 
users[33m:[39m mentionedUsers }[33m,[39m
     [90m 314 |[39m             })[33m;[39m
    [31m[1m>[22m[39m[90m 315 |[39m             [36mawait[39m 
onMessage(message[33m,[39m createClient())[33m;[39m
     [90m     |[39m                            [31m[1m^[22m[39m
     [90m 316 |[39m
     [90m 317 |[39m             [90m// Should have checked mentions[39m
     [90m 318 |[39m             expect(mockGetMultipleAfk)[33m.[39mtoHaveBe
enCalledWith([[32m'mentioned-1'[39m][33m,[39m 
[32m'guild-1'[39m)[33m;[39m[0m

      at Object.<anonymous> (tests/unit/commands/afk.test.ts:315:28)

FAIL tests/unit/commands/say.test.ts
  SayCommand
    metadata
      ΓêÜ should have correct command name (14 ms)
      ΓêÜ should have FUN category
      ΓêÜ should have 5 second cooldown (1 ms)
      ├ù should have message, channel, embed, credit, and type options (9 ms)
    run
      ΓêÜ should block without access (2 ms)
      ΓêÜ should send plain text message (6 ms)
      ΓêÜ should send embed message when embed option is true (3 ms)
      ΓêÜ should reject invalid channel (6 ms)
      ΓêÜ should reject when bot lacks send permissions (1 ms)
      ΓêÜ should sanitize @everyone/@here (2 ms)
      ΓêÜ should send to specified channel (3 ms)
      ΓêÜ should confirm message sent (2 ms)
      ΓêÜ should handle send errors (4 ms)

  ΓùÅ SayCommand ΓÇ║ metadata ΓÇ║ should have message, channel, embed, credit, 
and type options

    expect(received).toContain(expected) // indexOf

    Expected value: "credit"
    Received array: ["message", "channel", "embed", "type"]

    [0m [90m 162 |[39m             
expect(optionNames)[33m.[39mtoContain([32m'channel'[39m)[33m;[39m
     [90m 163 |[39m             
expect(optionNames)[33m.[39mtoContain([32m'embed'[39m)[33m;[39m
    [31m[1m>[22m[39m[90m 164 |[39m             
expect(optionNames)[33m.[39mtoContain([32m'credit'[39m)[33m;[39m
     [90m     |[39m                                 [31m[1m^[22m[39m
     [90m 165 |[39m             
expect(optionNames)[33m.[39mtoContain([32m'type'[39m)[33m;[39m
     [90m 166 |[39m         })[33m;[39m
     [90m 167 |[39m     })[33m;[39m[0m

      at Object.<anonymous> (tests/unit/commands/say.test.ts:164:33)

FAIL tests/unit/config/maintenance.test.ts
  Maintenance Config
    enableMaintenance() / disableMaintenance()
      ├ù should enable maintenance mode (3 ms)
      ├ù should disable maintenance mode (1 ms)
      ├ù should set reason on enable (1 ms)
      ├ù should use default reason when none provided (2 ms)
      ├ù should set startTime on enable (2 ms)
      ├ù should clear all fields on disable (1 ms)
      ├ù should return state object (1 ms)
      ├ù should auto-add DEVELOPER_ID to allowed users on enable (2 ms)
      ├ù should not duplicate DEVELOPER_ID in allowed users (1 ms)
    partial mode
      ├ù should enable partial mode with disabled features (1 ms)
      ├ù should set estimatedEnd when provided (1 ms)
    isInMaintenance()
      ΓêÜ should return false when not enabled (2 ms)
      ├ù should return true when enabled (1 ms)
    canBypassMaintenance()
      ├ù should allow developer to bypass
      ├ù should allow users in allowedUsers list (3 ms)
      ├ù should deny random users
    isAllowedDuringMaintenance()
      ΓêÜ should allow all users when maintenance is disabled (1 ms)
      ├ù should deny regular users during maintenance
      ├ù should allow developer during maintenance (2 ms)
      ├ù should allow bypass users during maintenance (1 ms)
    isFeatureDisabled()
      ΓêÜ should return false when maintenance is off (1 ms)
      ├ù should return true for all features in full maintenance (1 ms)
      ├ù should only disable listed features in partial mode (1 ms)
    addBypassUser() / removeBypassUser()
      ΓêÜ should add user to bypass list (2 ms)
      ΓêÜ should not add duplicate users (1 ms)
      ΓêÜ should remove user from bypass list (1 ms)
      ΓêÜ should handle removing non-existent user gracefully (1 ms)
    scheduleMaintenance() / cancelScheduledMaintenance()
      ΓêÜ should schedule future maintenance (2 ms)
      ΓêÜ should use default reason if not provided (3 ms)
      ΓêÜ should store in state (1 ms)
      ΓêÜ should cancel scheduled maintenance (2 ms)
    getMaintenanceStatus()
      ΓêÜ should return inactive status when disabled (2 ms)
      ├ù should return active status when enabled (1 ms)
      ├ù should include time estimate when estimatedEnd is set (7 ms)
      ├ù should not show time estimate if deadline has passed (1 ms)
      ├ù should include partial mode info (2 ms)
    createMaintenanceEmbed()
      ├ù should return an embed object (1 ms)
    getMaintenanceState()
      ├ù should return a copy of state (not the reference)
      ΓêÜ should include all fields (4 ms)

  ΓùÅ Maintenance Config ΓÇ║ enableMaintenance() / disableMaintenance() ΓÇ║ 
should enable maintenance mode

    TypeError: owner_js_1.OWNER_IDS is not iterable

    [0m [90m  96 |[39m
     [90m  97 |[39m     [90m// Auto-allow all owners during maintenance[39m
    [31m[1m>[22m[39m[90m  98 |[39m     [36mfor[39m ([36mconst[39m 
ownerId [36mof[39m [33mOWNER_IDS[39m) {
     [90m     |[39m                           [31m[1m^[22m[39m
     [90m  99 |[39m         [36mif[39m ([33m![39mmaintenanceState[33m.[
39mallowedUsers[33m.[39mincludes(ownerId)) {
     [90m 100 |[39m             
maintenanceState[33m.[39mallowedUsers[33m.[39mpush(ownerId)[33m;[39m
     [90m 101 |[39m         }[0m

      at enableMaintenance (src/config/maintenance.ts:98:27)
      at Object.<anonymous> (tests/unit/config/maintenance.test.ts:60:30)

  ΓùÅ Maintenance Config ΓÇ║ enableMaintenance() / disableMaintenance() ΓÇ║ 
should disable maintenance mode

    TypeError: owner_js_1.OWNER_IDS is not iterable

    [0m [90m  96 |[39m
     [90m  97 |[39m     [90m// Auto-allow all owners during maintenance[39m
    [31m[1m>[22m[39m[90m  98 |[39m     [36mfor[39m ([36mconst[39m 
ownerId [36mof[39m [33mOWNER_IDS[39m) {
     [90m     |[39m                           [31m[1m^[22m[39m
     [90m  99 |[39m         [36mif[39m ([33m![39mmaintenanceState[33m.[
39mallowedUsers[33m.[39mincludes(ownerId)) {
     [90m 100 |[39m             
maintenanceState[33m.[39mallowedUsers[33m.[39mpush(ownerId)[33m;[39m
     [90m 101 |[39m         }[0m

      at enableMaintenance (src/config/maintenance.ts:98:27)
      at Object.<anonymous> (tests/unit/config/maintenance.test.ts:66:30)

  ΓùÅ Maintenance Config ΓÇ║ enableMaintenance() / disableMaintenance() ΓÇ║ 
should set reason on enable

    TypeError: owner_js_1.OWNER_IDS is not iterable

    [0m [90m  96 |[39m
     [90m  97 |[39m     [90m// Auto-allow all owners during maintenance[39m
    [31m[1m>[22m[39m[90m  98 |[39m     [36mfor[39m ([36mconst[39m 
ownerId [36mof[39m [33mOWNER_IDS[39m) {
     [90m     |[39m                           [31m[1m^[22m[39m
     [90m  99 |[39m         [36mif[39m ([33m![39mmaintenanceState[33m.[
39mallowedUsers[33m.[39mincludes(ownerId)) {
     [90m 100 |[39m             
maintenanceState[33m.[39mallowedUsers[33m.[39mpush(ownerId)[33m;[39m
     [90m 101 |[39m         }[0m

      at enableMaintenance (src/config/maintenance.ts:98:27)
      at Object.<anonymous> (tests/unit/config/maintenance.test.ts:73:30)

  ΓùÅ Maintenance Config ΓÇ║ enableMaintenance() / disableMaintenance() ΓÇ║ 
should use default reason when none provided

    TypeError: owner_js_1.OWNER_IDS is not iterable

    [0m [90m  96 |[39m
     [90m  97 |[39m     [90m// Auto-allow all owners during maintenance[39m
    [31m[1m>[22m[39m[90m  98 |[39m     [36mfor[39m ([36mconst[39m 
ownerId [36mof[39m [33mOWNER_IDS[39m) {
     [90m     |[39m                           [31m[1m^[22m[39m
     [90m  99 |[39m         [36mif[39m ([33m![39mmaintenanceState[33m.[
39mallowedUsers[33m.[39mincludes(ownerId)) {
     [90m 100 |[39m             
maintenanceState[33m.[39mallowedUsers[33m.[39mpush(ownerId)[33m;[39m
     [90m 101 |[39m         }[0m

      at enableMaintenance (src/config/maintenance.ts:98:27)
      at Object.<anonymous> (tests/unit/config/maintenance.test.ts:80:30)

  ΓùÅ Maintenance Config ΓÇ║ enableMaintenance() / disableMaintenance() ΓÇ║ 
should set startTime on enable

    TypeError: owner_js_1.OWNER_IDS is not iterable

    [0m [90m  96 |[39m
     [90m  97 |[39m     [90m// Auto-allow all owners during maintenance[39m
    [31m[1m>[22m[39m[90m  98 |[39m     [36mfor[39m ([36mconst[39m 
ownerId [36mof[39m [33mOWNER_IDS[39m) {
     [90m     |[39m                           [31m[1m^[22m[39m
     [90m  99 |[39m         [36mif[39m ([33m![39mmaintenanceState[33m.[
39mallowedUsers[33m.[39mincludes(ownerId)) {
     [90m 100 |[39m             
maintenanceState[33m.[39mallowedUsers[33m.[39mpush(ownerId)[33m;[39m
     [90m 101 |[39m         }[0m

      at enableMaintenance (src/config/maintenance.ts:98:27)
      at Object.<anonymous> (tests/unit/config/maintenance.test.ts:88:30)

  ΓùÅ Maintenance Config ΓÇ║ enableMaintenance() / disableMaintenance() ΓÇ║ 
should clear all fields on disable

    TypeError: owner_js_1.OWNER_IDS is not iterable

    [0m [90m  96 |[39m
     [90m  97 |[39m     [90m// Auto-allow all owners during maintenance[39m
    [31m[1m>[22m[39m[90m  98 |[39m     [36mfor[39m ([36mconst[39m 
ownerId [36mof[39m [33mOWNER_IDS[39m) {
     [90m     |[39m                           [31m[1m^[22m[39m
     [90m  99 |[39m         [36mif[39m ([33m![39mmaintenanceState[33m.[
39mallowedUsers[33m.[39mincludes(ownerId)) {
     [90m 100 |[39m             
maintenanceState[33m.[39mallowedUsers[33m.[39mpush(ownerId)[33m;[39m
     [90m 101 |[39m         }[0m

      at enableMaintenance (src/config/maintenance.ts:98:27)
      at Object.<anonymous> (tests/unit/config/maintenance.test.ts:97:30)

  ΓùÅ Maintenance Config ΓÇ║ enableMaintenance() / disableMaintenance() ΓÇ║ 
should return state object

    TypeError: owner_js_1.OWNER_IDS is not iterable

    [0m [90m  96 |[39m
     [90m  97 |[39m     [90m// Auto-allow all owners during maintenance[39m
    [31m[1m>[22m[39m[90m  98 |[39m     [36mfor[39m ([36mconst[39m 
ownerId [36mof[39m [33mOWNER_IDS[39m) {
     [90m     |[39m                           [31m[1m^[22m[39m
     [90m  99 |[39m         [36mif[39m ([33m![39mmaintenanceState[33m.[
39mallowedUsers[33m.[39mincludes(ownerId)) {
     [90m 100 |[39m             
maintenanceState[33m.[39mallowedUsers[33m.[39mpush(ownerId)[33m;[39m
     [90m 101 |[39m         }[0m

      at enableMaintenance (src/config/maintenance.ts:98:27)
      at Object.<anonymous> (tests/unit/config/maintenance.test.ts:115:44)

  ΓùÅ Maintenance Config ΓÇ║ enableMaintenance() / disableMaintenance() ΓÇ║ 
should auto-add DEVELOPER_ID to allowed users on enable

    TypeError: owner_js_1.OWNER_IDS is not iterable

    [0m [90m  96 |[39m
     [90m  97 |[39m     [90m// Auto-allow all owners during maintenance[39m
    [31m[1m>[22m[39m[90m  98 |[39m     [36mfor[39m ([36mconst[39m 
ownerId [36mof[39m [33mOWNER_IDS[39m) {
     [90m     |[39m                           [31m[1m^[22m[39m
     [90m  99 |[39m         [36mif[39m ([33m![39mmaintenanceState[33m.[
39mallowedUsers[33m.[39mincludes(ownerId)) {
     [90m 100 |[39m             
maintenanceState[33m.[39mallowedUsers[33m.[39mpush(ownerId)[33m;[39m
     [90m 101 |[39m         }[0m

      at enableMaintenance (src/config/maintenance.ts:98:27)
      at Object.<anonymous> (tests/unit/config/maintenance.test.ts:122:30)

  ΓùÅ Maintenance Config ΓÇ║ enableMaintenance() / disableMaintenance() ΓÇ║ 
should not duplicate DEVELOPER_ID in allowed users

    TypeError: owner_js_1.OWNER_IDS is not iterable

    [0m [90m  96 |[39m
     [90m  97 |[39m     [90m// Auto-allow all owners during maintenance[39m
    [31m[1m>[22m[39m[90m  98 |[39m     [36mfor[39m ([36mconst[39m 
ownerId [36mof[39m [33mOWNER_IDS[39m) {
     [90m     |[39m                           [31m[1m^[22m[39m
     [90m  99 |[39m         [36mif[39m ([33m![39mmaintenanceState[33m.[
39mallowedUsers[33m.[39mincludes(ownerId)) {
     [90m 100 |[39m             
maintenanceState[33m.[39mallowedUsers[33m.[39mpush(ownerId)[33m;[39m
     [90m 101 |[39m         }[0m

      at enableMaintenance (src/config/maintenance.ts:98:27)
      at Object.<anonymous> (tests/unit/config/maintenance.test.ts:129:30)

  ΓùÅ Maintenance Config ΓÇ║ partial mode ΓÇ║ should enable partial mode with 
disabled features

    TypeError: owner_js_1.OWNER_IDS is not iterable

    [0m [90m  96 |[39m
     [90m  97 |[39m     [90m// Auto-allow all owners during maintenance[39m
    [31m[1m>[22m[39m[90m  98 |[39m     [36mfor[39m ([36mconst[39m 
ownerId [36mof[39m [33mOWNER_IDS[39m) {
     [90m     |[39m                           [31m[1m^[22m[39m
     [90m  99 |[39m         [36mif[39m ([33m![39mmaintenanceState[33m.[
39mallowedUsers[33m.[39mincludes(ownerId)) {
     [90m 100 |[39m             
maintenanceState[33m.[39mallowedUsers[33m.[39mpush(ownerId)[33m;[39m
     [90m 101 |[39m         }[0m

      at enableMaintenance (src/config/maintenance.ts:98:27)
      at Object.<anonymous> (tests/unit/config/maintenance.test.ts:140:30)

  ΓùÅ Maintenance Config ΓÇ║ partial mode ΓÇ║ should set estimatedEnd when 
provided

    TypeError: owner_js_1.OWNER_IDS is not iterable

    [0m [90m  96 |[39m
     [90m  97 |[39m     [90m// Auto-allow all owners during maintenance[39m
    [31m[1m>[22m[39m[90m  98 |[39m     [36mfor[39m ([36mconst[39m 
ownerId [36mof[39m [33mOWNER_IDS[39m) {
     [90m     |[39m                           [31m[1m^[22m[39m
     [90m  99 |[39m         [36mif[39m ([33m![39mmaintenanceState[33m.[
39mallowedUsers[33m.[39mincludes(ownerId)) {
     [90m 100 |[39m             
maintenanceState[33m.[39mallowedUsers[33m.[39mpush(ownerId)[33m;[39m
     [90m 101 |[39m         }[0m

      at enableMaintenance (src/config/maintenance.ts:98:27)
      at Object.<anonymous> (tests/unit/config/maintenance.test.ts:152:30)

  ΓùÅ Maintenance Config ΓÇ║ isInMaintenance() ΓÇ║ should return true when 
enabled

    TypeError: owner_js_1.OWNER_IDS is not iterable

    [0m [90m  96 |[39m
     [90m  97 |[39m     [90m// Auto-allow all owners during maintenance[39m
    [31m[1m>[22m[39m[90m  98 |[39m     [36mfor[39m ([36mconst[39m 
ownerId [36mof[39m [33mOWNER_IDS[39m) {
     [90m     |[39m                           [31m[1m^[22m[39m
     [90m  99 |[39m         [36mif[39m ([33m![39mmaintenanceState[33m.[
39mallowedUsers[33m.[39mincludes(ownerId)) {
     [90m 100 |[39m             
maintenanceState[33m.[39mallowedUsers[33m.[39mpush(ownerId)[33m;[39m
     [90m 101 |[39m         }[0m

      at enableMaintenance (src/config/maintenance.ts:98:27)
      at Object.<anonymous> (tests/unit/config/maintenance.test.ts:165:30)

  ΓùÅ Maintenance Config ΓÇ║ canBypassMaintenance() ΓÇ║ should allow developer 
to bypass

    TypeError: (0 , owner_js_1.isOwner) is not a function

    [0m [90m 132 |[39m [90m */[39m
     [90m 133 |[39m [36mexport[39m [36mfunction[39m 
canBypassMaintenance(userId[33m:[39m string)[33m:[39m boolean {
    [31m[1m>[22m[39m[90m 134 |[39m     [36mreturn[39m isOwner(userId) 
[33m||[39m 
maintenanceState[33m.[39mallowedUsers[33m.[39mincludes(userId)[33m;[39m
     [90m     |[39m                   [31m[1m^[22m[39m
     [90m 135 |[39m }
     [90m 136 |[39m
     [90m 137 |[39m [90m/**[39m[0m

      at canBypassMaintenance (src/config/maintenance.ts:134:19)
      at Object.<anonymous> (tests/unit/config/maintenance.test.ts:172:40)

  ΓùÅ Maintenance Config ΓÇ║ canBypassMaintenance() ΓÇ║ should allow users in 
allowedUsers list

    TypeError: (0 , owner_js_1.isOwner) is not a function

    [0m [90m 132 |[39m [90m */[39m
     [90m 133 |[39m [36mexport[39m [36mfunction[39m 
canBypassMaintenance(userId[33m:[39m string)[33m:[39m boolean {
    [31m[1m>[22m[39m[90m 134 |[39m     [36mreturn[39m isOwner(userId) 
[33m||[39m 
maintenanceState[33m.[39mallowedUsers[33m.[39mincludes(userId)[33m;[39m
     [90m     |[39m                   [31m[1m^[22m[39m
     [90m 135 |[39m }
     [90m 136 |[39m
     [90m 137 |[39m [90m/**[39m[0m

      at canBypassMaintenance (src/config/maintenance.ts:134:19)
      at Object.<anonymous> (tests/unit/config/maintenance.test.ts:177:40)

  ΓùÅ Maintenance Config ΓÇ║ canBypassMaintenance() ΓÇ║ should deny random 
users

    TypeError: (0 , owner_js_1.isOwner) is not a function

    [0m [90m 132 |[39m [90m */[39m
     [90m 133 |[39m [36mexport[39m [36mfunction[39m 
canBypassMaintenance(userId[33m:[39m string)[33m:[39m boolean {
    [31m[1m>[22m[39m[90m 134 |[39m     [36mreturn[39m isOwner(userId) 
[33m||[39m 
maintenanceState[33m.[39mallowedUsers[33m.[39mincludes(userId)[33m;[39m
     [90m     |[39m                   [31m[1m^[22m[39m
     [90m 135 |[39m }
     [90m 136 |[39m
     [90m 137 |[39m [90m/**[39m[0m

      at canBypassMaintenance (src/config/maintenance.ts:134:19)
      at Object.<anonymous> (tests/unit/config/maintenance.test.ts:181:40)

  ΓùÅ Maintenance Config ΓÇ║ isAllowedDuringMaintenance() ΓÇ║ should deny 
regular users during maintenance

    TypeError: owner_js_1.OWNER_IDS is not iterable

    [0m [90m  96 |[39m
     [90m  97 |[39m     [90m// Auto-allow all owners during maintenance[39m
    [31m[1m>[22m[39m[90m  98 |[39m     [36mfor[39m ([36mconst[39m 
ownerId [36mof[39m [33mOWNER_IDS[39m) {
     [90m     |[39m                           [31m[1m^[22m[39m
     [90m  99 |[39m         [36mif[39m ([33m![39mmaintenanceState[33m.[
39mallowedUsers[33m.[39mincludes(ownerId)) {
     [90m 100 |[39m             
maintenanceState[33m.[39mallowedUsers[33m.[39mpush(ownerId)[33m;[39m
     [90m 101 |[39m         }[0m

      at enableMaintenance (src/config/maintenance.ts:98:27)
      at Object.<anonymous> (tests/unit/config/maintenance.test.ts:191:30)

  ΓùÅ Maintenance Config ΓÇ║ isAllowedDuringMaintenance() ΓÇ║ should allow 
developer during maintenance

    TypeError: owner_js_1.OWNER_IDS is not iterable

    [0m [90m  96 |[39m
     [90m  97 |[39m     [90m// Auto-allow all owners during maintenance[39m
    [31m[1m>[22m[39m[90m  98 |[39m     [36mfor[39m ([36mconst[39m 
ownerId [36mof[39m [33mOWNER_IDS[39m) {
     [90m     |[39m                           [31m[1m^[22m[39m
     [90m  99 |[39m         [36mif[39m ([33m![39mmaintenanceState[33m.[
39mallowedUsers[33m.[39mincludes(ownerId)) {
     [90m 100 |[39m             
maintenanceState[33m.[39mallowedUsers[33m.[39mpush(ownerId)[33m;[39m
     [90m 101 |[39m         }[0m

      at enableMaintenance (src/config/maintenance.ts:98:27)
      at Object.<anonymous> (tests/unit/config/maintenance.test.ts:196:30)

  ΓùÅ Maintenance Config ΓÇ║ isAllowedDuringMaintenance() ΓÇ║ should allow 
bypass users during maintenance

    TypeError: owner_js_1.OWNER_IDS is not iterable

    [0m [90m  96 |[39m
     [90m  97 |[39m     [90m// Auto-allow all owners during maintenance[39m
    [31m[1m>[22m[39m[90m  98 |[39m     [36mfor[39m ([36mconst[39m 
ownerId [36mof[39m [33mOWNER_IDS[39m) {
     [90m     |[39m                           [31m[1m^[22m[39m
     [90m  99 |[39m         [36mif[39m ([33m![39mmaintenanceState[33m.[
39mallowedUsers[33m.[39mincludes(ownerId)) {
     [90m 100 |[39m             
maintenanceState[33m.[39mallowedUsers[33m.[39mpush(ownerId)[33m;[39m
     [90m 101 |[39m         }[0m

      at enableMaintenance (src/config/maintenance.ts:98:27)
      at Object.<anonymous> (tests/unit/config/maintenance.test.ts:202:30)

  ΓùÅ Maintenance Config ΓÇ║ isFeatureDisabled() ΓÇ║ should return true for 
all features in full maintenance

    TypeError: owner_js_1.OWNER_IDS is not iterable

    [0m [90m  96 |[39m
     [90m  97 |[39m     [90m// Auto-allow all owners during maintenance[39m
    [31m[1m>[22m[39m[90m  98 |[39m     [36mfor[39m ([36mconst[39m 
ownerId [36mof[39m [33mOWNER_IDS[39m) {
     [90m     |[39m                           [31m[1m^[22m[39m
     [90m  99 |[39m         [36mif[39m ([33m![39mmaintenanceState[33m.[
39mallowedUsers[33m.[39mincludes(ownerId)) {
     [90m 100 |[39m             
maintenanceState[33m.[39mallowedUsers[33m.[39mpush(ownerId)[33m;[39m
     [90m 101 |[39m         }[0m

      at enableMaintenance (src/config/maintenance.ts:98:27)
      at Object.<anonymous> (tests/unit/config/maintenance.test.ts:213:30)

  ΓùÅ Maintenance Config ΓÇ║ isFeatureDisabled() ΓÇ║ should only disable 
listed features in partial mode

    TypeError: owner_js_1.OWNER_IDS is not iterable

    [0m [90m  96 |[39m
     [90m  97 |[39m     [90m// Auto-allow all owners during maintenance[39m
    [31m[1m>[22m[39m[90m  98 |[39m     [36mfor[39m ([36mconst[39m 
ownerId [36mof[39m [33mOWNER_IDS[39m) {
     [90m     |[39m                           [31m[1m^[22m[39m
     [90m  99 |[39m         [36mif[39m ([33m![39mmaintenanceState[33m.[
39mallowedUsers[33m.[39mincludes(ownerId)) {
     [90m 100 |[39m             
maintenanceState[33m.[39mallowedUsers[33m.[39mpush(ownerId)[33m;[39m
     [90m 101 |[39m         }[0m

      at enableMaintenance (src/config/maintenance.ts:98:27)
      at Object.<anonymous> (tests/unit/config/maintenance.test.ts:221:30)

  ΓùÅ Maintenance Config ΓÇ║ getMaintenanceStatus() ΓÇ║ should return active 
status when enabled

    TypeError: owner_js_1.OWNER_IDS is not iterable

    [0m [90m  96 |[39m
     [90m  97 |[39m     [90m// Auto-allow all owners during maintenance[39m
    [31m[1m>[22m[39m[90m  98 |[39m     [36mfor[39m ([36mconst[39m 
ownerId [36mof[39m [33mOWNER_IDS[39m) {
     [90m     |[39m                           [31m[1m^[22m[39m
     [90m  99 |[39m         [36mif[39m ([33m![39mmaintenanceState[33m.[
39mallowedUsers[33m.[39mincludes(ownerId)) {
     [90m 100 |[39m             
maintenanceState[33m.[39mallowedUsers[33m.[39mpush(ownerId)[33m;[39m
     [90m 101 |[39m         }[0m

      at enableMaintenance (src/config/maintenance.ts:98:27)
      at Object.<anonymous> (tests/unit/config/maintenance.test.ts:308:30)

  ΓùÅ Maintenance Config ΓÇ║ getMaintenanceStatus() ΓÇ║ should include time 
estimate when estimatedEnd is set

    TypeError: owner_js_1.OWNER_IDS is not iterable

    [0m [90m  96 |[39m
     [90m  97 |[39m     [90m// Auto-allow all owners during maintenance[39m
    [31m[1m>[22m[39m[90m  98 |[39m     [36mfor[39m ([36mconst[39m 
ownerId [36mof[39m [33mOWNER_IDS[39m) {
     [90m     |[39m                           [31m[1m^[22m[39m
     [90m  99 |[39m         [36mif[39m ([33m![39mmaintenanceState[33m.[
39mallowedUsers[33m.[39mincludes(ownerId)) {
     [90m 100 |[39m             
maintenanceState[33m.[39mallowedUsers[33m.[39mpush(ownerId)[33m;[39m
     [90m 101 |[39m         }[0m

      at enableMaintenance (src/config/maintenance.ts:98:27)
      at Object.<anonymous> (tests/unit/config/maintenance.test.ts:321:30)

  ΓùÅ Maintenance Config ΓÇ║ getMaintenanceStatus() ΓÇ║ should not show time 
estimate if deadline has passed

    TypeError: owner_js_1.OWNER_IDS is not iterable

    [0m [90m  96 |[39m
     [90m  97 |[39m     [90m// Auto-allow all owners during maintenance[39m
    [31m[1m>[22m[39m[90m  98 |[39m     [36mfor[39m ([36mconst[39m 
ownerId [36mof[39m [33mOWNER_IDS[39m) {
     [90m     |[39m                           [31m[1m^[22m[39m
     [90m  99 |[39m         [36mif[39m ([33m![39mmaintenanceState[33m.[
39mallowedUsers[33m.[39mincludes(ownerId)) {
     [90m 100 |[39m             
maintenanceState[33m.[39mallowedUsers[33m.[39mpush(ownerId)[33m;[39m
     [90m 101 |[39m         }[0m

      at enableMaintenance (src/config/maintenance.ts:98:27)
      at Object.<anonymous> (tests/unit/config/maintenance.test.ts:331:30)

  ΓùÅ Maintenance Config ΓÇ║ getMaintenanceStatus() ΓÇ║ should include partial 
mode info

    TypeError: owner_js_1.OWNER_IDS is not iterable

    [0m [90m  96 |[39m
     [90m  97 |[39m     [90m// Auto-allow all owners during maintenance[39m
    [31m[1m>[22m[39m[90m  98 |[39m     [36mfor[39m ([36mconst[39m 
ownerId [36mof[39m [33mOWNER_IDS[39m) {
     [90m     |[39m                           [31m[1m^[22m[39m
     [90m  99 |[39m         [36mif[39m ([33m![39mmaintenanceState[33m.[
39mallowedUsers[33m.[39mincludes(ownerId)) {
     [90m 100 |[39m             
maintenanceState[33m.[39mallowedUsers[33m.[39mpush(ownerId)[33m;[39m
     [90m 101 |[39m         }[0m

      at enableMaintenance (src/config/maintenance.ts:98:27)
      at Object.<anonymous> (tests/unit/config/maintenance.test.ts:340:30)

  ΓùÅ Maintenance Config ΓÇ║ createMaintenanceEmbed() ΓÇ║ should return an 
embed object

    TypeError: owner_js_1.OWNER_IDS is not iterable

    [0m [90m  96 |[39m
     [90m  97 |[39m     [90m// Auto-allow all owners during maintenance[39m
    [31m[1m>[22m[39m[90m  98 |[39m     [36mfor[39m ([36mconst[39m 
ownerId [36mof[39m [33mOWNER_IDS[39m) {
     [90m     |[39m                           [31m[1m^[22m[39m
     [90m  99 |[39m         [36mif[39m ([33m![39mmaintenanceState[33m.[
39mallowedUsers[33m.[39mincludes(ownerId)) {
     [90m 100 |[39m             
maintenanceState[33m.[39mallowedUsers[33m.[39mpush(ownerId)[33m;[39m
     [90m 101 |[39m         }[0m

      at enableMaintenance (src/config/maintenance.ts:98:27)
      at Object.<anonymous> (tests/unit/config/maintenance.test.ts:353:30)

  ΓùÅ Maintenance Config ΓÇ║ getMaintenanceState() ΓÇ║ should return a copy of 
state (not the reference)

    TypeError: owner_js_1.OWNER_IDS is not iterable

    [0m [90m  96 |[39m
     [90m  97 |[39m     [90m// Auto-allow all owners during maintenance[39m
    [31m[1m>[22m[39m[90m  98 |[39m     [36mfor[39m ([36mconst[39m 
ownerId [36mof[39m [33mOWNER_IDS[39m) {
     [90m     |[39m                           [31m[1m^[22m[39m
     [90m  99 |[39m         [36mif[39m ([33m![39mmaintenanceState[33m.[
39mallowedUsers[33m.[39mincludes(ownerId)) {
     [90m 100 |[39m             
maintenanceState[33m.[39mallowedUsers[33m.[39mpush(ownerId)[33m;[39m
     [90m 101 |[39m         }[0m

      at enableMaintenance (src/config/maintenance.ts:98:27)
      at Object.<anonymous> (tests/unit/config/maintenance.test.ts:364:30)

FAIL tests/unit/services/api/Rule34Service.test.ts
  Rule34Service
    search
      ΓêÜ should search and return enriched posts (14 ms)
      ΓêÜ should randomize client-side without adding sort:random tag to API 
query (6 ms)
      ΓêÜ should return empty result when API returns null (4 ms)
      ΓêÜ should throw on API error (84 ms)
      ΓêÜ should filter AI posts when excludeAi is true (10 ms)
      ΓêÜ should filter by minScore (3 ms)
      ΓêÜ should filter high quality only (4 ms)
      ΓêÜ should exclude low quality (5 ms)
      ΓêÜ should add rating filter to search tags (6 ms)
      ΓêÜ should include auth params when configured (5 ms)
      ΓêÜ should set hasMore when result count equals limit (6 ms)
    getPostById
      ΓêÜ should fetch post by ID (4 ms)
      ΓêÜ should return null when post not found (3 ms)
      ΓêÜ should throw on API error (10 ms)
    getRandom
      ΓêÜ should return shuffled random posts (2 ms)
      ΓêÜ should return empty array when no results (3 ms)
      ΓêÜ should retry multiple pages when first random attempt has no results 
(5 ms)
    getTrending
      ├ù should fetch trending posts (7 ms)
      ├ù should request recent-first sorting for timeframe queries (9 ms)
    getAutocompleteSuggestions
      ΓêÜ should return empty array for short queries (8 ms)
      ΓêÜ should fetch and transform autocomplete results (1 ms)
      ΓêÜ should return empty array on error (9 ms)
      ΓêÜ should limit to 25 suggestions (2 ms)
    getTagInfo
      ΓêÜ should fetch tag info (3 ms)
      ΓêÜ should return null when tag not found (14 ms)
      ΓêÜ should return null on API error (2 ms)
    getComments
      ΓêÜ should fetch comments for a post (3 ms)
      ΓêÜ should return empty array on error (2 ms)
    getRelatedTags
      ΓêÜ should extract related tags from search results (3 ms)
      ΓêÜ should exclude the search tag itself (1 ms)
      ΓêÜ should return empty array when no posts found (1 ms)
      ΓêÜ should sort by count descending (6 ms)
    translateTag
      ΓêÜ should translate common tags (1 ms)
      ΓêÜ should translate big breasts to large_breasts (1 ms)
      ΓêÜ should format unknown tags with underscores (2 ms)
      ΓêÜ should cache translations (3 ms)
      ΓêÜ should handle already formatted tags (1 ms)
    formatTagsForDisplay
      ΓêÜ should format tags with categories (2 ms)
      ΓêÜ should handle string input (1 ms)
      ΓêÜ should handle array input (1 ms)
      ΓêÜ should truncate to maxLength (8 ms)
      ΓêÜ should limit general tags to 15 (1 ms)
      ΓêÜ should identify artist tags (1 ms)
    getBlacklistSuggestions
      ΓêÜ should return an array of suggestion tags (2 ms)
    post enrichment
      ΓêÜ should detect video posts (11 ms)
      ΓêÜ should detect GIF posts (3 ms)
      ΓêÜ should detect animated posts (2 ms)
      ΓêÜ should detect comic posts (4 ms)
      ΓêÜ should detect high-res posts (2 ms)
      ΓêÜ should detect posts with sound (7 ms)
      ΓêÜ should detect AI generated posts (2 ms)
      ΓêÜ should extract file extension (3 ms)
    Singleton
      ΓêÜ should export a default singleton instance (5 ms)

  ΓùÅ Rule34Service ΓÇ║ getTrending ΓÇ║ should fetch trending posts

    expect(received).toBeGreaterThan(expected)

    Expected: > 0
    Received:   0

    [0m [90m 297 |[39m             [36mconst[39m result [33m=[39m 
[36mawait[39m rule34Service[33m.[39mgetTrending()[33m;[39m
     [90m 298 |[39m
    [31m[1m>[22m[39m[90m 299 |[39m             expect(result[33m.[39mpo
sts[33m.[39mlength)[33m.[39mtoBeGreaterThan([35m0[39m)[33m;[39m
     [90m     |[39m                                         
[31m[1m^[22m[39m
     [90m 300 |[39m             
expect(result[33m.[39mhasMore)[33m.[39mtoBe([36mfalse[39m)[33m;[39m
     [90m 301 |[39m         })[33m;[39m
     [90m 302 |[39m[0m

      at Object.<anonymous> 
(tests/unit/services/api/Rule34Service.test.ts:299:41)

  ΓùÅ Rule34Service ΓÇ║ getTrending ΓÇ║ should request recent-first sorting 
for timeframe queries

    expect(received).toContain(expected) // indexOf

    Expected substring: "sort%3Adate%3Adesc"
    Received string:    "https://api.rule34.xxx/index.php?page=dapi&s=post&q=in
dex&limit=100&pid=0&tags=sort%3Aid%3Adesc&json=1&user_id=test-user&api_key=test
-key"

    [0m [90m 310 |[39m
     [90m 311 |[39m             [36mconst[39m url [33m=[39m 
mockFetch[33m.[39mmock[33m.[39mcalls[[35m0[39m][[35m0[39m][33m;[39m
    [31m[1m>[22m[39m[90m 312 |[39m             
expect(url)[33m.[39mtoContain([32m'sort%3Adate%3Adesc'[39m)[33m;[39m
     [90m     |[39m                         [31m[1m^[22m[39m
     [90m 313 |[39m         })[33m;[39m
     [90m 314 |[39m     })[33m;[39m
     [90m 315 |[39m[0m

      at Object.<anonymous> 
(tests/unit/services/api/Rule34Service.test.ts:312:25)

FAIL tests/unit/repositories/moderation.test.ts
  InfractionRepository
    getNextCaseId()
      ΓêÜ should return next case ID (6 ms)
      ├ù should use FOR UPDATE for atomic access (6 ms)
      ΓêÜ should return 1 when no rows exist (1 ms)
    create()
      ├ù should insert infraction with all fields (1 ms)
      ├ù should use atomic case_id generation in INSERT (3 ms)
      ├ù should default metadata to empty object (1 ms)
    getByCaseId()
      ΓêÜ should return infraction by case ID (3 ms)
      ΓêÜ should return null when not found (2 ms)
    getByUser()
      ΓêÜ should get user infractions with default options (7 ms)
      ΓêÜ should filter by type when specified (2 ms)
      ΓêÜ should filter active only when specified (1 ms)
      ΓêÜ should respect limit and offset (2 ms)
    countActiveWarnings()
      ΓêÜ should return active warning count (3 ms)
      ΓêÜ should return 0 when no warnings (3 ms)
    update()
      ΓêÜ should update allowed fields (4 ms)
      ΓêÜ should return null when no fields to update (1 ms)
    deactivate()
      ΓêÜ should soft-delete by setting active to false (1 ms)
      ΓêÜ should return false when case not found (2 ms)
    clearWarnings()
      ΓêÜ should deactivate all active warnings for user (5 ms)
    getExpired()
      ΓêÜ should return infractions past expiry (6 ms)
    expireOld()
      ΓêÜ should deactivate expired infractions (1 ms)
    search()
      ΓêÜ should search with all criteria (3 ms)
      ΓêÜ should search with minimal criteria (1 ms)
      ΓêÜ should use ILIKE for reason search (1 ms)
    getStats()
      ΓêÜ should return statistics by type (3 ms)
  FilterRepository
    getAll()
      ΓêÜ should return all filters for guild (6 ms)
    getById()
      ΓêÜ should return filter by ID (8 ms)
      ΓêÜ should return null when not found (3 ms)
    getByPattern()
      ΓêÜ should find filter case-insensitively (2 ms)
    add()
      ΓêÜ should insert filter with defaults (2 ms)
      ΓêÜ should upsert on conflict (1 ms)
      ΓêÜ should accept custom options (2 ms)
    addBulk()
      ΓêÜ should insert multiple filters (8 ms)
      ΓêÜ should return 0 for empty array (1 ms)
    remove()
      ΓêÜ should delete filter by ID (3 ms)
      ΓêÜ should return false when filter not found (3 ms)
    removeByPattern()
      ΓêÜ should delete filter by pattern (case-insensitive) (2 ms)
    removeAll()
      ΓêÜ should delete all filters for guild (2 ms)
    count()
      ΓêÜ should return filter count (6 ms)
    getBySeverity()
      ΓêÜ should return filters above severity threshold (1 ms)
    search()
      ΓêÜ should search filters by pattern (case-insensitive) (1 ms)

  ΓùÅ InfractionRepository ΓÇ║ getNextCaseId() ΓÇ║ should use FOR UPDATE for 
atomic access

    expect(jest.fn()).toHaveBeenCalledWith(...expected)

    Expected: StringContaining "FOR UPDATE", Any<Array>
    Received: "SELECT COALESCE(MAX(case_id), 0) + 1 as next_id
             FROM mod_infractions
             WHERE guild_id = $1", ["guild-123"]

    Number of calls: 1

    [0m [90m 40 |[39m             [36mawait[39m [33mInfractionRepository
[39m[33m.[39mgetNextCaseId([32m'guild-123'[39m)[33m;[39m
     [90m 41 |[39m
    [31m[1m>[22m[39m[90m 42 |[39m             
expect(mockQuery)[33m.[39mtoHaveBeenCalledWith(
     [90m    |[39m                               [31m[1m^[22m[39m
     [90m 43 |[39m                 
expect[33m.[39mstringContaining([32m'FOR UPDATE'[39m)[33m,[39m
     [90m 44 |[39m                 expect[33m.[39many([33mArray[39m)
     [90m 45 |[39m             )[33m;[39m[0m

      at Object.<anonymous> (tests/unit/repositories/moderation.test.ts:42:31)

  ΓùÅ InfractionRepository ΓÇ║ create() ΓÇ║ should insert infraction with all 
fields

    TypeError: Cannot read properties of undefined (reading 'rows')

    [0m [90m 59 |[39m             )[33m;[39m
     [90m 60 |[39m
    [31m[1m>[22m[39m[90m 61 |[39m             [36mreturn[39m 
result[33m.[39mrows[[35m0[39m] [36mas[39m unknown [36mas[39m 
[33mInfraction[39m[33m;[39m
     [90m    |[39m                           [31m[1m^[22m[39m
     [90m 62 |[39m         } [36mcatch[39m (error) {
     [90m 63 |[39m             [36mconst[39m message [33m=[39m (error 
[36mas[39m [33mError[39m)[33m.[39mmessage [33m||[39m 
[32m''[39m[33m;[39m
     [90m 64 |[39m             [36mconst[39m isCaseConflict [33m=[39m 
message[33m.[39mincludes([32m'unique_guild_case'[39m) [33m||[39m 
message[33m.[39mincludes([32m'duplicate key value'[39m)[33m;[39m[0m

      at Object.create 
(src/repositories/moderation/InfractionRepository.ts:61:27)
      at Object.<anonymous> (tests/unit/repositories/moderation.test.ts:71:28)

  ΓùÅ InfractionRepository ΓÇ║ create() ΓÇ║ should use atomic case_id 
generation in INSERT

    TypeError: Cannot read properties of undefined (reading 'rows')

    [0m [90m 59 |[39m             )[33m;[39m
     [90m 60 |[39m
    [31m[1m>[22m[39m[90m 61 |[39m             [36mreturn[39m 
result[33m.[39mrows[[35m0[39m] [36mas[39m unknown [36mas[39m 
[33mInfraction[39m[33m;[39m
     [90m    |[39m                           [31m[1m^[22m[39m
     [90m 62 |[39m         } [36mcatch[39m (error) {
     [90m 63 |[39m             [36mconst[39m message [33m=[39m (error 
[36mas[39m [33mError[39m)[33m.[39mmessage [33m||[39m 
[32m''[39m[33m;[39m
     [90m 64 |[39m             [36mconst[39m isCaseConflict [33m=[39m 
message[33m.[39mincludes([32m'unique_guild_case'[39m) [33m||[39m 
message[33m.[39mincludes([32m'duplicate key value'[39m)[33m;[39m[0m

      at Object.create 
(src/repositories/moderation/InfractionRepository.ts:61:27)
      at Object.<anonymous> (tests/unit/repositories/moderation.test.ts:89:13)

  ΓùÅ InfractionRepository ΓÇ║ create() ΓÇ║ should default metadata to empty 
object

    TypeError: Cannot read properties of undefined (reading 'rows')

    [0m [90m 59 |[39m             )[33m;[39m
     [90m 60 |[39m
    [31m[1m>[22m[39m[90m 61 |[39m             [36mreturn[39m 
result[33m.[39mrows[[35m0[39m] [36mas[39m unknown [36mas[39m 
[33mInfraction[39m[33m;[39m
     [90m    |[39m                           [31m[1m^[22m[39m
     [90m 62 |[39m         } [36mcatch[39m (error) {
     [90m 63 |[39m             [36mconst[39m message [33m=[39m (error 
[36mas[39m [33mError[39m)[33m.[39mmessage [33m||[39m 
[32m''[39m[33m;[39m
     [90m 64 |[39m             [36mconst[39m isCaseConflict [33m=[39m 
message[33m.[39mincludes([32m'unique_guild_case'[39m) [33m||[39m 
message[33m.[39mincludes([32m'duplicate key value'[39m)[33m;[39m[0m

      at Object.create 
(src/repositories/moderation/InfractionRepository.ts:61:27)
      at Object.<anonymous> (tests/unit/repositories/moderation.test.ts:106:13)

FAIL tests/unit/services/api/EmbedService.test.ts
  EmbedService
    convert
      ΓêÜ should convert twitter.com URLs to fxtwitter.com (8 ms)
      ΓêÜ should convert x.com URLs to fixupx.com (1 ms)
      ΓêÜ should handle twitter.com with www prefix (3 ms)
      ΓêÜ should convert tiktok.com URLs to tfxktok.com (2 ms)
      ΓêÜ should convert vm.tiktok.com short links (2 ms)
      ΓêÜ should convert instagram.com/p/ URLs to ddinstagram.com (1 ms)
      ΓêÜ should convert instagram.com/reel/ URLs (2 ms)
      ΓêÜ should convert instagr.am short links (1 ms)
      ΓêÜ should convert reddit.com URLs to rxddit.com (1 ms)
      ΓêÜ should convert old.reddit.com URLs (1 ms)
      ΓêÜ should convert redd.it short links (1 ms)
      ΓêÜ should convert bsky.app URLs to fxbsky.app (10 ms)
      ΓêÜ should convert threads.net URLs to fixthreads.net (2 ms)
      ΓêÜ should return error for unsupported URLs (2 ms)
      ΓêÜ should return error for non-social-media URLs
      ΓêÜ should return error for plain text (1 ms)
      ΓêÜ should preserve query params and fragments (3 ms)
      ΓêÜ should trim whitespace from URLs (1 ms)
    convertAll
      ΓêÜ should convert all supported URLs in a text (2 ms)
      ΓêÜ should skip unsupported URLs (1 ms)
      ΓêÜ should de-duplicate URLs (2 ms)
      ΓêÜ should return empty array for text without URLs (1 ms)
      ΓêÜ should strip trailing punctuation from URLs (2 ms)
    isSupported
      ΓêÜ should return true for supported platforms (2 ms)
      ├ù should return false for unsupported platforms (4 ms)
    getSupportedPlatforms
      ├ù should return all 6 platforms (11 ms)
      ΓêÜ should include required fields for each platform (22 ms)
      ΓêÜ should include twitter, tiktok, instagram, reddit, bluesky, threads 
(6 ms)
    getStats
      ΓêÜ should track conversion stats (1 ms)

  ΓùÅ EmbedService ΓÇ║ isSupported ΓÇ║ should return false for unsupported 
platforms

    expect(received).toBe(expected) // Object.is equality

    Expected: false
    Received: true

    [0m [90m 193 |[39m         it([32m'should return false for unsupported 
platforms'[39m[33m,[39m () [33m=>[39m {
     [90m 194 |[39m             expect(embedService[33m.[39misSupported([3
2m'https://youtube.com/watch?v=abc'[39m))[33m.[39mtoBe([36mfalse[39m)[33m
;[39m
    [31m[1m>[22m[39m[90m 195 |[39m             expect(embedService[33m.
[39misSupported([32m'https://facebook.com/post/123'[39m))[33m.[39mtoBe([36
mfalse[39m)[33m;[39m
     [90m     |[39m                                                          
                     [31m[1m^[22m[39m
     [90m 196 |[39m         })[33m;[39m
     [90m 197 |[39m     })[33m;[39m
     [90m 198 |[39m[0m

      at Object.<anonymous> 
(tests/unit/services/api/EmbedService.test.ts:195:79)

  ΓùÅ EmbedService ΓÇ║ getSupportedPlatforms ΓÇ║ should return all 6 platforms

    expect(received).toHaveLength(expected)

    Expected length: 6
    Received length: 7
    Received array:  [{"emoji": "≡¥òÅ", "id": "twitter", "name": "Twitter / 
X", "reliable": true, "service": "FixTweet / FixupX"}, {"emoji": "≡ƒÄ╡", "id": 
"tiktok", "name": "TikTok", "reliable": true, "service": "tfxktok"}, {"emoji": 
"≡ƒô╖", "id": "instagram", "name": "Instagram", "reliable": true, "service": 
"ddInstagram"}, {"emoji": "≡ƒñû", "id": "reddit", "name": "Reddit", 
"reliable": true, "service": "rxddit"}, {"emoji": "≡ƒªï", "id": "bluesky", 
"name": "Bluesky", "reliable": true, "service": "fxBsky"}, {"emoji": "≡ƒôÿ", 
"id": "facebook", "name": "Facebook", "reliable": true, "service": "Facebed"}, 
{"emoji": "≡ƒº╡", "id": "threads", "name": "Threads", "reliable": true, 
"service": "FixThreads"}]

    [0m [90m 200 |[39m         it([32m'should return all 6 
platforms'[39m[33m,[39m () [33m=>[39m {
     [90m 201 |[39m             [36mconst[39m platforms [33m=[39m 
embedService[33m.[39mgetSupportedPlatforms()[33m;[39m
    [31m[1m>[22m[39m[90m 202 |[39m             
expect(platforms)[33m.[39mtoHaveLength([35m6[39m)[33m;[39m
     [90m     |[39m                               [31m[1m^[22m[39m
     [90m 203 |[39m         })[33m;[39m
     [90m 204 |[39m
     [90m 205 |[39m         it([32m'should include required fields for each 
platform'[39m[33m,[39m () [33m=>[39m {[0m

      at Object.<anonymous> 
(tests/unit/services/api/EmbedService.test.ts:202:31)

FAIL tests/unit/services/music/AutoPlayService.test.ts
  AutoPlayService
    findSimilarTrack
      ΓêÜ should find a similar track via searchMultiple (9 ms)
      ΓêÜ should return null when rate limited (3 ms)
      ΓêÜ should return null when no title (1 ms)
      ΓêÜ should filter out recently played tracks (3 ms)
      ΓêÜ should filter out the current track itself (1 ms)
      ΓêÜ should fall back to single search when searchMultiple returns empty 
(5 ms)
      ΓêÜ should try fallback search when all strategies fail (1 ms)
      ├ù should handle genres in title (4 ms)
      ΓêÜ should clean title metadata before searching (2 ms)
      ΓêÜ should handle track with info nested structure (2 ms)
      ΓêÜ should build diverse search strategies (4 ms)
      ΓêÜ should update lastAutoplaySearch timestamp (5 ms)
      ΓêÜ should handle errors in search gracefully (1 ms)
      ├ù should try up to 5 shuffled strategies (2 ms)
      ΓêÜ should handle no queue gracefully (2 ms)
      ΓêÜ should extract multiple genre keywords (2 ms)

  ΓùÅ AutoPlayService ΓÇ║ findSimilarTrack ΓÇ║ should handle genres in title

    expect(received).not.toBeNull()

    Received: null

    [0m [90m 127 |[39m
     [90m 128 |[39m             [36mconst[39m result [33m=[39m 
[36mawait[39m 
autoPlayService[33m.[39mfindSimilarTrack([32m'guild1'[39m[33m,[39m 
lofiTrack)[33m;[39m
    [31m[1m>[22m[39m[90m 129 |[39m             
expect(result)[33m.[39mnot[33m.[39mtoBeNull()[33m;[39m
     [90m     |[39m                                [31m[1m^[22m[39m
     [90m 130 |[39m         })[33m;[39m
     [90m 131 |[39m
     [90m 132 |[39m         it([32m'should clean title metadata before 
searching'[39m[33m,[39m [36masync[39m () [33m=>[39m {[0m

      at Object.<anonymous> 
(tests/unit/services/music/AutoPlayService.test.ts:129:32)

  ΓùÅ AutoPlayService ΓÇ║ findSimilarTrack ΓÇ║ should try up to 5 shuffled 
strategies

    expect(received).toBeLessThanOrEqual(expected)

    Expected: <= 7
    Received:    8

    [0m [90m 186 |[39m             [36mconst[39m callCount [33m=[39m moc
kLavalinkService[33m.[39msearchMultiple[33m.[39mmock[33m.[39mcalls[33m.
[39mlength[33m;[39m
     [90m 187 |[39m             
expect(callCount)[33m.[39mtoBeGreaterThanOrEqual([35m1[39m)[33m;[39m
    [31m[1m>[22m[39m[90m 188 |[39m             
expect(callCount)[33m.[39mtoBeLessThanOrEqual([35m7[39m)[33m;[39m 
[90m// 5 strategies + fallback attempts[39m
     [90m     |[39m                               [31m[1m^[22m[39m
     [90m 189 |[39m         })[33m;[39m
     [90m 190 |[39m
     [90m 191 |[39m         it([32m'should handle no queue 
gracefully'[39m[33m,[39m [36masync[39m () [33m=>[39m {[0m

      at Object.<anonymous> 
(tests/unit/services/music/AutoPlayService.test.ts:188:31)

PASS tests/unit/database/postgres.test.ts (7.679 s)
  validateTable()
    ΓêÜ should accept all whitelisted tables (11 ms)
    ΓêÜ should reject non-whitelisted tables (100 ms)
    ΓêÜ should reject SQL injection attempts (4 ms)
    ΓêÜ should be case-sensitive (3 ms)
  validateIdentifier()
    ΓêÜ should accept valid identifiers (10 ms)
    ΓêÜ should reject identifiers starting with numbers (7 ms)
    ΓêÜ should reject identifiers with special characters (11 ms)
    ΓêÜ should reject SQL injection in identifiers (7 ms)
    ΓêÜ should reject empty identifiers (1 ms)
  ALLOWED_TABLES
    ΓêÜ should contain core tables (4 ms)
    ΓêÜ should contain moderation tables (2 ms)
    ΓêÜ should contain music tables (4 ms)
    ΓêÜ should be frozen (immutable) (2 ms)
  TRANSIENT_ERROR_CODES
    ΓêÜ should include serialization failures (1 ms)
    ΓêÜ should include deadlock (1 ms)
    ΓêÜ should include connection failures (2 ms)
    ΓêÜ should include resource exhaustion (2 ms)
  PostgresDatabase
    initial state
      ΓêÜ should start disconnected (2 ms)
      ΓêÜ should have read replica disabled (1 ms)
      ΓêÜ should have default retry config (2 ms)
    initialize()
      ΓêÜ should connect to database (6 ms)
      ΓêÜ should register with graceful degradation (5 ms)
      ΓêÜ should be idempotent (1 ms)
      ΓêÜ should throw on connection failure (3 ms)
    query()
      ΓêÜ should execute a query (14 ms)
      ΓêÜ should throw when database not initialized (5 ms)
      ΓêÜ should reset failure count on success (2 ms)
      ΓêÜ should throw on query error (4 ms)
      ΓêÜ should not retry when noRetry is set (5 ms)
    query() - retry behavior
      ΓêÜ should retry on transient errors (26 ms)
      ΓêÜ should retry on connection refused errors (13 ms)
      ΓêÜ should not retry on non-transient errors (2 ms)
      ΓêÜ should exhaust retries and throw on persistent transient error (42 
ms)
      ΓêÜ should respect custom retry count (26 ms)
    getOne()
      ΓêÜ should return first row (5 ms)
      ΓêÜ should return null when no rows (1 ms)
    getMany()
      ΓêÜ should return all rows (2 ms)
      ΓêÜ should return empty array when no rows (2 ms)
    insert()
      ΓêÜ should insert and return row (5 ms)
      ΓêÜ should reject invalid table (4 ms)
      ΓêÜ should reject invalid column names (5 ms)
    update()
      ΓêÜ should update and return row (4 ms)
      ΓêÜ should return null when no rows match (2 ms)
      ΓêÜ should reject invalid table (7 ms)
    delete()
      ΓêÜ should delete and return count (3 ms)
      ΓêÜ should return 0 when no rows deleted (1 ms)
      ΓêÜ should reject invalid table (3 ms)
    upsert()
      ΓêÜ should upsert with conflict resolution (5 ms)
      ΓêÜ should handle upsert with only conflict key (2 ms)
      ΓêÜ should reject invalid table (10 ms)
    transaction()
      ΓêÜ should execute callback within transaction (2 ms)
      ΓêÜ should rollback on error (4 ms)
      ΓêÜ should release client after success (2 ms)
      ΓêÜ should release client after failure (2 ms)
      ΓêÜ should throw when not initialized (2 ms)
    healthCheck()
      ΓêÜ should return true when database responds (3 ms)
      ΓêÜ should return false when database is down (6801 ms)
    safe* methods - graceful degradation
      safeInsert()
        ΓêÜ should perform normal insert when healthy (2 ms)
        ΓêÜ should queue write when database unavailable (1 ms)
      safeUpdate()
        ΓêÜ should perform normal update when healthy (1 ms)
        ΓêÜ should queue write when database unavailable (1 ms)
      safeDelete()
        ΓêÜ should perform normal delete when healthy (1 ms)
        ΓêÜ should queue write when database unavailable
    getStatus()
      ΓêÜ should return status when not initialized (1 ms)
      ΓêÜ should return connected status after init (1 ms)
    close()
      ΓêÜ should close pool
      ΓêÜ should handle close when not initialized
    _isReadOnlyQuery() (via _getPool routing)
      ΓêÜ should classify SELECT as read-only (1 ms)
      ΓêÜ should classify INSERT/UPDATE/DELETE as not read-only (1 ms)
      ΓêÜ should classify SELECT FOR UPDATE as not read-only (1 ms)
      ΓêÜ should classify CTE with mutations as not read-only (1 ms)
    _isTransientError()
      ΓêÜ should detect transient PostgreSQL error codes (1 ms)
      ΓêÜ should detect transient errors by message (2 ms)
      ΓêÜ should not classify syntax errors as transient (1 ms)
    _calculateRetryDelay()
      ΓêÜ should calculate exponential backoff (1 ms)
      ΓêÜ should not exceed maxDelayMs
      ΓêÜ should add jitter
    connection error handling
      ΓêÜ should track consecutive failures (1 ms)
      ΓêÜ should mark degraded after max failures

PASS tests/unit/services/api/MyAnimeListService.test.ts (9.28 s)
  MyAnimeListService
    searchMedia
      ΓêÜ should return cached result when available (5 ms)
      ΓêÜ should fetch and transform anime data (12 ms)
      ΓêÜ should cache the fetched result (418 ms)
      ΓêÜ should return null when no results found (406 ms)
      ΓêÜ should return null on API error (404 ms)
      ΓêÜ should handle manga type search (407 ms)
      ΓêÜ should handle lightnovel type (401 ms)
      ΓêÜ should transform relations correctly (405 ms)
      ΓêÜ should transform trailer correctly (401 ms)
      ΓêÜ should set trailer to null when no youtube_id (407 ms)
      ΓêÜ should map anime status correctly (404 ms)
      ΓêÜ should map manga status correctly (405 ms)
      ΓêÜ should parse dates correctly (407 ms)
      ΓêÜ should handle missing optional fields gracefully (406 ms)
    searchAnime
      ΓêÜ should delegate to searchMedia with anime type (404 ms)
    searchMediaAutocomplete
      ΓêÜ should return cached autocomplete results (2 ms)
      ΓêÜ should fetch and transform autocomplete results (403 ms)
      ΓêÜ should cache autocomplete results (405 ms)
      ΓêÜ should not cache empty results (404 ms)
      ΓêÜ should return empty array on API failure (404 ms)
      ΓêÜ should respect limit parameter (407 ms)
    getAnimeById
      ΓêÜ should return cached anime by ID (1 ms)
      ΓêÜ should fetch anime by ID from API (408 ms)
      ΓêÜ should return null on API error (401 ms)
      ΓêÜ should cache fetched anime (407 ms)
    searchAnimeAutocomplete
      ΓêÜ should delegate to searchMediaAutocomplete (403 ms)

PASS tests/unit/events/voiceStateUpdate.test.ts (5.519 s)
  VoiceStateUpdateEvent
    constructor
      ΓêÜ should have the correct event name (1053 ms)
      ΓêÜ should not be a once event (561 ms)
    execute()
      ΓêÜ should skip if no old channel (user joining for first time) (503 ms)
      ΓêÜ should skip if bot is not in the old channel (452 ms)
      ΓêÜ should skip if bot is in a different channel (473 ms)
      ΓêÜ should schedule disconnect when channel becomes empty (518 ms)
      ΓêÜ should cancel disconnect when humans are present (500 ms)
    destroy()
      ΓêÜ should clear polling interval and local timers (374 ms)
    _checkExpiredDeadlines()
      ΓêÜ should disconnect when deadline has expired (401 ms)
      ΓêÜ should not disconnect when deadline has not expired (315 ms)

PASS tests/unit/cache/CacheService.test.ts
  CacheService
    constructor
      ΓêÜ should initialize with default namespaces (4 ms)
      ΓêÜ should initialize metrics to zero (1 ms)
      ΓêÜ should start without Redis connection (1 ms)
    setRedis()
      ΓêÜ should accept Redis client (4 ms)
      ΓêÜ should handle null Redis client (1 ms)
    get() - memory only
      ΓêÜ should return null for non-existent key (2 ms)
      ΓêÜ should return cached value (1 ms)
      ΓêÜ should track cache misses (1 ms)
      ΓêÜ should track cache hits (1 ms)
    get() - with Redis
      ΓêÜ should fetch from Redis first (5 ms)
      ΓêÜ should fallback to memory when Redis fails (4 ms)
      ΓêÜ should skip Redis for temp namespace (2 ms)
    set()
      ΓêÜ should store value in memory (1 ms)
      ΓêÜ should track writes (1 ms)
      ΓêÜ should use namespace default TTL
      ΓêÜ should accept custom TTL (1113 ms)
      ΓêÜ should evict when at capacity (1 ms)
    delete()
      ΓêÜ should delete from memory cache (1 ms)
      ΓêÜ should track deletes (2 ms)
      ΓêÜ should not error when deleting non-existent key
    has()
      ΓêÜ should return true for existing key (1 ms)
      ΓêÜ should return false for non-existent key (1 ms)
    getOrSet()
      ΓêÜ should return cached value without calling factory (3 ms)
      ΓêÜ should call factory and cache result on miss (1 ms)
      ΓêÜ should pass TTL to cache (1105 ms)
    increment()
      ΓêÜ should increment counter from 0 (2 ms)
      ΓêÜ should increment existing counter (1 ms)
      ΓêÜ should use Redis when available (6 ms)
    clearNamespace()
      ΓêÜ should clear all keys in namespace (3 ms)
    registerNamespace()
      ΓêÜ should register new namespace (1 ms)
      ΓêÜ should use default values for missing config
    getStats()
      ΓêÜ should return comprehensive statistics (2 ms)
      ΓêÜ should calculate hit rate correctly (1 ms)
      ΓêÜ should track per-namespace stats in topMissNamespaces (1 ms)
      ΓêÜ should track specializedOps for rate limit checks (1 ms)
      ΓêÜ should count getOrSet misses as real misses (4 ms)
    DEFAULT_NAMESPACES
      ΓêÜ should have correct TTL configurations (2 ms)
      ΓêÜ should have Redis enabled for most namespaces (2 ms)
    memory cache expiration
      ΓêÜ should return null for expired entries (1106 ms)
    key building
      ΓêÜ should build keys with namespace prefix (2 ms)

PASS tests/unit/commands/admin/raid.test.ts
  RaidCommand
    metadata
      ΓêÜ should have correct command name (8 ms)
      ΓêÜ should have ADMIN category (1 ms)
      ΓêÜ should require Administrator permission (1 ms)
      ΓêÜ should have on, off, status, clean subcommands (5 ms)
    on subcommand
      ΓêÜ should reject when no guild (2 ms)
      ΓêÜ should warn if raid mode already active (2 ms)
      ΓêÜ should activate raid mode (3 ms)
      ΓêÜ should also lock server when lockdown option is true (2 ms)
      ΓêÜ should not lock server when lockdown option is false (2 ms)
    off subcommand
      ΓêÜ should reject when no guild (2 ms)
      ΓêÜ should inform when raid mode is not active (2 ms)
      ΓêÜ should deactivate raid mode (2 ms)
      ΓêÜ should also unlock server when unlock option is true (1 ms)
    status subcommand
      ΓêÜ should reject when no guild (1 ms)
      ΓêÜ should show inactive status (1 ms)
      ΓêÜ should show active raid status with stats (1 ms)
    clean subcommand
      ΓêÜ should reject when no guild (1 ms)
      ΓêÜ should show message when no flagged users (3 ms)
      ΓêÜ should kick flagged users (515 ms)
      ΓêÜ should ban flagged users when action is ban (512 ms)
      ΓêÜ should skip users with roles (2 ms)
      ΓêÜ should handle member not found (2 ms)

PASS tests/unit/core/logger.test.ts
  LOG_LEVELS
    ΓêÜ should define all 6 levels (29 ms)
    ΓêÜ should have ascending priority (1 ms)
  Logger
    constructor
      ΓêÜ should create a Logger instance with defaults (1 ms)
    _shouldLog (via console)
      ΓêÜ should log at default level (INFO and above) (1 ms)
      ΓêÜ should suppress DEBUG when min level is INFO (1 ms)
      ΓêÜ should log ERROR regardless of min level (6 ms)
      ΓêÜ should log CRITICAL (1 ms)
    format: text
      ΓêÜ should produce text format by default (2 ms)
    format: json
      ΓêÜ should produce JSON structured output (1 ms)
      ΓêÜ should include metadata in JSON output (1 ms)
    setFormat()
      ΓêÜ should switch format dynamically (1 ms)
    convenience methods
      ΓêÜ info() should log at INFO (1 ms)
      ΓêÜ success() should log at SUCCESS
      ΓêÜ warn() should log at WARN (1 ms)
      ΓêÜ error() should log at ERROR (1 ms)
      ΓêÜ critical() should log at CRITICAL (2 ms)
      ΓêÜ debug() should be filtered at default level
    logRequest()
      ΓêÜ should log successful request as INFO (2 ms)
      ΓêÜ should log errored request as ERROR (1 ms)
    logCommand()
      ΓêÜ should log successful command as INFO (2 ms)
      ΓêÜ should log failed command as ERROR (5 ms)
    Discord queue capping
      ΓêÜ should cap discord log queue at MAX_DISCORD_QUEUE_SIZE (9 ms)
    log()
      ΓêÜ should delegate to console() (2 ms)
    performance()
      ΓêÜ should warn for slow operations (>5000ms) (1 ms)
      ΓêÜ should debug for fast operations (2 ms)
    initialize()
      ΓêÜ should set client and attempt to fetch log channel (2 ms)

  console.info
    [2026-04-22T10:44:49.692Z] Γä╣∩╕Å [CircuitBreaker] [test] State changed: CLOSED ΓåÆ OPEN

      at Logger.console (src/core/Logger.ts:168:34)

  console.info
    [2026-04-22T10:44:49.765Z] Γä╣∩╕Å [CircuitBreaker] [test] State changed: CLOSED ΓåÆ OPEN

      at Logger.console (src/core/Logger.ts:168:34)

  console.info
    [2026-04-22T10:44:49.769Z] Γä╣∩╕Å [CircuitBreaker] [test] State changed: CLOSED ΓåÆ OPEN

      at Logger.console (src/core/Logger.ts:168:34)

  console.info
    [2026-04-22T10:44:49.806Z] Γä╣∩╕Å [CircuitBreaker] [test] State changed: CLOSED ΓåÆ OPEN

      at Logger.console (src/core/Logger.ts:168:34)

  console.info
    [2026-04-22T10:44:49.810Z] Γä╣∩╕Å [CircuitBreaker] [test] State changed: CLOSED ΓåÆ OPEN

      at Logger.console (src/core/Logger.ts:168:34)

  console.info
    [2026-04-22T10:44:49.815Z] Γä╣∩╕Å [CircuitBreaker] [test] State changed: CLOSED ΓåÆ OPEN

      at Logger.console (src/core/Logger.ts:168:34)

  console.info
    [2026-04-22T10:44:49.819Z] Γä╣∩╕Å [CircuitBreaker] [fallback-test] State changed: CLOSED ΓåÆ OPEN

      at Logger.console (src/core/Logger.ts:168:34)

  console.info
    [2026-04-22T10:44:49.828Z] Γä╣∩╕Å [CircuitBreaker] [fast-test] State changed: CLOSED ΓåÆ OPEN

      at Logger.console (src/core/Logger.ts:168:34)

  console.info
    [2026-04-22T10:44:49.988Z] Γä╣∩╕Å [CircuitBreaker] [fast-test] State changed: OPEN ΓåÆ HALF_OPEN

      at Logger.console (src/core/Logger.ts:168:34)

  console.info
    [2026-04-22T10:44:49.990Z] Γä╣∩╕Å [CircuitBreaker] [fast-test] State changed: HALF_OPEN ΓåÆ CLOSED

      at Logger.console (src/core/Logger.ts:168:34)

  console.info
    [2026-04-22T10:44:49.995Z] Γä╣∩╕Å [CircuitBreaker] [half-open-test] State changed: CLOSED ΓåÆ OPEN

      at Logger.console (src/core/Logger.ts:168:34)

  console.info
    [2026-04-22T10:44:50.067Z] Γä╣∩╕Å [CircuitBreaker] [half-open-test] State changed: OPEN ΓåÆ HALF_OPEN

      at Logger.console (src/core/Logger.ts:168:34)

  console.info
    [2026-04-22T10:44:50.069Z] Γä╣∩╕Å [CircuitBreaker] [half-open-test] State changed: HALF_OPEN ΓåÆ CLOSED

      at Logger.console (src/core/Logger.ts:168:34)

  console.info
    [2026-04-22T10:44:50.071Z] Γä╣∩╕Å [CircuitBreaker] [reopen-test] State changed: CLOSED ΓåÆ OPEN

      at Logger.console (src/core/Logger.ts:168:34)

  console.info
    [2026-04-22T10:44:50.146Z] Γä╣∩╕Å [CircuitBreaker] [reopen-test] State changed: OPEN ΓåÆ HALF_OPEN

      at Logger.console (src/core/Logger.ts:168:34)

  console.info
    [2026-04-22T10:44:50.147Z] Γä╣∩╕Å [CircuitBreaker] [reopen-test] State changed: HALF_OPEN ΓåÆ OPEN

      at Logger.console (src/core/Logger.ts:168:34)

  console.info
    [2026-04-22T10:44:50.257Z] Γä╣∩╕Å [CircuitBreaker] [test] State changed: CLOSED ΓåÆ OPEN

      at Logger.console (src/core/Logger.ts:168:34)

  console.info
    [2026-04-22T10:44:50.261Z] Γä╣∩╕Å [CircuitBreaker] [test] State changed: CLOSED ΓåÆ OPEN

      at Logger.console (src/core/Logger.ts:168:34)

  console.info
    [2026-04-22T10:44:50.262Z] Γä╣∩╕Å [CircuitBreaker] [test] State changed: OPEN ΓåÆ CLOSED

      at Logger.console (src/core/Logger.ts:168:34)

  console.info
    [2026-04-22T10:44:50.272Z] Γä╣∩╕Å [CircuitBreaker] [selective-trip] State changed: CLOSED ΓåÆ OPEN

      at Logger.console (src/core/Logger.ts:168:34)

  console.info
    [2026-04-22T10:44:50.277Z] Γä╣∩╕Å [CircuitBreaker] [discord-ratelimit] State changed: CLOSED ΓåÆ OPEN

      at Logger.console (src/core/Logger.ts:168:34)

  console.info
    [2026-04-22T10:44:50.281Z] Γä╣∩╕Å [CircuitBreaker] [test] State changed: CLOSED ΓåÆ OPEN

      at Logger.console (src/core/Logger.ts:168:34)

  console.info
    [2026-04-22T10:44:50.283Z] Γä╣∩╕Å [CircuitBreaker] [test] State changed: OPEN ΓåÆ CLOSED

      at Logger.console (src/core/Logger.ts:168:34)

  console.info
    [2026-04-22T10:44:50.287Z] Γä╣∩╕Å [CircuitBreaker] [test] State changed: CLOSED ΓåÆ OPEN

      at Logger.console (src/core/Logger.ts:168:34)

  console.info
    [2026-04-22T10:44:50.290Z] Γä╣∩╕Å [CircuitBreaker] [test] State changed: OPEN ΓåÆ CLOSED

      at Logger.console (src/core/Logger.ts:168:34)

  console.info
    [2026-04-22T10:44:50.292Z] Γä╣∩╕Å [CircuitBreaker] [test] State changed: CLOSED ΓåÆ OPEN

      at Logger.console (src/core/Logger.ts:168:34)

  console.info
    [2026-04-22T10:44:50.294Z] Γä╣∩╕Å [CircuitBreaker] [test] State changed: OPEN ΓåÆ CLOSED

      at Logger.console (src/core/Logger.ts:168:34)

  console.info
    [2026-04-22T10:44:50.296Z] Γä╣∩╕Å [CircuitBreaker] [test] State changed: CLOSED ΓåÆ OPEN

      at Logger.console (src/core/Logger.ts:168:34)

  console.info
    [2026-04-22T10:44:50.298Z] Γä╣∩╕Å [CircuitBreaker] [test] State changed: OPEN ΓåÆ CLOSED

      at Logger.console (src/core/Logger.ts:168:34)

  console.info
    [2026-04-22T10:44:50.299Z] Γä╣∩╕Å [CircuitBreaker] [test] State changed: CLOSED ΓåÆ OPEN

      at Logger.console (src/core/Logger.ts:168:34)

  console.info
    [2026-04-22T10:44:50.350Z] Γä╣∩╕Å [CircuitBreaker] [test] State changed: OPEN ΓåÆ CLOSED

      at Logger.console (src/core/Logger.ts:168:34)

  console.info
    [2026-04-22T10:44:50.353Z] Γä╣∩╕Å [CircuitBreaker] [test] State changed: CLOSED ΓåÆ OPEN

      at Logger.console (src/core/Logger.ts:168:34)

  console.info
    [2026-04-22T10:44:50.354Z] Γä╣∩╕Å [CircuitBreaker] [test] State changed: OPEN ΓåÆ CLOSED

      at Logger.console (src/core/Logger.ts:168:34)

  console.info
    [2026-04-22T10:44:50.356Z] Γä╣∩╕Å [CircuitBreaker] [test] State changed: CLOSED ΓåÆ OPEN

      at Logger.console (src/core/Logger.ts:168:34)

  console.info
    [2026-04-22T10:44:50.358Z] Γä╣∩╕Å [CircuitBreaker] [test] State changed: OPEN ΓåÆ CLOSED

      at Logger.console (src/core/Logger.ts:168:34)

  console.info
    [2026-04-22T10:44:50.362Z] Γä╣∩╕Å [CircuitBreaker] [test] State changed: CLOSED ΓåÆ OPEN

      at Logger.console (src/core/Logger.ts:168:34)

  console.info
    [2026-04-22T10:44:50.366Z] Γä╣∩╕Å [CircuitBreaker] [test] State changed: OPEN ΓåÆ CLOSED

      at Logger.console (src/core/Logger.ts:168:34)

  console.info
    [2026-04-22T10:44:50.368Z] Γä╣∩╕Å [CircuitBreaker] [test] State changed: CLOSED ΓåÆ OPEN

      at Logger.console (src/core/Logger.ts:168:34)

  console.info
    [2026-04-22T10:44:50.370Z] Γä╣∩╕Å [CircuitBreaker] [test] State changed: OPEN ΓåÆ CLOSED

      at Logger.console (src/core/Logger.ts:168:34)

  console.info
    [2026-04-22T10:44:50.373Z] Γä╣∩╕Å [CircuitBreaker] [test] State changed: CLOSED ΓåÆ OPEN

      at Logger.console (src/core/Logger.ts:168:34)

  console.info
    [2026-04-22T10:44:50.376Z] Γä╣∩╕Å [CircuitBreaker] [test] State changed: OPEN ΓåÆ CLOSED

      at Logger.console (src/core/Logger.ts:168:34)

  console.info
    [2026-04-22T10:44:50.382Z] Γä╣∩╕Å [CircuitBreaker] [test] State changed: CLOSED ΓåÆ OPEN

      at Logger.console (src/core/Logger.ts:168:34)

  console.info
    [2026-04-22T10:44:50.384Z] Γä╣∩╕Å [CircuitBreaker] [test] State changed: OPEN ΓåÆ CLOSED

      at Logger.console (src/core/Logger.ts:168:34)

  console.info
    [2026-04-22T10:44:50.388Z] Γä╣∩╕Å [CircuitBreaker] [test] State changed: CLOSED ΓåÆ OPEN

      at Logger.console (src/core/Logger.ts:168:34)

  console.info
    [2026-04-22T10:44:50.390Z] Γä╣∩╕Å [CircuitBreaker] [test] State changed: OPEN ΓåÆ CLOSED

      at Logger.console (src/core/Logger.ts:168:34)

  console.info
    [2026-04-22T10:44:50.392Z] Γä╣∩╕Å [CircuitBreaker] [test] State changed: CLOSED ΓåÆ OPEN

      at Logger.console (src/core/Logger.ts:168:34)

  console.info
    [2026-04-22T10:44:50.395Z] Γä╣∩╕Å [CircuitBreaker] [test] State changed: OPEN ΓåÆ CLOSED

      at Logger.console (src/core/Logger.ts:168:34)

  console.info
    [2026-04-22T10:44:50.397Z] Γä╣∩╕Å [CircuitBreaker] [test] State changed: CLOSED ΓåÆ OPEN

      at Logger.console (src/core/Logger.ts:168:34)

  console.info
    [2026-04-22T10:44:50.399Z] Γä╣∩╕Å [CircuitBreaker] [test] State changed: OPEN ΓåÆ CLOSED

      at Logger.console (src/core/Logger.ts:168:34)

  console.info
    [2026-04-22T10:44:50.401Z] Γä╣∩╕Å [CircuitBreaker] [test] State changed: CLOSED ΓåÆ OPEN

      at Logger.console (src/core/Logger.ts:168:34)

  console.info
    [2026-04-22T10:44:50.403Z] Γä╣∩╕Å [CircuitBreaker] [test] State changed: OPEN ΓåÆ CLOSED

      at Logger.console (src/core/Logger.ts:168:34)

  console.info
    [2026-04-22T10:44:50.405Z] Γä╣∩╕Å [CircuitBreaker] [test] State changed: CLOSED ΓåÆ OPEN

      at Logger.console (src/core/Logger.ts:168:34)

  console.info
    [2026-04-22T10:44:50.408Z] Γä╣∩╕Å [CircuitBreaker] [test] State changed: OPEN ΓåÆ CLOSED

      at Logger.console (src/core/Logger.ts:168:34)

  console.info
    [2026-04-22T10:44:50.410Z] Γä╣∩╕Å [CircuitBreaker] [test] State changed: CLOSED ΓåÆ OPEN

      at Logger.console (src/core/Logger.ts:168:34)

  console.info
    [2026-04-22T10:44:50.413Z] Γä╣∩╕Å [CircuitBreaker] [test] State changed: OPEN ΓåÆ CLOSED

      at Logger.console (src/core/Logger.ts:168:34)

  console.info
    [2026-04-22T10:44:50.416Z] Γä╣∩╕Å [CircuitBreaker] [test] State changed: CLOSED ΓåÆ OPEN

      at Logger.console (src/core/Logger.ts:168:34)

  console.info
    [2026-04-22T10:44:50.418Z] Γä╣∩╕Å [CircuitBreaker] [test] State changed: OPEN ΓåÆ CLOSED

      at Logger.console (src/core/Logger.ts:168:34)

  console.info
    [2026-04-22T10:44:50.419Z] Γä╣∩╕Å [CircuitBreaker] [test] State changed: CLOSED ΓåÆ OPEN

      at Logger.console (src/core/Logger.ts:168:34)

  console.info
    [2026-04-22T10:44:50.421Z] Γä╣∩╕Å [CircuitBreaker] [test] State changed: OPEN ΓåÆ CLOSED

      at Logger.console (src/core/Logger.ts:168:34)

  console.info
    [2026-04-22T10:44:50.422Z] Γä╣∩╕Å [CircuitBreaker] [test] State changed: CLOSED ΓåÆ OPEN

      at Logger.console (src/core/Logger.ts:168:34)

  console.info
    [2026-04-22T10:44:50.424Z] Γä╣∩╕Å [CircuitBreaker] [test] State changed: OPEN ΓåÆ CLOSED

      at Logger.console (src/core/Logger.ts:168:34)

  console.info
    [2026-04-22T10:44:50.427Z] Γä╣∩╕Å [CircuitBreaker] [test] State changed: CLOSED ΓåÆ OPEN

      at Logger.console (src/core/Logger.ts:168:34)

  console.info
    [2026-04-22T10:44:50.429Z] Γä╣∩╕Å [CircuitBreaker] [test] State changed: OPEN ΓåÆ CLOSED

      at Logger.console (src/core/Logger.ts:168:34)

  console.info
    [2026-04-22T10:44:50.431Z] Γä╣∩╕Å [CircuitBreaker] [test] State changed: CLOSED ΓåÆ OPEN

      at Logger.console (src/core/Logger.ts:168:34)

  console.info
    [2026-04-22T10:44:50.432Z] Γä╣∩╕Å [CircuitBreaker] [test] State changed: OPEN ΓåÆ CLOSED

      at Logger.console (src/core/Logger.ts:168:34)

  console.info
    [2026-04-22T10:44:50.436Z] Γä╣∩╕Å [CircuitBreaker] [test] State changed: CLOSED ΓåÆ OPEN

      at Logger.console (src/core/Logger.ts:168:34)

  console.info
    [2026-04-22T10:44:50.438Z] Γä╣∩╕Å [CircuitBreaker] [test] State changed: OPEN ΓåÆ CLOSED

      at Logger.console (src/core/Logger.ts:168:34)

  console.info
    [2026-04-22T10:44:50.440Z] Γä╣∩╕Å [CircuitBreaker] [test] State changed: CLOSED ΓåÆ OPEN

      at Logger.console (src/core/Logger.ts:168:34)

  console.info
    [2026-04-22T10:44:50.442Z] Γä╣∩╕Å [CircuitBreaker] [test] State changed: OPEN ΓåÆ CLOSED

      at Logger.console (src/core/Logger.ts:168:34)

  console.info
    [2026-04-22T10:44:50.443Z] Γä╣∩╕Å [CircuitBreaker] [test] State changed: CLOSED ΓåÆ OPEN

      at Logger.console (src/core/Logger.ts:168:34)

  console.info
    [2026-04-22T10:44:50.446Z] Γä╣∩╕Å [CircuitBreaker] [test] State changed: OPEN ΓåÆ CLOSED

      at Logger.console (src/core/Logger.ts:168:34)

  console.info
    [2026-04-22T10:44:50.447Z] Γä╣∩╕Å [CircuitBreaker] [test] State changed: CLOSED ΓåÆ OPEN

      at Logger.console (src/core/Logger.ts:168:34)

  console.info
    [2026-04-22T10:44:50.449Z] Γä╣∩╕Å [CircuitBreaker] [test] State changed: OPEN ΓåÆ CLOSED

      at Logger.console (src/core/Logger.ts:168:34)

  console.info
    [2026-04-22T10:44:50.457Z] Γä╣∩╕Å [CircuitBreaker] [default] State changed: CLOSED ΓåÆ OPEN

      at Logger.console (src/core/Logger.ts:168:34)

  console.info
    [2026-04-22T10:44:50.522Z] Γä╣∩╕Å [CircuitBreaker] [default] State changed: OPEN ΓåÆ CLOSED

      at Logger.console (src/core/Logger.ts:168:34)

  console.info
    [2026-04-22T10:44:50.525Z] Γä╣∩╕Å [CircuitBreaker] [test] State changed: CLOSED ΓåÆ OPEN

      at Logger.console (src/core/Logger.ts:168:34)

PASS tests/unit/core/CircuitBreaker.test.ts
  CircuitBreaker
    constructor
      ΓêÜ should use default options (3 ms)
      ΓêÜ should accept custom options (2 ms)
      ΓêÜ should start in CLOSED state (1 ms)
    execute() - success path
      ΓêÜ should execute function and return result (1 ms)
      ΓêÜ should track successful requests in metrics (1 ms)
      ΓêÜ should reset failure count on success (2 ms)
    execute() - failure path
      ΓêÜ should track failed requests (1 ms)
      ΓêÜ should trip circuit after reaching failure threshold (72 ms)
      ΓêÜ should emit stateChange event when tripping (4 ms)
    execute() - open circuit
      ΓêÜ should reject requests immediately when open (37 ms)
      ΓêÜ should track rejected requests (4 ms)
      ΓêÜ should emit reject event (4 ms)
      ΓêÜ should use fallback when provided (14 ms)
    execute() - half-open state
      ΓêÜ should transition to half-open after reset timeout (167 ms)
      ΓêÜ should close circuit after success threshold in half-open (76 ms)
      ΓêÜ should reopen circuit on failure in half-open (78 ms)
    timeout handling
      ΓêÜ should timeout slow operations (108 ms)
    manual controls
      ΓêÜ should manually trip the circuit (3 ms)
      ΓêÜ should manually reset the circuit (6 ms)
    enabled flag
      ΓêÜ should bypass circuit breaker when disabled (1 ms)
    isFailure option
      ΓêÜ should use custom isFailure to determine fallback (1 ms)
      ΓêÜ should NOT increment failureCount for non-failure errors (counting 
bug fix) (1 ms)
      ΓêÜ should only trip circuit from errors that pass isFailure (3 ms)
      ΓêÜ should not count rate limit errors toward tripping (Discord 
scenario) (4 ms)
    getMetrics()
      ΓêÜ should return comprehensive metrics (2 ms)
      ΓêÜ should track state changes (5 ms)
      ΓêÜ should limit state changes to 20 (164 ms)
    resetMetrics()
      ΓêÜ should reset all metrics (2 ms)
    getHealth()
      ΓêÜ should return healthy for closed state (2 ms)
      ΓêÜ should return degraded for half-open state (68 ms)
      ΓêÜ should return unhealthy for open state (3 ms)
    CircuitState constants
      ΓêÜ should have correct state values (1 ms)

PASS tests/unit/commands/admin/mute.test.ts
  MuteCommand
    parseDuration
      ΓêÜ should parse seconds (2 ms)
      ΓêÜ should parse minutes
      ΓêÜ should parse hours
      ΓêÜ should parse days
      ΓêÜ should parse weeks (1 ms)
      ΓêÜ should return null for invalid format (1 ms)
      ΓêÜ should handle large values
    formatDuration
      ΓêÜ should format days
      ΓêÜ should format hours (1 ms)
      ΓêÜ should format minutes
      ΓêÜ should format seconds (1 ms)
      ΓêÜ should use the largest unit
    metadata
      ΓêÜ should have correct command name (3 ms)
      ΓêÜ should have correct category (1 ms)
      ΓêÜ should require ModerateMembers permission (1 ms)
      ΓêÜ should have 2 subcommands (add, remove) (3 ms)
    mute add
      ΓêÜ should reject when no guild (2 ms)
      ΓêÜ should reject self-mute (2 ms)
      ΓêÜ should reject muting bot itself (4 ms)
      ΓêÜ should reject muting server owner (2 ms)
      ΓêÜ should reject invalid duration (2 ms)
      ΓêÜ should reject duration exceeding 28 days (2 ms)
      ΓêÜ should reject when target has higher role (1 ms)
      ΓêÜ should reject already timed out user (1 ms)
      ΓêÜ should mute successfully and log action (3 ms)
      ΓêÜ should DM user before muting (5 ms)
    mute remove (unmute)
      ΓêÜ should reject when no guild (2 ms)
      ΓêÜ should reject when user not found (1 ms)
      ΓêÜ should reject when user is not timed out (1 ms)
      ΓêÜ should unmute successfully and log action (4 ms)

PASS tests/unit/commands/deathbattle.test.ts
  DeathBattleCommand
    metadata
      ΓêÜ should have correct command name (52 ms)
      ΓêÜ should have a description (3 ms)
      ΓêÜ should be in the FUN category (1 ms)
      ΓêÜ should have 30s cooldown (1 ms)
    access control
      ΓêÜ should block access when checkAccess returns blocked (9 ms)
    validation
      ΓêÜ should reject if no opponent selected (4 ms)
      ΓêÜ should reject invalid skillset (3 ms)
      ΓêÜ should reject self-battle (3 ms)
      ΓêÜ should reject HP above MAX_HP (2 ms)
    battle creation
      ΓêÜ should reject if a battle is already active (2 ms)
      ΓêÜ should create battle with correct parameters (2 ms)
      ΓêÜ should use custom HP values when provided (2 ms)
      ΓêÜ should start countdown after battle creation (6 ms)
      ΓêÜ should default opponent HP to player HP when not specified (2 ms)
    skillset choices
      ΓêÜ should have 5 skill set options in data (2 ms)

PASS tests/unit/services/moderation/ModLogService.test.ts
  ModLogService
    logInfraction
      ΓêÜ should send embed to log channel (5 ms)
      ΓêÜ should skip when no log_channel_id (1 ms)
      ΓêÜ should skip when settings are null (2 ms)
      ΓêÜ should skip when channel fetch fails (1 ms)
      ΓêÜ should handle errors silently (2 ms)
      ΓêÜ should include duration in embed for mutes (2 ms)
      ΓêÜ should include metadata trigger and channel (3 ms)
    logMessageDelete
      ΓêÜ should send delete log embed (2 ms)
      ΓêÜ should skip when log_message_deletes is false (1 ms)
      ΓêÜ should include executor when provided (1 ms)
      ΓêÜ should include attachments when present (1 ms)
      ΓêÜ should handle errors silently (1 ms)
    logMessageEdit
      ΓêÜ should send edit log embed (2 ms)
      ΓêÜ should skip when content unchanged (1 ms)
      ΓêÜ should skip when log_message_edits is false (1 ms)
    logMemberJoin
      ΓêÜ should send join log embed (2 ms)
      ΓêÜ should flag new accounts (< 7 days) (2 ms)
      ΓêÜ should handle missing settings
    logMemberLeave
      ΓêÜ should send leave log embed with roles and stay duration (2 ms)
      ΓêÜ should handle missing joinedAt (2 ms)
    Settings management
      ΓêÜ getSettings should delegate to repository (1 ms)
      ΓêÜ getSettings should return null when no settings (1 ms)
      ΓêÜ updateSettings should delegate to repository (3 ms)
      ΓêÜ setLogChannel should update log_channel_id (1 ms)
      ΓêÜ setLogChannel should accept null to disable (2 ms)

PASS tests/unit/commands/admin/setting.test.ts
  SettingCommand
    metadata
      ΓêÜ should have correct command name (2 ms)
      ΓêÜ should have a description (1 ms)
      ΓêÜ should be in the ADMIN category (1 ms)
      ΓêÜ should require Administrator permission
    owner check
      ΓêÜ should reject non-owner users (2 ms)
      ΓêÜ should allow server owner (8 ms)
    settings panel
      ΓêÜ should display settings embed with server name (4 ms)
      ΓêÜ should show snipe and delete limits (4 ms)
      ΓêÜ should show admin and mod roles (8 ms)
      ΓêÜ should show "*None*" when no roles set (4 ms)
      ΓêÜ should show automod status (3 ms)
      ΓêÜ should show lockdown status when active (5 ms)
      ΓêÜ should show raid mode status (5 ms)
      ΓêÜ should show mod log channel when set (4 ms)
    components
      ΓêÜ should include select menu and channel/role pickers (4 ms)
      ΓêÜ should set up a collector for interactions (7 ms)
    announcements
      ΓêÜ should show announcement status when enabled (5 ms)
      ΓêÜ should show disabled when announcements off (6 ms)
    error handling
      ΓêÜ should handle automod service failure gracefully (4 ms)
      ΓêÜ should handle lockdown service failure gracefully (4 ms)
      ΓêÜ should handle antiraid service failure gracefully (5 ms)
      ΓêÜ should handle mod log service failure gracefully (5 ms)

PASS tests/unit/commands/admin/snipe.test.ts
  SnipeCommand
    metadata
      ΓêÜ should have correct command name (11 ms)
      ΓêÜ should have ADMIN category (1 ms)
      ΓêÜ should require ManageMessages permission (2 ms)
      ΓêÜ should have count, channel, and user options (3 ms)
    run
      ΓêÜ should reject when no guild (3 ms)
      ΓêÜ should show empty message when no deleted messages found (7 ms)
      ΓêÜ should display deleted messages as embeds (10 ms)
      ΓêÜ should respect count option (4 ms)
      ΓêÜ should respect snipe limit from settings (7 ms)
      ΓêÜ should filter by user when user option is provided (2 ms)
      ΓêÜ should use target channel when channel option is provided (2 ms)
      ΓêÜ should handle snipe service errors gracefully (3 ms)
      ΓêÜ should handle messages with attachments (12 ms)
      ΓêÜ should handle messages with embeds info (3 ms)
      ΓêÜ should default count to 1 when not specified (1 ms)

PASS tests/unit/services/moderation/LockdownService.test.ts
  LockdownService
    lockChannel
      ΓêÜ should lock a channel successfully (5 ms)
      ΓêÜ should store lockdown state in cache (5 ms)
      ΓêÜ should return error if channel is already locked (1 ms)
      ΓêÜ should return error on permission edit failure (3 ms)
      ΓêÜ should save current permission overwrites (6 ms)
      ΓêÜ should handle null overwrite (no existing perms) (1 ms)
    unlockChannel
      ΓêÜ should unlock a locked channel (2 ms)
      ΓêÜ should delete lockdown state from cache (2 ms)
      ΓêÜ should return error if channel is not locked (2 ms)
      ΓêÜ should return error on permission edit failure (3 ms)
    isChannelLocked
      ΓêÜ should return true when channel is locked (1 ms)
      ΓêÜ should return false when channel is not locked
    getLockedChannels
      ΓêÜ should return locked channel IDs from index (1 ms)
      ΓêÜ should return empty array when no index (2 ms)
    getLockStatus
      ΓêÜ should return count and channel IDs (1 ms)
    lockServer
      ΓêÜ should lock all text channels (224 ms)
      ΓêÜ should skip excluded channels (109 ms)
      ΓêÜ should skip already locked channels (1 ms)
    unlockServer
      ΓêÜ should return message when no channels locked (1 ms)
      ΓêÜ should skip channels that no longer exist
    clearGuildData
      ΓêÜ should clear all lockdown data for a guild (1 ms)
      ΓêÜ should handle empty channel list
      ΓêÜ should handle errors silently (1 ms)
    Singleton
      ΓêÜ should export a default singleton instance

PASS tests/unit/commands/botcheck.test.ts
  BotCheckCommand
    metadata
      ΓêÜ should have correct command name (4 ms)
      ΓêÜ should have a description (2 ms)
      ΓêÜ should be in the OWNER category (2 ms)
      ΓêÜ should have deferReply enabled (1 ms)
    owner check
      ΓêÜ should reject non-owners (7 ms)
      ΓêÜ should allow owners (16 ms)
    dashboard content
      ΓêÜ should display embeds with health info (7 ms)
      ΓêÜ should display pagination buttons (9 ms)
      ΓêÜ should use single-shard stats when totalShards is 1 (6 ms)
      ΓêÜ should aggregate stats for multi-shard (7 ms)
    button collector
      ΓêÜ should set up a button collector on reply (7 ms)
    error handling
      ΓêÜ should handle PostgreSQL check failure gracefully (9 ms)
      ΓêÜ should handle Lavalink check failure gracefully (7 ms)

PASS tests/unit/commands/avatar.test.ts
  AvatarCommand
    metadata
      ΓêÜ should have correct command name (8 ms)
      ΓêÜ should have correct category (1 ms)
      ΓêÜ should have 3s cooldown
      ΓêÜ should not defer reply
    run()
      ΓêÜ should reply with avatar embed (5 ms)
      ΓêÜ should use self when no user option provided (3 ms)
      ΓêÜ should include download links in embed (2 ms)
      ΓêÜ should include GIF in download links for animated avatars (3 ms)
      ΓêÜ should show server avatar if different from global (3 ms)
      ΓêÜ should show banner field if user has banner (4 ms)
      ΓêÜ should respect size option (7 ms)
      ΓêÜ should handle guild member fetch failure (4 ms)
      ΓêÜ should handle user fetch failure gracefully (2 ms)
      ΓêÜ should include user ID in fields (3 ms)

PASS tests/unit/commands/admin/warnings.test.ts
  WarningsCommand
    metadata
      ΓêÜ should have correct command name (4 ms)
      ΓêÜ should have ADMIN category (1 ms)
      ΓêÜ should require ModerateMembers permission (3 ms)
      ΓêÜ should have user and all options (3 ms)
    run
      ΓêÜ should reject when no guild (3 ms)
      ΓêÜ should show clean record when no infractions (2 ms)
      ΓêÜ should display infractions in embeds (5 ms)
      ΓêÜ should paginate when more than 5 infractions (4 ms)
      ΓêÜ should show all infractions when all option is true (3 ms)
      ΓêÜ should show only active warnings when all is false (3 ms)
      ΓêÜ should handle service errors (2 ms)
      ΓêÜ should show inactive marker for inactive infractions (2 ms)
      ΓêÜ should show duration for timed infractions (2 ms)
      ΓêÜ should not show pagination for single page (3 ms)

PASS tests/unit/commands/admin/delete.test.ts
  DeleteCommand
    metadata
      ΓêÜ should have correct command name (4 ms)
      ΓêÜ should have ADMIN category
      ΓêÜ should require ManageMessages permission (1 ms)
      ΓêÜ should have amount, user, contains, bots, pinned options (9 ms)
    run()
      ΓêÜ should reject when no guild (2 ms)
      ΓêÜ should reject when amount exceeds server limit (1 ms)
      ΓêÜ should delete messages successfully (2 ms)
      ΓêÜ should show deleted count in response (1 ms)
      ΓêÜ should filter by user when specified (2 ms)
      ΓêÜ should skip pinned messages unless includePinned is true (4 ms)
      ΓêÜ should filter by bots only when specified (2 ms)
      ΓêÜ should reject messages older than 14 days (3 ms)
      ΓêÜ should log action to moderation service (2 ms)
      ΓêÜ should handle bulk delete errors gracefully (1 ms)
      ΓêÜ should handle 14-day error code (2 ms)

PASS tests/unit/commands/admin/kick.test.ts
  KickCommand
    metadata
      ΓêÜ should have correct command name (2 ms)
      ΓêÜ should have correct category (2 ms)
      ΓêÜ should require KickMembers permission (2 ms)
    run()
      ΓêÜ should reject when no guild (3 ms)
      ΓêÜ should reject self-kick (2 ms)
      ΓêÜ should reject kicking bot itself (2 ms)
      ΓêÜ should reject kicking server owner (1 ms)
      ΓêÜ should reject when target has higher role
      ΓêÜ should kick successfully and log (5 ms)
      ΓêÜ should handle user not found in server (2 ms)
      ΓêÜ should use default reason when none provided (3 ms)

PASS tests/unit/commands/admin/automod.test.ts
  AutoModCommand
    metadata
      ΓêÜ should have correct command name (2 ms)
      ΓêÜ should have a description (1 ms)
      ΓêÜ should be in the ADMIN category (1 ms)
      ΓêÜ should require ManageGuild permission (1 ms)
    run - settings panel
      ΓêÜ should show error if automod service unavailable (2 ms)
      ΓêÜ should display settings panel with disabled automod (3 ms)
      ΓêÜ should display settings panel with enabled automod (2 ms)
      ΓêÜ should count active features correctly (2 ms)
      ΓêÜ should disable filter button when automod is disabled (2 ms)
      ΓêÜ should set up collector on response (1 ms)
    feature counting
      ΓêÜ should show 0/7 when all features disabled (2 ms)
      ΓêÜ should show 7/7 when all features enabled (2 ms)
    subcommand
      ΓêÜ should have settings subcommand (2 ms)
    error handling
      ΓêÜ should handle getSettings failure gracefully (1 ms)

PASS tests/unit/commands/roleinfo.test.ts
  RoleInfoCommand
    metadata
      ΓêÜ should have correct command name (1 ms)
      ΓêÜ should have correct category
      ΓêÜ should have 3s cooldown
      ΓêÜ should not defer reply
    run()
      ΓêÜ should reject when role is null (1 ms)
      ΓêÜ should display role info embed (3 ms)
      ΓêÜ should use role color in embed (2 ms)
      ΓêÜ should include role ID (2 ms)
      ΓêÜ should show color hex value (2 ms)
      ΓêÜ should show member count (2 ms)
      ΓêÜ should show mentionable status (2 ms)
      ΓêÜ should show hoisted status (1 ms)
      ΓêÜ should show non-managed status (1 ms)
      ΓêÜ should show managed (bot) role (3 ms)
      ΓêÜ should show key permissions (2 ms)
      ΓêÜ should show "None" for role with no key permissions (3 ms)
      ΓêÜ should show role icon as thumbnail if exists (2 ms)
      ΓêÜ should include position relative to total roles (2 ms)
      ΓêÜ should use PRIMARY color when role has no color (2 ms)

PASS tests/unit/services/moderation/ModerationService.test.ts
  ModerationService
    parseDuration()
      ΓêÜ should return null for null/undefined input (4 ms)
      ΓêÜ should parse preset durations (1 ms)
      ΓêÜ should parse preset durations case-insensitively
      ΓêÜ should parse custom duration strings (1 ms)
      ΓêÜ should default to minutes when no unit is given (3 ms)
      ΓêÜ should return null for invalid strings (1 ms)
    CONFIG
      ΓêÜ should have all color values (1 ms)
      ΓêÜ should have all log action types
      ΓêÜ should have max mute duration of 28 days
      ΓêÜ should have duration presets for all common intervals (1 ms)
    createLogEmbed()
      ΓêÜ should create KICK log embed (4 ms)
      ΓêÜ should create MUTE log embed with duration (2 ms)
      ΓêÜ should create UNMUTE log embed with success color (2 ms)
      ΓêÜ should create BAN log embed (3 ms)
      ΓêÜ should create UNBAN log embed (2 ms)
      ΓêÜ should create DELETE log embed (1 ms)
      ΓêÜ should handle unknown action types with fallback (1 ms)
    kickUser()
      ΓêÜ should kick successfully (2 ms)
      ΓêÜ should fail when target is not kickable (1 ms)
      ΓêÜ should fail when moderator has lower role (1 ms)
      ΓêÜ should allow guild owner to kick anyone (2 ms)
      ΓêÜ should use default reason if not provided (2 ms)
      ΓêÜ should handle DM failure gracefully (1 ms)
    muteUser()
      ΓêÜ should mute successfully (1 ms)
      ΓêÜ should clamp duration to safe max (~27d 23h) (1 ms)
      ΓêÜ should fail when target is not moderatable (1 ms)
    unmuteUser()
      ΓêÜ should unmute a muted user (1 ms)
      ΓêÜ should fail when user is not muted (1 ms)
    banUser()
      ΓêÜ should ban a guild member successfully (1 ms)
      ΓêÜ should fail when member is not bannable
    unbanUser()
      ΓêÜ should fail when user is not banned
      ΓêÜ should unban successfully when ban exists (1 ms)
    logModAction()
      ΓêÜ should skip logging when no log channel is set
      ΓêÜ should send log embed when log channel exists (2 ms)

PASS tests/unit/commands/admin/ban.test.ts
  BanCommand
    metadata
      ΓêÜ should have correct command name (9 ms)
      ΓêÜ should have correct category (1 ms)
      ΓêÜ should require BanMembers permission
      ΓêÜ should have 3 subcommands (2 ms)
    ban add
      ΓêÜ should reject when no guild (3 ms)
      ΓêÜ should reject self-ban (3 ms)
      ΓêÜ should reject banning bot itself (1 ms)
      ΓêÜ should reject banning server owner (2 ms)
      ΓêÜ should reject when target has higher role (1 ms)
      ΓêÜ should ban successfully and log action (4 ms)
      ΓêÜ should use default reason when none provided (3 ms)
      ΓêÜ should pass delete_days correctly (3 ms)
      ΓêÜ should attempt to DM user before ban (4 ms)
    ban remove (unban)
      ΓêÜ should reject invalid user ID format (2 ms)
      ΓêÜ should reject when user is not banned (1 ms)
      ΓêÜ should unban successfully (5 ms)
    ban list
      ΓêÜ should show empty message when no bans (9 ms)
      ΓêÜ should list banned users (4 ms)
      ΓêÜ should handle no guild (1 ms)

PASS tests/unit/commands/admin/warn.test.ts
  WarnCommand
    metadata
      ΓêÜ should have correct command name (8 ms)
      ΓêÜ should have ADMIN category (1 ms)
      ΓêÜ should require ModerateMembers permission (2 ms)
      ΓêÜ should have user and setting subcommands (3 ms)
    warn user subcommand
      ΓêÜ should reject when no guild (2 ms)
      ΓêÜ should reject when target not found (5 ms)
      ΓêÜ should reject self-warn (3 ms)
      ΓêÜ should reject warning bot (2 ms)
      ΓêÜ should reject warning user with higher/equal role (1 ms)
      ΓêÜ should succeed and create warning (3 ms)
      ΓêÜ should show case ID in response (3 ms)
      ΓêÜ should handle service unavailable (1 ms)
      ΓêÜ should handle errors gracefully (2 ms)
      ΓêÜ should handle mute escalation (6 ms)
    warn settings subcommand
      ΓêÜ should defer reply as ephemeral (8 ms)
      ΓêÜ should build settings embed with default thresholds when none 
configured (4 ms)
      ΓêÜ should show configured thresholds (4 ms)

PASS tests/unit/commands/admin/lockdown.test.ts
  LockdownCommand
    metadata
      ΓêÜ should have correct command name (7 ms)
      ΓêÜ should have ADMIN category (1 ms)
      ΓêÜ should require ManageChannels permission (1 ms)
      ΓêÜ should have all 5 subcommands (2 ms)
    channel subcommand
      ΓêÜ should lock the current channel when no channel specified (5 ms)
      ΓêÜ should lock the specified channel (4 ms)
      ΓêÜ should show error on failed lock (1 ms)
      ΓêÜ should send lockdown embed to the locked channel (2 ms)
      ΓêÜ should include reason in lock message (1 ms)
    unlock subcommand
      ΓêÜ should unlock the current channel (2 ms)
      ΓêÜ should show error on failed unlock (1 ms)
    unlockall subcommand
      ΓêÜ should reject when no guild (2 ms)
      ΓêÜ should unlock all channels (1 ms)
      ΓêÜ should show message when no channels to unlock (2 ms)
    status subcommand
      ΓêÜ should reject when no guild (2 ms)
      ΓêÜ should show no channels locked (1 ms)
      ΓêÜ should show locked channels (2 ms)

PASS tests/unit/services/moderation/InfractionService.test.ts
  InfractionService
    Exported constants
      ΓêÜ should export INFRACTION_TYPES (4 ms)
      ΓêÜ should export COLORS (1 ms)
      ΓêÜ should export EMOJIS (1 ms)
    createInfraction
      ΓêÜ should create an infraction via repository (3 ms)
      ΓêÜ should log infraction to ModLogService (1 ms)
      ΓêÜ should calculate expiresAt for warnings with expiryDays (1 ms)
      ΓêÜ should calculate expiresAt for mutes with durationMs (1 ms)
      ΓêÜ should use default reason if none provided (1 ms)
      ΓêÜ should include user and moderator tags in metadata
      ΓêÜ should handle user with username instead of tag
    createWarning
      ΓêÜ should create a warning and return warnCount + escalation (3 ms)
      ΓêÜ should use default expiryDays from config
      ΓêÜ should use custom expiryDays when provided (1 ms)
    log convenience functions
      ΓêÜ logMute should create a MUTE infraction with durationMs (5 ms)
      ΓêÜ logUnmute should create an UNMUTE infraction (1 ms)
      ΓêÜ logKick should create a KICK infraction (3 ms)
      ΓêÜ logBan should create a BAN infraction with metadata (1 ms)
      ΓêÜ logUnban should create an UNBAN infraction (1 ms)
      ΓêÜ logAutoMod should use bot as moderator (1 ms)
      ΓêÜ logFilter should use "Word Filter" as moderator tag (1 ms)
    Query functions
      ΓêÜ getCase should delegate to repository (1 ms)
      ΓêÜ getUserHistory should delegate to repository (1 ms)
      ΓêÜ getWarningCount should delegate to repository (4 ms)
      ΓêÜ getRecentCases should use default limit of 20 (1 ms)
      ΓêÜ getRecentCases should accept custom limit (1 ms)
      ΓêÜ getStats should delegate to repository (2 ms)
    clearWarnings
      ΓêÜ should execute SQL to deactivate warnings and return count (2 ms)
      ΓêÜ should return 0 when no warnings cleared (1 ms)
      ΓêÜ should return 0 when rowCount is undefined (1 ms)
    updateReason
      ΓêÜ should update case reason via repository (2 ms)
      ΓêÜ should return null when case not found (1 ms)
    deleteCase
      ΓêÜ should deactivate case via repository (1 ms)
      ΓêÜ should return false when case not found (3 ms)
    checkEscalation
      ΓêÜ should return escalation when threshold matches from DB (1 ms)
      ΓêÜ should return null when no threshold matches
      ΓêÜ should fall back to config defaults when no DB thresholds (1 ms)
      ΓêÜ should use custom reason from DB threshold (1 ms)
    buildCaseEmbed
      ΓêÜ should build embed with case info (3 ms)
      ΓêÜ should show duration field when present (1 ms)
      ΓêÜ should show expiry field when present (2 ms)
      ΓêÜ should show deactivation footer for inactive cases (3 ms)
      ΓêÜ should set thumbnail when user has displayAvatarURL (3 ms)
      ΓêÜ should use default color for unknown type (3 ms)
    expireOldInfractions
      ΓêÜ should delegate to repository (1 ms)

PASS tests/unit/commands/admin/case.test.ts
  CaseCommand
    metadata
      ΓêÜ should have correct command name (2 ms)
      ΓêÜ should have ADMIN category
      ΓêÜ should require ModerateMembers permission (1 ms)
      ΓêÜ should have id option (2 ms)
    run()
      ΓêÜ should reject when no guild (4 ms)
      ΓêÜ should reject when case not found (3 ms)
      ΓêÜ should use buildCaseEmbed from service when available (2 ms)
      ΓêÜ should build default embed when service method unavailable (8 ms)
      ΓêÜ should show case type in default embed (2 ms)
      ΓêÜ should show active status for active cases (2 ms)
      ΓêÜ should show inactive status for inactive cases (2 ms)
      ΓêÜ should handle user fetch failure (2 ms)
      ΓêÜ should handle errors gracefully (1 ms)

PASS tests/unit/commands/admin/slowmode.test.ts
  SlowmodeCommand
    metadata
      ΓêÜ should have correct command name (6 ms)
      ΓêÜ should have ADMIN category
      ΓêÜ should require ManageChannels permission (1 ms)
      ΓêÜ should have set, off, and server subcommands (6 ms)
    set subcommand
      ΓêÜ should set slowmode on current channel (4 ms)
      ΓêÜ should set slowmode on specified channel (2 ms)
      ΓêÜ should handle service error (1 ms)
      ΓêÜ should show disable message when duration is 0 (1 ms)
    off subcommand
      ΓêÜ should disable slowmode (1 ms)
      ΓêÜ should show success message (1 ms)
    server subcommand
      ΓêÜ should reject when no guild (3 ms)
      ΓêÜ should set server-wide slowmode (2 ms)
      ΓêÜ should show channels updated count (3 ms)

PASS tests/unit/commands/admin/delwarn.test.ts
  DelWarnCommand
    metadata
      ΓêÜ should have correct command name (1 ms)
      ΓêÜ should have ADMIN category
      ΓêÜ should require ModerateMembers permission (1 ms)
      ΓêÜ should have case and reason options (2 ms)
    run()
      ΓêÜ should reject when no guild (2 ms)
      ΓêÜ should reject when case not found (2 ms)
      ΓêÜ should reject when case is already inactive (2 ms)
      ΓêÜ should reject deleting non-warning infractions (2 ms)
      ΓêÜ should successfully delete a warning (3 ms)
      ΓêÜ should show original reason and user in success embed (1 ms)
      ΓêÜ should handle errors gracefully (1 ms)
      ΓêÜ should handle user fetch failure gracefully (2 ms)

PASS tests/unit/commands/report.test.ts
  ReportCommand
    metadata
      ΓêÜ should have correct command name (2 ms)
      ΓêÜ should have GENERAL category
      ΓêÜ should have 60 second cooldown (1 ms)
    run
      ΓêÜ should show a modal (2 ms)
    handleModal
      ΓêÜ should send report to report channel (4 ms)
      ΓêÜ should handle missing report channel (2 ms)
      ΓêÜ should include report title and description in embed (1 ms)
      ΓêÜ should handle steps not provided (2 ms)

PASS tests/unit/commands/invite.test.ts
  InviteCommand
    metadata
      ΓêÜ should have correct command name (7 ms)
      ΓêÜ should have correct category (2 ms)
      ΓêÜ should be ephemeral (1 ms)
      ΓêÜ should have 10s cooldown (2 ms)
    run()
      ΓêÜ should reply with invite embed and buttons (6 ms)
      ΓêÜ should include 3 invite buttons (3 ms)
      ΓêÜ should generate correct invite URLs with client ID (5 ms)
      ΓêÜ should include Full Access, Music Only, and Basic options (2 ms)

PASS tests/unit/events/messageCreate.test.ts
  MessageCreateEvent
    constructor
      ΓêÜ should have correct event name (5 ms)
      ΓêÜ should not be a once event (1 ms)
    execute()
      ΓêÜ should ignore bot messages (1 ms)
      ΓêÜ should ignore DM messages (1 ms)
      ΓêÜ should run automod before AFK handling (1 ms)
      ΓêÜ should skip AFK handling if automod deleted the message (2 ms)
      ΓêÜ should skip AFK handling if automod returns { deleted: true } (1 ms)
      ΓêÜ should continue to AFK if automod returns { deleted: false } (1 ms)
      ΓêÜ should continue to AFK if automod returns null (1 ms)
      ΓêÜ should handle automod errors gracefully (1 ms)
      ΓêÜ should handle AFK errors silently (1 ms)

PASS tests/unit/commands/admin/clearwarns.test.ts
  ClearWarnsCommand
    metadata
      ΓêÜ should have correct command name (5 ms)
      ΓêÜ should have ADMIN category (1 ms)
      ΓêÜ should require ModerateMembers permission (1 ms)
    run()
      ΓêÜ should reject when no guild (2 ms)
      ΓêÜ should reject when user has no warnings (3 ms)
      ΓêÜ should successfully clear warnings (3 ms)
      ΓêÜ should show cleared count in response (3 ms)
      ΓêÜ should log the clear action as a note infraction (2 ms)
      ΓêÜ should show reason in response (2 ms)
      ΓêÜ should handle errors gracefully (1 ms)

PASS tests/unit/commands/help.test.ts
  HelpCommand
    metadata
      ΓêÜ should have correct command name (2 ms)
      ΓêÜ should have correct description (1 ms)
      ΓêÜ should have GENERAL category
      ΓêÜ should have 5 second cooldown
    run()
      ΓêÜ should reply with embed and button components (7 ms)
      ΓêÜ should show home category embed by default (5 ms)
      ΓêÜ should set up a button collector (3 ms)
      ΓêÜ should include all 6 category fields in home embed (3 ms)
      ΓêÜ should have navigation buttons with correct IDs (19 ms)
      ΓêÜ should disable home button on home page (6 ms)
      ΓêÜ should include footer with user tag (3 ms)

PASS tests/unit/commands/serverinfo.test.ts
  ServerInfoCommand
    metadata
      ΓêÜ should have correct command name (8 ms)
      ΓêÜ should have correct category (1 ms)
      ΓêÜ should have 5s cooldown (1 ms)
      ΓêÜ should defer reply (1 ms)
    run()
      ΓêÜ should reject when no guild (4 ms)
      ΓêÜ should reply with server info embed (7 ms)
      ΓêÜ should include member counts (3 ms)
      ΓêÜ should include channel counts (4 ms)
      ΓêÜ should include boost info (7 ms)
      ΓêÜ should include verification level (6 ms)
      ΓêÜ should show description (4 ms)
      ΓêÜ should handle missing description (2 ms)
      ΓêÜ should include banner image if guild has banner (5 ms)
      ΓêÜ should handle owner fetch failure (7 ms)
      ΓêÜ should include emoji count (4 ms)

PASS tests/unit/events/messageUpdate.test.ts
  MessageUpdateEvent
    constructor
      ΓêÜ should have correct event name (2 ms)
      ΓêÜ should not be a once event
    execute()
      ΓêÜ should ignore bot message edits (3 ms)
      ΓêÜ should ignore DM message edits (1 ms)
      ΓêÜ should ignore edits where content did not change (1 ms)
      ΓêÜ should run automod and mod log on valid edit (1 ms)
      ΓêÜ should fetch partial old messages (1 ms)
      ΓêÜ should handle partial fetch failure gracefully (1 ms)
      ΓêÜ should handle automod error gracefully (1 ms)
      ΓêÜ should handle mod log error gracefully

PASS tests/unit/commands/ping.test.ts
  PingCommand
    metadata
      ΓêÜ should have correct command name (2 ms)
      ΓêÜ should have correct category (1 ms)
      ΓêÜ should have a cooldown (2 ms)
    run()
      ΓêÜ should reply with pong embed (8 ms)
      ΓêÜ should show correct uptime format (3 ms)
      ΓêÜ should use single-shard stats when totalShards is 1 (5 ms)
      ΓêÜ should use aggregate stats for multi-shard (3 ms)
      ΓêÜ should color green for latency < 100ms (1 ms)

PASS tests/unit/services/api/PixivService.test.ts
  PixivService
    authenticate
      ΓêÜ should return cached token from Redis (13 ms)
      ΓêÜ should refresh token from Pixiv API when no cache (2 ms)
      ΓêÜ should store refreshed token in Redis (2 ms)
      ΓêÜ should throw on auth failure (65 ms)
      ΓêÜ should reuse in-memory token when still valid (3 ms)
    search
      ΓêÜ should search and return filtered results (2 ms)
      ΓêÜ should filter R18 content when showNsfw is false (1 ms)
      ΓêÜ should return only R18 when r18Only is true (408 ms)
      ΓêÜ should filter AI content when aiFilter is true (1 ms)
      ΓêÜ should apply quality filter (6 ms)
      ΓêÜ should apply minBookmarks filter (2 ms)
      ΓêÜ should sort results by bookmarks (1 ms)
      ΓêÜ should handle empty results (1 ms)
    getRanking
      ΓêÜ should fetch ranking with default options (1 ms)
      ΓêÜ should use R18 ranking mode when showNsfw (1 ms)
      ΓêÜ should apply filters to ranking results (1 ms)
    isJapaneseText
      ΓêÜ should detect hiragana (1 ms)
      ΓêÜ should detect katakana (1 ms)
      ΓêÜ should detect kanji (1 ms)
      ΓêÜ should return false for English text (1 ms)
      ΓêÜ should return false for numbers
    isEnglishText
      ΓêÜ should return true for English text (1 ms)
      ΓêÜ should return false for Japanese text
      ΓêÜ should return false for mixed text with mostly Japanese
      ΓêÜ should return true for text with > 30% ascii letters (1 ms)
    getProxyImageUrl
      ΓêÜ should try proxy URLs for single page illust (2 ms)
      ΓêÜ should use meta_pages for multi-page illust (2 ms)
      ΓêÜ should return empty string when no image URL (1 ms)
      ΓêÜ should fallback to pixiv.cat proxy when others fail (1 ms)
    translateToJapanese
      ΓêÜ should return cached translation
      ΓêÜ should fetch translation from Google Translate (1 ms)
      ΓêÜ should return original text on error (3 ms)
    translateToEnglish
      ΓêÜ should return cached translation (1 ms)
      ΓêÜ should return null on error (1 ms)
    getArtworkById
      ΓêÜ should fetch artwork by ID (2 ms)
      ΓêÜ should throw on API error (1 ms)
      ΓêÜ should throw when illust is null (1 ms)
    Singleton
      ΓêÜ should export a default singleton instance

PASS tests/unit/events/guildDelete.test.ts
  GuildDeleteEvent
    constructor
      ΓêÜ should have correct event name (4 ms)
      ΓêÜ should not be a once event (1 ms)
    execute()
      ΓêÜ should log guild leave (2 ms)
      ΓêÜ should log detailed embed event (1 ms)
      ΓêÜ should clean up all guild-scoped cache namespaces (3 ms)
      ΓêÜ should log cleanup count when entries were deleted (1 ms)
      ΓêÜ should not log cleanup when no entries were deleted (1 ms)
      ΓêÜ should handle cache cleanup failure gracefully (3 ms)

PASS tests/unit/events/guildCreate.test.ts
  GuildCreateEvent
    constructor
      ΓêÜ should have correct event name (4 ms)
      ΓêÜ should not be a once event (1 ms)
    execute()
      ΓêÜ should log guild join (4 ms)
      ΓêÜ should log detailed guild event (1 ms)
      ΓêÜ should start setup wizard for new guild

PASS tests/unit/services/moderation/AntiRaidService.test.ts
  AntiRaidService
    constructor
      ΓêÜ should register cache namespace on import (3 ms)
      ΓêÜ should export singleton instance (1 ms)
    trackJoin
      ΓêÜ should add join entry and store in cache (3 ms)
      ΓêÜ should return non-raid for single join (1 ms)
      ΓêÜ should detect raid when join threshold is exceeded (1 ms)
      ΓêÜ should detect mass new accounts (2 ms)
      ΓêÜ should flag account when raid mode is active (2 ms)
      ΓêÜ should detect suspicious: new account + moderate activity (1 ms)
    activateRaidMode
      ΓêÜ should store raid mode state in cache (2 ms)
    deactivateRaidMode
      ΓêÜ should return duration and cleanup state (2 ms)
      ΓêÜ should handle no existing raid mode (1 ms)
    isRaidModeActive
      ΓêÜ should return true when raid mode is active (1 ms)
      ΓêÜ should return false when no raid mode (1 ms)
    getRaidModeState
      ΓêÜ should return state from cache (2 ms)
    getFlaggedAccounts
      ΓêÜ should return flagged accounts from cache (1 ms)
      ΓêÜ should return empty array when no flagged accounts (1 ms)
    clearFlaggedAccounts
      ΓêÜ should delete flagged accounts from cache (1 ms)
    checkAccountAge
      ΓêÜ should flag new accounts (< 7 days) (2 ms)
      ΓêÜ should allow old accounts (>= 7 days) (1 ms)
      ΓêÜ should return 0 days for brand new account (1 ms)
    updateStats
      ΓêÜ should increment kick count (1 ms)
      ΓêÜ should increment ban count
      ΓêÜ should initialize stats if missing (1 ms)
      ΓêÜ should do nothing for flag action (1 ms)
      ΓêÜ should do nothing when no raid mode state
    shutdown
      ΓêÜ should clear cleanup interval

PASS tests/unit/services/music/PlaybackService.test.ts
  PlaybackService
    getPlayer
      ΓêÜ should return player from LavalinkService (6 ms)
      ΓêÜ should return null when no player (1 ms)
    isLavalinkReady
      ΓêÜ should return Lavalink ready state (1 ms)
    playTrack
      ΓêÜ should play a track successfully (4 ms)
      ΓêÜ should return err when no player (1 ms)
      ΓêÜ should return err for invalid track (no encoded) (1 ms)
      ΓêÜ should set isReplacing flag if track already playing
      ΓêÜ should handle player error (33 ms)
    playNext
      ΓêÜ should replay current track in track loop mode (2 ms)
      ΓêÜ should get next track from queue (2 ms)
      ΓêÜ should add current track back in queue loop mode (1 ms)
      ΓêÜ should return queueEnded when no next track (1 ms)
      ΓêÜ should reset loop count (1 ms)
    skip
      ΓêÜ should skip current track (1 ms)
      ΓêÜ should skip multiple tracks (1 ms)
      ΓêÜ should end skip vote (1 ms)
      ΓêÜ should return err when no player (1 ms)
      ΓêÜ should return err when no track playing
    togglePause
      ΓêÜ should toggle from playing to paused (1 ms)
      ΓêÜ should toggle from paused to playing (2 ms)
      ΓêÜ should return err when no player (1 ms)
    setPaused
      ΓêÜ should set paused state (1 ms)
      ΓêÜ should return err when no player
    isPaused
      ΓêÜ should return player paused state
      ΓêÜ should return false when no player
    stop
      ΓêÜ should stop playback and clear queue (1 ms)
      ΓêÜ should succeed even without a player
    seek
      ΓêÜ should seek to position
      ΓêÜ should clamp position to track duration (1 ms)
      ΓêÜ should clamp negative position to 0 (2 ms)
      ΓêÜ should return err when no player (1 ms)
      ΓêÜ should return err when no track (1 ms)
    getPosition
      ΓêÜ should return player position (5 ms)
      ΓêÜ should return 0 when no player (1 ms)
    setVolume
      ΓêÜ should set volume on player and cache (1 ms)
      ΓêÜ should return err when no player (1 ms)
    adjustVolume
      ΓêÜ should adjust by delta (1 ms)
    search
      ΓêÜ should return search results (1 ms)
      ΓêÜ should return err when no results (1 ms)
      ΓêÜ should handle search errors (1 ms)
    searchPlaylist
      ΓêÜ should return playlist results (2 ms)
      ΓêÜ should return err for empty playlist (1 ms)
      ΓêÜ should return err on null result (2 ms)
    getState
      ΓêÜ should return playback state (2 ms)
      ΓêÜ should report not playing when paused (1 ms)
      ΓêÜ should report no player (1 ms)
    transition mutex
      ΓêÜ should acquire and release lock (2 ms)
      ΓêÜ should not be locked initially (1 ms)
      ΓêÜ should expose mutex via getter (1 ms)
      ΓêÜ should timeout when lock is held (250 ms)

PASS tests/unit/core/gracefulDegradation.test.ts
  GracefulDegradation
    initialize()
      ΓêÜ should register core services on init (2 ms)
      ΓêÜ should only initialize once
    registerService()
      ΓêÜ should register a new service (1 ms)
      ΓêÜ should register critical service (1 ms)
    markService() / markHealthy() / markDegraded() / markUnavailable()
      ΓêÜ should mark service as degraded (3 ms)
      ΓêÜ should mark service as unavailable (1 ms)
      ΓêÜ should mark service as healthy (2 ms)
      ΓêÜ should emit serviceStateChange event on state change (2 ms)
      ΓêÜ should not emit event if state unchanged (1 ms)
      ΓêÜ should ignore unknown services (1 ms)
    degradation level updates
      ΓêÜ should be NORMAL when all services healthy (2 ms)
      ΓêÜ should be DEGRADED when non-critical service is down (1 ms)
      ΓêÜ should be CRITICAL when critical service is down
      ΓêÜ should be OFFLINE when all services are down (1 ms)
      ΓêÜ should recover from DEGRADED to NORMAL (1 ms)
      ΓêÜ should emit levelChange event (1 ms)
    execute() ΓÇö primary + fallback
      ΓêÜ should return success result on successful execution (1 ms)
      ΓêÜ should use fallback function when primary fails (2 ms)
      ΓêÜ should use fallbackValue when no fallback function (2 ms)
      ΓêÜ should return failure when all fallbacks fail (2 ms)
      ΓêÜ should cache successful results when cacheKey provided (2 ms)
      ΓêÜ should skip to fallback when service is UNAVAILABLE (3 ms)
      ΓêÜ should recover service state on success after degradation (1 ms)
      ΓêÜ should use registered fallback handler (1 ms)
    write queue
      ΓêÜ should queue write operations (4 ms)
      ΓêÜ should include write data in queue (2 ms)
      ΓêÜ should emit writeQueued event (2 ms)
      ΓêÜ should process queue on service recovery (19 ms)
      ΓêÜ should drop oldest entry when queue is full (2 ms)
    getStatus() / getHealth()
      ΓêÜ should return full system status (2 ms)
      ΓêÜ should report healthy when system is NORMAL (1 ms)
      ΓêÜ should report healthy when system is DEGRADED (1 ms)
      ΓêÜ should report unhealthy when CRITICAL (1 ms)
      ΓêÜ should report unhealthy when OFFLINE (1 ms)
    clearCache()
      ΓêÜ should clear all cache entries (1 ms)
      ΓêÜ should clear only specific service cache (1 ms)
    shutdown()
      ΓêÜ should clear all internal state (1 ms)
    LRU cache eviction
      ΓêÜ should evict oldest cache entries when exceeding maxCacheSize (1 ms)

PASS tests/unit/services/GuildSettingsService.test.ts
  GuildSettingsService
    getGuildSettings()
      ΓêÜ should return cached settings if available (7 ms)
      ΓêÜ should fetch from database if not cached (1 ms)
      ΓêÜ should create default settings if no db record (2 ms)
      ΓêÜ should return defaults on database error (1 ms)
    updateGuildSettings()
      ΓêÜ should update database and invalidate cache (1 ms)
      ΓêÜ should return false on error
    getSetting()
      ΓêÜ should return a nested setting value (2 ms)
      ΓêÜ should return default value if key not found (4 ms)
    updateSetting()
      ΓêÜ should merge setting into existing settings JSONB (1 ms)
    getSnipeLimit()
      ΓêÜ should return snipe_limit from settings (1 ms)
      ΓêÜ should return default if not set
    setSnipeLimit()
      ΓêÜ should clamp to min 1 (1 ms)
      ΓêÜ should clamp to max 50 (1 ms)
      ΓêÜ should accept valid value (2 ms)
    setDeleteLimit()
      ΓêÜ should clamp between 1 and 1000 (1 ms)
    log channels
      ΓêÜ should get and set log channel (2 ms)
      ΓêÜ should get and set mod log channel (1 ms)
    admin roles
      ΓêÜ should get admin roles (2 ms)
      ΓêÜ should return empty array if no admin roles (1 ms)
      ΓêÜ should add admin role (deduplicates) (1 ms)
      ΓêÜ should add new admin role (1 ms)
      ΓêÜ should remove admin role (1 ms)
    mod roles
      ΓêÜ should add and remove mod roles (1 ms)
    isServerOwner()
      ΓêÜ should return true for server owner (1 ms)
      ΓêÜ should return false for non-owner (1 ms)
    hasAdminPermission()
      ΓêÜ should return true for server owner (3 ms)
      ΓêÜ should return true for Discord Administrator
      ΓêÜ should return true for custom admin role (1 ms)
      ΓêÜ should return false for regular user (1 ms)
    hasModPermission()
      ΓêÜ should return true if user has admin
      ΓêÜ should return true for mod role (2 ms)
    clearCache()
      ΓêÜ should invalidate guild settings cache (1 ms)
    DEFAULT_GUILD_SETTINGS
      ΓêÜ should have sensible defaults (2 ms)

PASS tests/unit/cache/music/VoteCache.test.ts
  VoteCache
    Skip Vote
      startSkipVote
        ΓêÜ should create a skip vote session (5 ms)
        ΓêÜ should include the starter as first voter (1 ms)
        ΓêÜ should replace existing vote session (1 ms)
      addSkipVote
        ΓêÜ should add a new vote (1 ms)
        ΓêÜ should reject duplicate vote (1 ms)
        ΓêÜ should return null if no active session (1 ms)
      endSkipVote
        ΓêÜ should remove the vote session (4 ms)
        ΓêÜ should return 0 if no session (2 ms)
        ΓêÜ should clear timeout if set (2 ms)
      hasActiveSkipVote
        ΓêÜ should return true when active (2 ms)
        ΓêÜ should return false when none (1 ms)
      setSkipVoteTimeout
        ΓêÜ should store timeout on session (1 ms)
        ΓêÜ should do nothing without session (1 ms)
      setSkipVoteMessage
        ΓêÜ should store MessageRef (1 ms)
        ΓêÜ should convert Discord Message-like to MessageRef (1 ms)
      getRequiredVotes
        ΓêÜ should require 60% of listeners (rounded up) (3 ms)
      hasEnoughSkipVotes
        ΓêÜ should return true when threshold met (7 ms)
        ΓêÜ should return false when below threshold (1 ms)
        ΓêÜ should return false with no session (2 ms)
      getVoteSkipStatus
        ΓêÜ should return active status (1 ms)
        ΓêÜ should return inactive status with calculated required (1 ms)
        ΓêÜ should return 0 required when no listeners provided (1 ms)
    Priority Vote
      startPriorityVote
        ΓêÜ should create a priority vote session (1 ms)
        ΓêÜ should store the track (8 ms)
      addPriorityVote
        ΓêÜ should add vote (1 ms)
        ΓêÜ should reject duplicate (1 ms)
        ΓêÜ should return null with no session
      endPriorityVote
        ΓêÜ should return result with pass/fail (1 ms)
        ΓêÜ should return failed when not enough votes (1 ms)
        ΓêÜ should return null with no session
        ΓêÜ should clear session after ending
    cleanup
      ΓêÜ should remove stale vote sessions (>5 min) (1 ms)
      ΓêÜ should keep recent vote sessions
      ΓêÜ should clean stale priority votes too (1 ms)
    cleanupGuild
      ΓêÜ should end both skip and priority votes for guild (1 ms)
    getStats
      ΓêÜ should count active sessions (1 ms)
    shutdown
      ΓêÜ should clear all sessions (1 ms)

PASS tests/unit/services/moderation/FilterService.test.ts
  FilterService
    normalizeText()
      ΓêÜ should lowercase text (8 ms)
      ΓêÜ should strip zalgo characters
      ΓêÜ should convert leetspeak for @ symbol (1 ms)
      ΓêÜ should convert digit-based leetspeak (3 ms)
      ΓêÜ should handle empty string (1 ms)
      ΓêÜ should handle normal text without changes (1 ms)
    matchesFilter()
      exact match
        ΓêÜ should match exact text (1 ms)
        ΓêÜ should match case-insensitively (1 ms)
        ΓêÜ should not match partial text (1 ms)
      word match
        ΓêÜ should match whole words (2 ms)
        ΓêÜ should not match partial words (1 ms)
        ΓêÜ should match at start of text (1 ms)
        ΓêÜ should match at end of text
      contains match
        ΓêÜ should match substring
        ΓêÜ should not match non-present text (1 ms)
      regex match
        ΓêÜ should match regex patterns (1 ms)
        ΓêÜ should handle invalid regex gracefully (1 ms)
      leetspeak bypass detection
        ΓêÜ should catch @ leetspeak in contains mode (1 ms)
        ΓêÜ should catch digit-based leetspeak after regex fix (1 ms)
    checkMessage()
      ΓêÜ should return null for empty content (1 ms)
      ΓêÜ should return null for content shorter than min word length (4 ms)
      ΓêÜ should return null when no filters exist (1 ms)
      ΓêÜ should return matching filter when content matches (2 ms)
      ΓêÜ should strip URLs before checking (exempt patterns) (1 ms)
    addFilter()
      ΓêÜ should add filter and invalidate cache (1 ms)
    removeFilter()
      ΓêÜ should remove filter by pattern and invalidate cache (1 ms)
    clearFilters()
      ΓêÜ should clear all filters and invalidate cache (1 ms)
    importPreset()
      ΓêÜ should import a known preset (3 ms)
      ΓêÜ should throw for unknown preset (41 ms)
    getFilterCount()
      ΓêÜ should return count from repository (1 ms)
    invalidateCache()
      ΓêÜ should delete guild filter cache (1 ms)

PASS tests/unit/services/music/QueueService.test.ts
  QueueService
    getOrCreate()
      ΓêÜ should get or create queue for guild (7 ms)
    get()
      ΓêÜ should return queue if exists
      ΓêÜ should return null if queue does not exist (1 ms)
    getTracks()
      ΓêÜ should return tracks from queue (2 ms)
      ΓêÜ should return empty array if no queue (3 ms)
    getLength()
      ΓêÜ should return queue length (1 ms)
    isEmpty()
      ΓêÜ should return true for empty queue (1 ms)
      ΓêÜ should return false for non-empty queue (5 ms)
    getCurrentTrack()
      ΓêÜ should return current track (1 ms)
      ΓêÜ should return null if no current track (1 ms)
    setCurrentTrack()
      ΓêÜ should set current track (1 ms)
      ΓêÜ should allow setting to null
    addTrack()
      ΓêÜ should add track to queue successfully (1 ms)
      ΓêÜ should return error when queue is full
    addTrackToFront()
      ΓêÜ should add track to front successfully (1 ms)
      ΓêÜ should return error when queue is full (1 ms)
    addTracks()
      ΓêÜ should add multiple tracks (1 ms)
    removeTrack()
      ΓêÜ should remove track at valid index (2 ms)
      ΓêÜ should return error for invalid index (negative) (4 ms)
      ΓêÜ should return error for index out of bounds (1 ms)
    clear()
      ΓêÜ should clear all tracks (1 ms)
    moveTrack()
      ΓêÜ should move track successfully (2 ms)
      ΓêÜ should return error when no queue exists (1 ms)
      ΓêÜ should return error for invalid source position (1 ms)
      ΓêÜ should return error for invalid destination position (2 ms)
    getNextTrack()
      ΓêÜ should return next track (1 ms)
    Loop Mode
      getLoopMode()
        ΓêÜ should return current loop mode (1 ms)
        ΓêÜ should return off when no queue (1 ms)
      setLoopMode()
        ΓêÜ should set loop mode
      cycleLoopMode()
        ΓêÜ should cycle loop mode
      getLoopCount()
        ΓêÜ should return loop count (1 ms)
      incrementLoopCount()
        ΓêÜ should increment and return new count (3 ms)
      resetLoopCount()
        ΓêÜ should reset loop count (3 ms)
    Shuffle
      isShuffled()
        ΓêÜ should return shuffle status (1 ms)
        ΓêÜ should return false when no queue
      toggleShuffle()
        ΓêÜ should shuffle when not shuffled (1 ms)
        ΓêÜ should unshuffle when shuffled (1 ms)
        ΓêÜ should return false when no queue (1 ms)
    Volume
      getVolume()
        ΓêÜ should return current volume (1 ms)
        ΓêÜ should return 100 when no queue (1 ms)
      setVolume()
        ΓêÜ should set volume (1 ms)
        ΓêÜ should clamp volume to max 200 (2 ms)
        ΓêÜ should clamp volume to min 0
    Auto-Play
      isAutoPlayEnabled()
        ΓêÜ should return auto-play status (2 ms)
      toggleAutoPlay()
        ΓêÜ should toggle auto-play on (1 ms)
        ΓêÜ should toggle auto-play off (1 ms)
    Skip Vote
      startSkipVote()
        ΓêÜ should start skip vote (1 ms)
      addSkipVote()
        ΓêÜ should add vote (2 ms)
      endSkipVote()
        ΓêÜ should end skip vote (2 ms)
      isSkipVoteActive()
        ΓêÜ should return skip vote status (9 ms)
      hasEnoughSkipVotes()
        ΓêÜ should check if enough votes (2 ms)
    getState()
      ΓêÜ should return full queue state when queue exists (3 ms)
      ΓêÜ should return default state when no queue (2 ms)
    destroy()
      ΓêÜ should delete queue (1 ms)

PASS tests/unit/services/api/AnilistService.test.ts
  AnilistService
    searchAnime
      ΓêÜ should search and return anime data (23 ms)
      ΓêÜ should return cached result (8 ms)
      ΓêÜ should return null when no results (2 ms)
      ΓêÜ should handle API errors gracefully (59 ms)
    searchAnimeAutocomplete
      ΓêÜ should return autocomplete suggestions (1 ms)
      ΓêÜ should return empty array on error (12 ms)
    getAnimeById
      ΓêÜ should fetch anime by ID (1 ms)
      ΓêÜ should return null on error (1 ms)
    utility methods
      ΓêÜ formatDuration should format minutes to hours and minutes (1 ms)
      ΓêÜ getRecommendation should return appropriate labels
      ΓêÜ truncate should trim long strings (3 ms)
      ΓêÜ formatDate should format FuzzyDate (4 ms)
      ΓêÜ formatCountdown should format seconds to d/h/m (1 ms)
      ΓêÜ getTrailerUrl should build trailer links (1 ms)
      ΓêÜ formatRelatedEntries should format relation edges (1 ms)
      ΓêÜ formatRelatedEntries should return message when no entries (2 ms)
      ΓêÜ formatRelatedEntries should skip non-anime/movie entries (1 ms)

PASS tests/unit/core/Container.test.ts
  Container
    register()
      ΓêÜ should register a service factory (3 ms)
      ΓêÜ should allow chaining registrations (4 ms)
      ΓêÜ should register tags (2 ms)
    instance()
      ΓêÜ should register a pre-built instance (1 ms)
    resolve()
      ΓêÜ should resolve a registered service (1 ms)
      ΓêÜ should throw if service not found (58 ms)
      ΓêÜ should cache singleton instances by default (2 ms)
      ΓêÜ should create new instances when singleton=false (9 ms)
      ΓêÜ should pass container to factory (4 ms)
      ΓêÜ should detect circular dependencies (6 ms)
      ΓêÜ should detect deep circular dependencies (3 ms)
      ΓêÜ should resolve pre-built instances (1 ms)
    has()
      ΓêÜ should return true for registered factories (1 ms)
      ΓêÜ should return true for registered instances (2 ms)
      ΓêÜ should return false for unregistered services (1 ms)
    tagged()
      ΓêÜ should return all services with a tag (1 ms)
      ΓêÜ should return empty array for unknown tag (1 ms)
    reset()
      ΓêÜ should clear cached instances but keep factories (2 ms)
    clear()
      ΓêÜ should remove all registrations and instances (4 ms)
    boot()
      ΓêÜ should initialize all services with initialize method (1 ms)
      ΓêÜ should initialize only specified services
      ΓêÜ should handle services without initialize method (4 ms)
      ΓêÜ should throw if boot is called during boot (110 ms)
    shutdown()
      ΓêÜ should call shutdown on all instantiated services (1 ms)
      ΓêÜ should continue shutdown even if one service fails (1 ms)
      ΓêÜ should clear instances after shutdown (4 ms)
    getDebugInfo()
      ΓêÜ should return debug information (2 ms)

PASS tests/unit/core/circuitBreakerRegistry.test.ts
  CircuitBreakerRegistry
    CIRCUIT_CONFIGS
      ΓêÜ should have pre-configured breakers for all expected services (8 ms)
      ΓêÜ should have fallback functions for API breakers (9 ms)
      ΓêÜ should have redis fallback return null (cache miss is acceptable) (2 
ms)
      ΓêÜ should have discord config that ignores 429 rate limits (2 ms)
    initialize()
      ΓêÜ should register all pre-configured breakers (2 ms)
      ΓêÜ should only initialize once (1 ms)
      ΓêÜ should start all breakers in CLOSED state (5 ms)
    register()
      ΓêÜ should register a new breaker (2 ms)
      ΓêÜ should return existing breaker if name already registered (1 ms)
      ΓêÜ should register state change listeners (1 ms)
    get()
      ΓêÜ should return breaker by name (9 ms)
      ΓêÜ should return undefined for unknown name (1 ms)
    execute()
      ΓêÜ should execute through named breaker (2 ms)
      ΓêÜ should execute directly when breaker not found (1 ms)
      ΓêÜ should throw when breaker trips (54 ms)
    getHealth()
      ΓêÜ should report healthy when all breakers are CLOSED (2 ms)
      ΓêÜ should report per-breaker health (2 ms)
    getMetrics()
      ΓêÜ should return metrics for all breakers (1 ms)
    getSummary()
      ΓêÜ should count breakers by state (3 ms)
    resetAll()
      ΓêÜ should reset all breakers to CLOSED (2 ms)
    resetAllMetrics()
      ΓêÜ should clear metrics for all breakers (1 ms)
    shutdown()
      ΓêÜ should clear all breakers (4 ms)
      ΓêÜ should allow re-initialization after shutdown

  console.warn
    A function to advance timers was called but the timers APIs are not replaced with fake timers. Call `jest.useFakeTimers()` in this test file or enable fake timers for all tests by setting 'fakeTimers': {'enableGlobally': true} in Jest configuration file.
    Stack Trace:
    
        [0m [90m 80 |[39m             [36mconst[39m before [33m=[39m queue[33m.[39mlastAccessed[33m;[39m
         [90m 81 |[39m             [90m// Small delay[39m
        [31m[1m>[22m[39m[90m 82 |[39m             jest[33m.[39madvanceTimersByTime[33m?[39m[33m.[39m([35m10[39m)[33m;[39m
         [90m    |[39m                                       [31m[1m^[22m[39m
         [90m 83 |[39m             [36mconst[39m queue2 [33m=[39m queueCache[33m.[39mgetOrCreate([32m'guild1'[39m)[33m;[39m
         [90m 84 |[39m             expect(queue2[33m.[39mlastAccessed)[33m.[39mtoBeGreaterThanOrEqual(before)[33m;[39m
         [90m 85 |[39m         })[33m;[39m[0m
    
          Error: 
          at FakeTimers._checkFakeTimers (node_modules/@jest/fake-timers/build/index.js:641:7)
          at FakeTimers.advanceTimersByTime (node_modules/@jest/fake-timers/build/index.js:575:14)
          at Object.<anonymous> (tests/unit/cache/music/QueueCache.test.ts:82:39)

    [0m [90m 80 |[39m             [36mconst[39m before [33m=[39m queue[33m.[39mlastAccessed[33m;[39m
     [90m 81 |[39m             [90m// Small delay[39m
    [31m[1m>[22m[39m[90m 82 |[39m             jest[33m.[39madvanceTimersByTime[33m?[39m[33m.[39m([35m10[39m)[33m;[39m
     [90m    |[39m                                       [31m[1m^[22m[39m
     [90m 83 |[39m             [36mconst[39m queue2 [33m=[39m queueCache[33m.[39mgetOrCreate([32m'guild1'[39m)[33m;[39m
     [90m 84 |[39m             expect(queue2[33m.[39mlastAccessed)[33m.[39mtoBeGreaterThanOrEqual(before)[33m;[39m
     [90m 85 |[39m         })[33m;[39m[0m

      at FakeTimers._checkFakeTimers (node_modules/@jest/fake-timers/build/index.js:639:28)
      at FakeTimers.advanceTimersByTime (node_modules/@jest/fake-timers/build/index.js:575:14)
      at Object.<anonymous> (tests/unit/cache/music/QueueCache.test.ts:82:39)

PASS tests/unit/cache/music/QueueCache.test.ts
  QueueCache
    getOrCreate
      ΓêÜ should create a default queue for a new guild (6 ms)
      ΓêÜ should return existing queue for known guild (1 ms)
      ΓêÜ should update lastAccessed on get (69 ms)
      ΓêÜ should evict oldest inactive queue when at capacity (4 ms)
      ΓêÜ should not evict queues with a currentTrack (active) (1 ms)
    get
      ΓêÜ should return null for unknown guild (1 ms)
      ΓêÜ should return queue for known guild (1 ms)
    update
      ΓêÜ should update queue properties (2 ms)
      ΓêÜ should return null for unknown guild (1 ms)
      ΓêÜ should update updatedAt timestamp (1 ms)
    delete
      ΓêÜ should remove queue (1 ms)
      ΓêÜ should return false for unknown guild (1 ms)
      ΓêÜ should clear inactivity timer (5 ms)
      ΓêÜ should clear vcMonitorInterval (1 ms)
      ΓêÜ should null out message references (1 ms)
    has
      ΓêÜ should return true for existing queue
      ΓêÜ should return false for non-existent queue
    getActiveGuildIds
      ΓêÜ should return all guild IDs (4 ms)
    addTrack
      ΓêÜ should add track to queue (2 ms)
      ΓêÜ should add track to end (1 ms)
      ΓêÜ should also add to originalTracks
      ΓêÜ should reject when queue is full (2 ms)
    addTrackToFront
      ΓêÜ should add track to beginning (2 ms)
      ΓêÜ should return position 1 (1 ms)
      ΓêÜ should reject when queue is full (1 ms)
    addTracks
      ΓêÜ should add multiple tracks (1 ms)
      ΓêÜ should partially add when hitting limit (1 ms)
    removeTrack
      ΓêÜ should remove track at index (1 ms)
      ΓêÜ should return null for invalid index (1 ms)
      ΓêÜ should return null for unknown guild (3 ms)
    clearTracks
      ΓêÜ should clear all tracks (1 ms)
      ΓêÜ should do nothing for unknown guild (1 ms)
    getNextTrack
      ΓêÜ should return and remove the first track (2 ms)
      ΓêÜ should return null for empty queue (1 ms)
      ΓêÜ should return null for unknown guild (1 ms)
    shuffle / unshuffle
      ΓêÜ should set isShuffled to true (1 ms)
      ΓêÜ should unshuffle and restore original order (2 ms)
      ΓêÜ should not throw for unknown guild (1 ms)
    setCurrentTrack / getCurrentTrack
      ΓêÜ should set and get current track (1 ms)
      ΓêÜ should set to null (1 ms)
      ΓêÜ should return null for unknown guild (1 ms)
    togglePause
      ΓêÜ should toggle pause state (1 ms)
      ΓêÜ should return false for unknown guild (1 ms)
    loop mode
      ΓêÜ should set loop mode (1 ms)
      ΓêÜ should reset loopCount when changing mode (1 ms)
      ΓêÜ should cycle modes off ΓåÆ track ΓåÆ queue ΓåÆ off (3 ms)
      ΓêÜ should return off for unknown guild (3 ms)
    setVolume
      ΓêÜ should set volume (1 ms)
      ΓêÜ should clamp volume 0-200 (1 ms)
      ΓêÜ should return 100 for unknown guild (1 ms)
    nowPlayingMessage
      ΓêÜ should store MessageRef (1 ms)
      ΓêÜ should accept Discord Message-like object (with .id) (1 ms)
      ΓêÜ should clear message (1 ms)
      ΓêÜ should set to null (1 ms)
      ΓêÜ should return null for unknown guild (2 ms)
    cleanup
      ΓêÜ should remove stale queues (>1 hour inactive) (1 ms)
      ΓêÜ should not remove active queues (with currentTrack) (2 ms)
      ΓêÜ should not remove recent queues (1 ms)
    getStats
      ΓêÜ should return correct stats (1 ms)
    shutdown
      ΓêÜ should clear all queues
      ΓêÜ should clear timers on shutdown

PASS tests/unit/core/errorCodes.test.ts
  ErrorCodes
    ErrorCodes constant
      ΓêÜ should define all general error codes (9 ms)
      ΓêÜ should define all user error codes (3 ms)
      ΓêÜ should define all music error codes (6 ms)
      ΓêÜ should define all API error codes (2 ms)
      ΓêÜ should define all database error codes (1 ms)
      ΓêÜ should define all cache error codes (1 ms)
      ΓêÜ should define all video error codes (2 ms)
      ΓêÜ should be immutable (as const) (1 ms)
    getErrorMessage()
      ΓêÜ should return correct message for known codes (2 ms)
      ΓêÜ should return user-friendly messages for user codes (2 ms)
      ΓêÜ should return messages for music codes (1 ms)
      ΓêÜ should return messages for API codes
      ΓêÜ should return fallback for unknown codes
      ΓêÜ should accept locale parameter (currently only en) (1 ms)
    isErrorCategory()
      ΓêÜ should correctly identify GENERAL category (1 ms)
      ΓêÜ should correctly identify USER category
      ΓêÜ should correctly identify MODERATION category
      ΓêÜ should correctly identify MUSIC category
      ΓêÜ should correctly identify API category
      ΓêÜ should correctly identify DATABASE category (1 ms)
      ΓêÜ should correctly identify CACHE category (2 ms)
      ΓêÜ should correctly identify GUILD category (2 ms)
      ΓêÜ should correctly identify VIDEO category (3 ms)
      ΓêÜ should return false for unknown category (1 ms)
      ΓêÜ should return false for unknown code in valid category (1 ms)

PASS tests/unit/core/Result.test.ts
  Result
    Result.ok()
      ΓêÜ should create a success result with data (3 ms)
      ΓêÜ should create a success result without data (1 ms)
      ΓêÜ should handle primitive values (1 ms)
    Result.err()
      ΓêÜ should create an error result (1 ms)
      ΓêÜ should include error details (1 ms)
    Result.fromError()
      ΓêÜ should create result from Error object (30 ms)
      ΓêÜ should use custom error code (1 ms)
    isOk() / isErr()
      ΓêÜ should return true for success on isOk() (1 ms)
      ΓêÜ should return true for error on isErr() (1 ms)
      ΓêÜ should work as type guard
    unwrap()
      ΓêÜ should return data for success result (1 ms)
      ΓêÜ should throw for error result (11 ms)
      ΓêÜ should include error code in thrown error
    unwrapOr()
      ΓêÜ should return data for success result (1 ms)
      ΓêÜ should return default for error result
      ΓêÜ should work with different types
    map()
      ΓêÜ should transform success data (1 ms)
      ΓêÜ should skip transformation for error (1 ms)
      ΓêÜ should change the data type (1 ms)
    flatMap()
      ΓêÜ should chain Result-returning functions (1 ms)
      ΓêÜ should short-circuit on error (1 ms)
      ΓêÜ should preserve error details through chain (1 ms)
    toJSON()
      ΓêÜ should serialize success result (1 ms)
      ΓêÜ should serialize error result (1 ms)
      ΓêÜ should be JSON.stringify compatible (3 ms)
    toReply()
      ΓêÜ should create success reply (1 ms)
      ΓêÜ should use default success message (1 ms)
      ΓêÜ should create error reply
      ΓêÜ should respect ephemeral option for success (1 ms)
    practical use cases
      ΓêÜ should work for validation chain (3 ms)

PASS tests/unit/services/api/RedditService.test.ts
  RedditService
    getAccessToken
      ΓêÜ should return cached token from Redis if not expired (5 ms)
      ΓêÜ should authenticate with Reddit API when no cache (2 ms)
      ΓêÜ should throw on auth failure (35 ms)
    searchSubreddits
      ΓêÜ should return subreddit suggestions (2 ms)
      ΓêÜ should return empty array on error (2 ms)
    fetchSubredditPosts
      ΓêÜ should fetch and parse posts (4 ms)
      ΓêÜ should return not_found for invalid subreddit
      ΓêÜ should handle 404 error
      ΓêÜ should return rate_limited when low remaining (1 ms)
    fetchTrendingPosts
      ΓêÜ should fetch trending posts (4 ms)
      ΓêÜ should handle empty response (1 ms)
      ΓêÜ should handle errors (1 ms)
    fetchAllPosts
      ΓêÜ should fetch r/all posts (1 ms)
    post parsing
      ΓêÜ should parse gallery posts (1 ms)
      ΓêÜ should parse video posts (2 ms)

PASS tests/unit/services/moderation/AutoModService.test.ts
  AutoModService
    getSettings
      ΓêÜ should use cacheService.getOrSet (4 ms)
    invalidateCache
      ΓêÜ should delete settings from cache (1 ms)
    updateSettings
      ΓêÜ should update via repository and invalidate cache (2 ms)
    toggleFeature
      ΓêÜ should toggle via repository and invalidate cache (1 ms)
    shouldBypass
      ΓêÜ should bypass for bots
      ΓêÜ should bypass for guild owner
      ΓêÜ should bypass for admins
      ΓêÜ should bypass for ignored roles (1 ms)
      ΓêÜ should not bypass for normal users
    shouldIgnoreChannel
      ΓêÜ should return true for ignored channels
      ΓêÜ should return false for non-ignored channels
    checkInvites
      ΓêÜ should detect discord.gg invite links (1 ms)
      ΓêÜ should detect discordapp.com/invite links (1 ms)
      ΓêÜ should return null when invites disabled (1 ms)
      ΓêÜ should return null for normal messages (1 ms)
    checkLinks
      ΓêÜ should allow whitelisted links (2 ms)
      ΓêÜ should detect blacklisted links (2 ms)
      ΓêÜ should allow media links when allowMedia is true (2 ms)
      ΓêÜ should return null when links disabled (1 ms)
      ΓêÜ should return null for messages without URLs (1 ms)
    checkMentions
      ΓêÜ should detect mention spam (1 ms)
      ΓêÜ should count all mention types
      ΓêÜ should return null when under limit
      ΓêÜ should return null when mentions disabled (1 ms)
    checkCaps
      ΓêÜ should detect caps spam (1 ms)
      ΓêÜ should return null for short messages (1 ms)
      ΓêÜ should return null for normal case messages (1 ms)
      ΓêÜ should return null when caps disabled (1 ms)
      ΓêÜ should strip emojis before checking (1 ms)
    checkSpam
      ΓêÜ should detect spam when threshold reached (1 ms)
      ΓêÜ should return null when under threshold
      ΓêÜ should return null when spam disabled
    checkDuplicates
      ΓêÜ should detect duplicate messages (1 ms)
      ΓêÜ should ignore short messages
      ΓêÜ should return null when under threshold
    checkWordFilter
      ΓêÜ should detect FilterService matches (1 ms)
      ΓêÜ should check filtered_words from settings (1 ms)
      ΓêÜ should return null when filter disabled (1 ms)
      ΓêÜ should return null for clean messages (1 ms)
    processMessage
      ΓêÜ should return null for bot messages (1 ms)
      ΓêÜ should return null for non-guild messages
      ΓêÜ should return null when automod is disabled
      ΓêÜ should return first violation found (1 ms)
      ΓêÜ should return null for clean messages (1 ms)
    executeAction
      ΓêÜ should delete message when action includes delete (1 ms)
      ΓêÜ should track warn count and not escalate below threshold (2 ms)
      ΓêÜ should escalate to mute at threshold (2 ms)
      ΓêÜ should log infraction via InfractionService (1 ms)
    addIgnoredChannel
      ΓêÜ should add channel to ignored list (1 ms)
      ΓêÜ should not add duplicate channel
    removeIgnoredChannel
      ΓêÜ should remove channel from ignored list (1 ms)
    addIgnoredRole
      ΓêÜ should add role to ignored list (5 ms)
    removeIgnoredRole
      ΓêÜ should remove role from ignored list (2 ms)

PASS tests/unit/services/api/WikipediaService.test.ts
  WikipediaService
    search
      ΓêÜ should return cached results if available (4 ms)
      ΓêÜ should search Wikipedia API successfully (2 ms)
      ΓêÜ should cache successful results (2 ms)
      ΓêÜ should return empty results when no matches (3 ms)
      ΓêÜ should handle API errors gracefully (1 ms)
      ΓêÜ should respect language option (2 ms)
      ΓêÜ should limit results to max 10 (1 ms)
      ΓêÜ should use cache key with language prefix (1 ms)
    getArticleSummary
      ΓêÜ should return cached article if available (1 ms)
      ΓêÜ should fetch article summary from REST API (2 ms)
      ΓêÜ should handle 404 (article not found) (3 ms)
      ΓêÜ should handle API errors
      ΓêÜ should encode title with spaces (1 ms)
      ΓêÜ should use different language endpoints (1 ms)
    getRandomArticle
      ΓêÜ should fetch random article (2 ms)
      ΓêÜ should use correct endpoint (1 ms)
      ΓêÜ should handle errors
    getOnThisDay
      ΓêÜ should fetch on-this-day events (2 ms)
      ΓêÜ should limit pages per event to 3 (1 ms)
      ΓêÜ should limit events to 5 (1 ms)
      ΓêÜ should handle errors (3 ms)
      ΓêÜ should handle empty events (1 ms)
    getFeaturedArticle
      ΓêÜ should fetch featured article (1 ms)
      ΓêÜ should use correct date in URL (2 ms)
      ΓêÜ should return error when no featured article (1 ms)
      ΓêÜ should handle API errors (1 ms)
    shutdown
      ΓêÜ should not throw on shutdown

PASS tests/unit/config/validation.test.ts
  Config Validation
    validateEnvironment()
      ΓêÜ should pass when all required vars are set (5 ms)
      ΓêÜ should fail when BOT_TOKEN is missing (1 ms)
      ΓêÜ should fail when CLIENT_ID is missing (1 ms)
      ΓêÜ should fail when all database vars are missing (1 ms)
      ΓêÜ should report all missing required vars at once (1 ms)
      ΓêÜ should treat empty string as missing (2 ms)
      ΓêÜ should treat whitespace-only string as missing (2 ms)
      ΓêÜ should generate warnings for missing optional vars (1 ms)
      ΓêÜ should categorize warnings correctly (5 ms)
      ΓêÜ should include description in missing vars (1 ms)
      ΓêÜ should not warn for optional vars that are set (1 ms)
      ΓêÜ should return correct ValidationResult shape (8 ms)
    DB_PORT optional behavior
      ΓêÜ should not require DB_PORT (1 ms)
    API key categories
      ΓêÜ should list all API keys as optional

PASS tests/unit/services/api/SteamService.test.ts
  SteamService
    filterGamesByDiscount
      ΓêÜ should filter games by minimum discount (4 ms)
      ΓêÜ should sort by discount descending (1 ms)
      ΓêÜ should return only 100% discount games when minDiscount is 0 (2 ms)
      ΓêÜ should return empty array when no games match
      ΓêÜ should handle empty input
    formatOwners
      ΓêÜ should format millions (2 ms)
      ΓêÜ should format thousands (1 ms)
      ΓêÜ should format small numbers (1 ms)
      ΓêÜ should return "Unknown" for undefined
      ΓêÜ should return original string for invalid format
      ΓêÜ should handle single value format (1 ms)
    fetchSteamSales
      ΓêÜ should fetch and parse sales pages (8 ms)
      ΓêÜ should handle fetch errors gracefully (3 ms)
      ΓêÜ should deduplicate games (2 ms)
    fetchFeaturedSales
      ΓêÜ should fetch featured sales (2 ms)
      ΓêÜ should return empty array on error (1 ms)
      ΓêÜ should return empty array when no specials (2 ms)
    getSteamSpyData
      ΓêÜ should fetch SteamSpy data (2 ms)
      ΓêÜ should return null on error (1 ms)
      ΓêÜ should return null on non-ok response (1 ms)

PASS tests/unit/events/BaseEvent.test.ts
  BaseEvent
    constructor
      ΓêÜ should set name and once from options (3 ms)
      ΓêÜ should default once to false (1 ms)
      ΓêÜ should set once to true when specified
      ΓêÜ should throw when instantiating BaseEvent directly (20 ms)
    safeExecute()
      ΓêÜ should call execute() with client and args (2 ms)
      ΓêÜ should catch errors and log them (2 ms)
      ΓêÜ should log stack trace on error (6 ms)
      ΓêÜ should handle non-Error objects thrown (1 ms)
      ΓêÜ should not throw even on catastrophic errors
      ΓêÜ should pass through return value silently (void) (1 ms)

PASS tests/unit/services/moderation/SnipeService.test.ts
  SnipeService
    getDeletedMessages()
      ΓêÜ should return all messages for a guild (8 ms)
      ΓêÜ should return empty array when no messages exist (2 ms)
      ΓêÜ should filter by channel when channelId is provided (3 ms)
      ΓêÜ should return empty array when channel has no messages
    getMessage()
      ΓêÜ should return message at default index 0 (1 ms)
      ΓêÜ should return message at specific index (4 ms)
      ΓêÜ should return null for out-of-bounds index (1 ms)
      ΓêÜ should filter by channel and return indexed result (1 ms)
      ΓêÜ should return null when no messages exist
    clearMessages()
      ΓêÜ should clear all messages for a guild
      ΓêÜ should return 0 when no messages exist
      ΓêÜ should clear messages for a specific channel only (1 ms)
      ΓêÜ should delete cache key when channel clear removes all messages (1 
ms)

FAIL tests/unit/core/errors.test.ts
  ΓùÅ Test suite failed to run

    Cannot find module '../../../src/errors/MusicError' from 
'tests/unit/core/errors.test.ts'

    [0m [90m 16 |[39m     [33mCooldownError[39m[33m,[39m
     [90m 17 |[39m } [36mfrom[39m 
[32m'../../../src/errors/AppError'[39m[33m;[39m
    [31m[1m>[22m[39m[90m 18 |[39m [36mimport[39m { 
[33mMusicError[39m } [36mfrom[39m 
[32m'../../../src/errors/MusicError'[39m[33m;[39m
     [90m    |[39m [31m[1m^[22m[39m
     [90m 19 |[39m [36mimport[39m { [33mVideoError[39m } [36mfrom[39m 
[32m'../../../src/errors/VideoError'[39m[33m;[39m
     [90m 20 |[39m [36mimport[39m { [33mApiError[39m } [36mfrom[39m 
[32m'../../../src/errors/ApiError'[39m[33m;[39m
     [90m 21 |[39m[0m

      at Resolver._throwModNotFoundError 
(node_modules/jest-resolve/build/index.js:863:11)
      at Object.<anonymous> (tests/unit/core/errors.test.ts:18:1)

Summary of all failing tests
FAIL tests/unit/services/api/NHentaiService.test.ts (5.211 s)
  ΓùÅ NHentaiService ΓÇ║ fetchGallery ΓÇ║ should fetch gallery from API and 
cache it

    expect(received).toEqual(expected) // deep equality

    - Expected  - 21
    + Received  +  5

    @@ -1,35 +1,19 @@
      Object {
        "data": Object {
          "id": 177013,
          "images": Object {
            "cover": Object {
    -         "h": 500,
    -         "t": "j",
    -         "w": 350,
    -       },
    -       "pages": Array [
    -         Object {
    -           "h": 1800,
    +         "h": 0,
              "t": "j",
    -           "w": 1280,
    +         "w": 0,
            },
    -         Object {
    -           "h": 1800,
    -           "t": "p",
    -           "w": 1280,
    -         },
    -         Object {
    -           "h": 600,
    -           "t": "g",
    -           "w": 800,
    -         },
    -       ],
    +       "pages": Array [],
            "thumbnail": Object {
    -         "h": 350,
    +         "h": 0,
              "t": "j",
    -         "w": 250,
    +         "w": 0,
            },
          },
          "media_id": "987654",
          "num_favorites": 1000,
          "num_pages": 3,

    [0m [90m 119 |[39m             [36mconst[39m result [33m=[39m 
[36mawait[39m 
nhentaiService[33m.[39mfetchGallery([35m177013[39m)[33m;[39m
     [90m 120 |[39m
    [31m[1m>[22m[39m[90m 121 |[39m             
expect(result)[33m.[39mtoEqual({ success[33m:[39m 
[36mtrue[39m[33m,[39m data[33m:[39m gallery })[33m;[39m
     [90m     |[39m                            [31m[1m^[22m[39m
     [90m 122 |[39m             
expect(mockCacheSet)[33m.[39mtoHaveBeenCalledWith(
     [90m 123 |[39m                 [32m'api:nhentai'[39m[33m,[39m
     [90m 124 |[39m                 
[32m'nhentai:gallery_177013'[39m[33m,[39m[0m

      at Object.<anonymous> 
(tests/unit/services/api/NHentaiService.test.ts:121:28)

  ΓùÅ NHentaiService ΓÇ║ searchGalleries ΓÇ║ should pass sort parameter 
correctly

    expect(jest.fn()).toHaveBeenCalledWith(...expected)

    Expected: StringContaining "sort=date", Anything
    Received: "https://nhentai.net/api/search?query=test&page=1&sort=recent", 
{"headers": {"Accept": "application/json, text/html, */*", "Accept-Encoding": 
"gzip, deflate, br", "Accept-Language": "en-US,en;q=0.9", "Connection": 
"keep-alive", "DNT": "1", "Origin": "https://nhentai.net", "Referer": 
"https://nhentai.net/", "Sec-CH-UA": "\"Chromium\";v=\"131\", \"Not_A 
Brand\";v=\"24\"", "Sec-CH-UA-Mobile": "?0", "Sec-CH-UA-Platform": 
"\"Windows\"", "Sec-Fetch-Dest": "empty", "Sec-Fetch-Mode": "cors", 
"Sec-Fetch-Site": "same-origin", "User-Agent": "TestAgent"}, "maxRedirects": 
5, "timeout": 15000}

    Number of calls: 1

    [0m [90m 212 |[39m             [36mawait[39m 
nhentaiService[33m.[39msearchGalleries([32m'test'[39m[33m,[39m 
[35m1[39m[33m,[39m [32m'recent'[39m)[33m;[39m
     [90m 213 |[39m
    [31m[1m>[22m[39m[90m 214 |[39m             
expect(mockAxiosGet)[33m.[39mtoHaveBeenCalledWith(
     [90m     |[39m                                  [31m[1m^[22m[39m
     [90m 215 |[39m                 
expect[33m.[39mstringContaining([32m'sort=date'[39m)[33m,[39m
     [90m 216 |[39m                 expect[33m.[39manything()
     [90m 217 |[39m             )[33m;[39m[0m

      at Object.<anonymous> 
(tests/unit/services/api/NHentaiService.test.ts:214:34)

  ΓùÅ NHentaiService ΓÇ║ getSearchSuggestions ΓÇ║ should extract tags from 
search results

    expect(received).toBeGreaterThan(expected)

    Expected: > 0
    Received:   0

    [0m [90m 271 |[39m             [36mconst[39m result [33m=[39m 
[36mawait[39m 
nhentaiService[33m.[39mgetSearchSuggestions([32m'test'[39m)[33m;[39m
     [90m 272 |[39m
    [31m[1m>[22m[39m[90m 273 |[39m             expect(result[33m.[39mle
ngth)[33m.[39mtoBeGreaterThan([35m0[39m)[33m;[39m
     [90m     |[39m                                   [31m[1m^[22m[39m
     [90m 274 |[39m             
expect(mockCacheSet)[33m.[39mtoHaveBeenCalled()[33m;[39m
     [90m 275 |[39m         })[33m;[39m
     [90m 276 |[39m[0m

      at Object.<anonymous> 
(tests/unit/services/api/NHentaiService.test.ts:273:35)

FAIL tests/unit/services/music/MusicFacade.test.ts
  ΓùÅ MusicFacade ΓÇ║ handleQueueEnd ΓÇ║ should send queue finished embed

    expect(jest.fn()).toHaveBeenCalled()

    Expected number of calls: >= 1
    Received number of calls:    0

    [0m [90m 653 |[39m
     [90m 654 |[39m             [36mawait[39m 
musicFacade[33m.[39mhandleQueueEnd([32m'guild1'[39m)[33m;[39m
    [31m[1m>[22m[39m[90m 655 |[39m             expect(mockTrackHandler[3
3m.[39mcreateQueueFinishedEmbed)[33m.[39mtoHaveBeenCalled()[33m;[39m
     [90m     |[39m                                                          
     [31m[1m^[22m[39m
     [90m 656 |[39m             
expect(mockTextChannel[33m.[39msend)[33m.[39mtoHaveBeenCalled()[33m;[39m
     [90m 657 |[39m         })[33m;[39m
     [90m 658 |[39m[0m

      at Object.<anonymous> 
(tests/unit/services/music/MusicFacade.test.ts:655:63)

FAIL tests/unit/core/errorHandler.test.ts
  ΓùÅ interactionErrorBoundary() ΓÇ║ should reply with operational error 
message

    TypeError: ValidationError is not a constructor

    [0m [90m 211 |[39m     it([32m'should reply with operational error 
message'[39m[33m,[39m [36masync[39m () [33m=>[39m {
     [90m 212 |[39m         [36mconst[39m { [33mValidationError[39m } 
[33m=[39m require([32m'../../../src/errors/AppError'[39m)[33m;[39m
    [31m[1m>[22m[39m[90m 213 |[39m         [36mconst[39m handler 
[33m=[39m jest[33m.[39mfn()[33m.[39mmockRejectedValue([36mnew[39m 
[33mValidationError[39m([32m'Bad input'[39m))[33m;[39m
     [90m     |[39m                                                     
[31m[1m^[22m[39m
     [90m 214 |[39m         [36mconst[39m wrapped [33m=[39m 
interactionErrorBoundary(handler)[33m;[39m
     [90m 215 |[39m         [36mconst[39m interaction [33m=[39m 
createMockInteraction()[33m;[39m
     [90m 216 |[39m[0m

      at Object.<anonymous> (tests/unit/core/errorHandler.test.ts:213:53)

FAIL tests/unit/commands/music.test.ts
  ΓùÅ MusicCommand ΓÇ║ subcommand routing ΓÇ║ should route "seek" to correct 
handler

    expect(jest.fn()).toHaveBeenCalledWith(...expected)

    Expected: {"deferReply": [Function mockConstructor], "deferred": false, 
"editReply": [Function mockConstructor], "guild": {"id": "111"}, "options": 
{"getSubcommand": [Function mockConstructor]}, "replied": false, "reply": 
[Function mockConstructor], "user": {"id": "222"}}, "111", "222"

    Number of calls: 0

    [0m [90m 217 |[39m             [36mawait[39m 
musicCommand[33m.[39mrun(interaction)[33m;[39m
     [90m 218 |[39m
    [31m[1m>[22m[39m[90m 219 |[39m             
expect(handler)[33m.[39mtoHaveBeenCalledWith(interaction[33m,[39m 
[32m'111'[39m[33m,[39m [32m'222'[39m)[33m;[39m
     [90m     |[39m                             [31m[1m^[22m[39m
     [90m 220 |[39m         })[33m;[39m
     [90m 221 |[39m     })[33m;[39m
     [90m 222 |[39m[0m

      at tests/unit/commands/music.test.ts:219:29

FAIL tests/unit/commands/baseCommand.test.ts
  ΓùÅ BaseCommand ΓÇ║ execute() ΓÇö error handling ΓÇ║ should use AppError 
message for operational errors

    TypeError: ValidationError is not a constructor

    [0m [90m 358 |[39m             [36mconst[39m { 
[33mValidationError[39m } [33m=[39m 
require([32m'../../../src/errors/AppError'[39m)[33m;[39m
     [90m 359 |[39m             [36mconst[39m cmd [33m=[39m 
[36mnew[39m [33mTestCommand[39m()[33m;[39m
    [31m[1m>[22m[39m[90m 360 |[39m             
cmd[33m.[39mrunFn[33m.[39mmockRejectedValue([36mnew[39m 
[33mValidationError[39m([32m'Invalid option'[39m))[33m;[39m
     [90m     |[39m                                         
[31m[1m^[22m[39m
     [90m 361 |[39m             [36mconst[39m interaction [33m=[39m 
createMockInteraction()[33m;[39m
     [90m 362 |[39m
     [90m 363 |[39m             [36mawait[39m 
cmd[33m.[39mexecute(interaction)[33m;[39m[0m

      at Object.<anonymous> (tests/unit/commands/baseCommand.test.ts:360:41)

FAIL tests/unit/commands/afk.test.ts
  ΓùÅ AFK Command ΓÇ║ onMessage() ΓÇ║ should skip bot messages

    TypeError: (0 , afk_1.onMessage) is not a function

    [0m [90m 274 |[39m         it([32m'should skip bot 
messages'[39m[33m,[39m [36masync[39m () [33m=>[39m {
     [90m 275 |[39m             [36mconst[39m message [33m=[39m 
createMessage({ author[33m:[39m { bot[33m:[39m [36mtrue[39m[33m,[39m 
id[33m:[39m [32m'bot-1'[39m } })[33m;[39m
    [31m[1m>[22m[39m[90m 276 |[39m             [36mawait[39m 
onMessage(message[33m,[39m createClient())[33m;[39m
     [90m     |[39m                            [31m[1m^[22m[39m
     [90m 277 |[39m             
expect(mockRemoveAfk)[33m.[39mnot[33m.[39mtoHaveBeenCalled()[33m;[39m
     [90m 278 |[39m         })[33m;[39m
     [90m 279 |[39m[0m

      at Object.<anonymous> (tests/unit/commands/afk.test.ts:276:28)

  ΓùÅ AFK Command ΓÇ║ onMessage() ΓÇ║ should skip DM messages

    TypeError: (0 , afk_1.onMessage) is not a function

    [0m [90m 280 |[39m         it([32m'should skip DM 
messages'[39m[33m,[39m [36masync[39m () [33m=>[39m {
     [90m 281 |[39m             [36mconst[39m message [33m=[39m 
createMessage({ guild[33m:[39m [36mnull[39m })[33m;[39m
    [31m[1m>[22m[39m[90m 282 |[39m             [36mawait[39m 
onMessage(message[33m,[39m createClient())[33m;[39m
     [90m     |[39m                            [31m[1m^[22m[39m
     [90m 283 |[39m             
expect(mockRemoveAfk)[33m.[39mnot[33m.[39mtoHaveBeenCalled()[33m;[39m
     [90m 284 |[39m         })[33m;[39m
     [90m 285 |[39m[0m

      at Object.<anonymous> (tests/unit/commands/afk.test.ts:282:28)

  ΓùÅ AFK Command ΓÇ║ onMessage() ΓÇ║ should remove AFK status when user sends 
a message

    TypeError: (0 , afk_1.onMessage) is not a function

    [0m [90m 294 |[39m             
message[33m.[39mreply[33m.[39mmockResolvedValue(mockReplyMsg)[33m;[39m
     [90m 295 |[39m             
    [31m[1m>[22m[39m[90m 296 |[39m             [36mawait[39m 
onMessage(message[33m,[39m createClient())[33m;[39m
     [90m     |[39m                            [31m[1m^[22m[39m
     [90m 297 |[39m
     [90m 298 |[39m             expect(mockRemoveAfk)[33m.[39mtoHaveBeenCal
ledWith([32m'user-1'[39m[33m,[39m [32m'guild-1'[39m)[33m;[39m
     [90m 299 |[39m             [90m// reply is fire-and-forget 
(.then().catch()), so it may be called[39m[0m

      at Object.<anonymous> (tests/unit/commands/afk.test.ts:296:28)

  ΓùÅ AFK Command ΓÇ║ onMessage() ΓÇ║ should notify when mentioning AFK user

    TypeError: (0 , afk_1.onMessage) is not a function

    [0m [90m 313 |[39m                 mentions[33m:[39m { 
users[33m:[39m mentionedUsers }[33m,[39m
     [90m 314 |[39m             })[33m;[39m
    [31m[1m>[22m[39m[90m 315 |[39m             [36mawait[39m 
onMessage(message[33m,[39m createClient())[33m;[39m
     [90m     |[39m                            [31m[1m^[22m[39m
     [90m 316 |[39m
     [90m 317 |[39m             [90m// Should have checked mentions[39m
     [90m 318 |[39m             expect(mockGetMultipleAfk)[33m.[39mtoHaveBe
enCalledWith([[32m'mentioned-1'[39m][33m,[39m 
[32m'guild-1'[39m)[33m;[39m[0m

      at Object.<anonymous> (tests/unit/commands/afk.test.ts:315:28)

FAIL tests/unit/commands/say.test.ts
  ΓùÅ SayCommand ΓÇ║ metadata ΓÇ║ should have message, channel, embed, credit, 
and type options

    expect(received).toContain(expected) // indexOf

    Expected value: "credit"
    Received array: ["message", "channel", "embed", "type"]

    [0m [90m 162 |[39m             
expect(optionNames)[33m.[39mtoContain([32m'channel'[39m)[33m;[39m
     [90m 163 |[39m             
expect(optionNames)[33m.[39mtoContain([32m'embed'[39m)[33m;[39m
    [31m[1m>[22m[39m[90m 164 |[39m             
expect(optionNames)[33m.[39mtoContain([32m'credit'[39m)[33m;[39m
     [90m     |[39m                                 [31m[1m^[22m[39m
     [90m 165 |[39m             
expect(optionNames)[33m.[39mtoContain([32m'type'[39m)[33m;[39m
     [90m 166 |[39m         })[33m;[39m
     [90m 167 |[39m     })[33m;[39m[0m

      at Object.<anonymous> (tests/unit/commands/say.test.ts:164:33)

FAIL tests/unit/config/maintenance.test.ts
  ΓùÅ Maintenance Config ΓÇ║ enableMaintenance() / disableMaintenance() ΓÇ║ 
should enable maintenance mode

    TypeError: owner_js_1.OWNER_IDS is not iterable

    [0m [90m  96 |[39m
     [90m  97 |[39m     [90m// Auto-allow all owners during maintenance[39m
    [31m[1m>[22m[39m[90m  98 |[39m     [36mfor[39m ([36mconst[39m 
ownerId [36mof[39m [33mOWNER_IDS[39m) {
     [90m     |[39m                           [31m[1m^[22m[39m
     [90m  99 |[39m         [36mif[39m ([33m![39mmaintenanceState[33m.[
39mallowedUsers[33m.[39mincludes(ownerId)) {
     [90m 100 |[39m             
maintenanceState[33m.[39mallowedUsers[33m.[39mpush(ownerId)[33m;[39m
     [90m 101 |[39m         }[0m

      at enableMaintenance (src/config/maintenance.ts:98:27)
      at Object.<anonymous> (tests/unit/config/maintenance.test.ts:60:30)

  ΓùÅ Maintenance Config ΓÇ║ enableMaintenance() / disableMaintenance() ΓÇ║ 
should disable maintenance mode

    TypeError: owner_js_1.OWNER_IDS is not iterable

    [0m [90m  96 |[39m
     [90m  97 |[39m     [90m// Auto-allow all owners during maintenance[39m
    [31m[1m>[22m[39m[90m  98 |[39m     [36mfor[39m ([36mconst[39m 
ownerId [36mof[39m [33mOWNER_IDS[39m) {
     [90m     |[39m                           [31m[1m^[22m[39m
     [90m  99 |[39m         [36mif[39m ([33m![39mmaintenanceState[33m.[
39mallowedUsers[33m.[39mincludes(ownerId)) {
     [90m 100 |[39m             
maintenanceState[33m.[39mallowedUsers[33m.[39mpush(ownerId)[33m;[39m
     [90m 101 |[39m         }[0m

      at enableMaintenance (src/config/maintenance.ts:98:27)
      at Object.<anonymous> (tests/unit/config/maintenance.test.ts:66:30)

  ΓùÅ Maintenance Config ΓÇ║ enableMaintenance() / disableMaintenance() ΓÇ║ 
should set reason on enable

    TypeError: owner_js_1.OWNER_IDS is not iterable

    [0m [90m  96 |[39m
     [90m  97 |[39m     [90m// Auto-allow all owners during maintenance[39m
    [31m[1m>[22m[39m[90m  98 |[39m     [36mfor[39m ([36mconst[39m 
ownerId [36mof[39m [33mOWNER_IDS[39m) {
     [90m     |[39m                           [31m[1m^[22m[39m
     [90m  99 |[39m         [36mif[39m ([33m![39mmaintenanceState[33m.[
39mallowedUsers[33m.[39mincludes(ownerId)) {
     [90m 100 |[39m             
maintenanceState[33m.[39mallowedUsers[33m.[39mpush(ownerId)[33m;[39m
     [90m 101 |[39m         }[0m

      at enableMaintenance (src/config/maintenance.ts:98:27)
      at Object.<anonymous> (tests/unit/config/maintenance.test.ts:73:30)

  ΓùÅ Maintenance Config ΓÇ║ enableMaintenance() / disableMaintenance() ΓÇ║ 
should use default reason when none provided

    TypeError: owner_js_1.OWNER_IDS is not iterable

    [0m [90m  96 |[39m
     [90m  97 |[39m     [90m// Auto-allow all owners during maintenance[39m
    [31m[1m>[22m[39m[90m  98 |[39m     [36mfor[39m ([36mconst[39m 
ownerId [36mof[39m [33mOWNER_IDS[39m) {
     [90m     |[39m                           [31m[1m^[22m[39m
     [90m  99 |[39m         [36mif[39m ([33m![39mmaintenanceState[33m.[
39mallowedUsers[33m.[39mincludes(ownerId)) {
     [90m 100 |[39m             
maintenanceState[33m.[39mallowedUsers[33m.[39mpush(ownerId)[33m;[39m
     [90m 101 |[39m         }[0m

      at enableMaintenance (src/config/maintenance.ts:98:27)
      at Object.<anonymous> (tests/unit/config/maintenance.test.ts:80:30)

  ΓùÅ Maintenance Config ΓÇ║ enableMaintenance() / disableMaintenance() ΓÇ║ 
should set startTime on enable

    TypeError: owner_js_1.OWNER_IDS is not iterable

    [0m [90m  96 |[39m
     [90m  97 |[39m     [90m// Auto-allow all owners during maintenance[39m
    [31m[1m>[22m[39m[90m  98 |[39m     [36mfor[39m ([36mconst[39m 
ownerId [36mof[39m [33mOWNER_IDS[39m) {
     [90m     |[39m                           [31m[1m^[22m[39m
     [90m  99 |[39m         [36mif[39m ([33m![39mmaintenanceState[33m.[
39mallowedUsers[33m.[39mincludes(ownerId)) {
     [90m 100 |[39m             
maintenanceState[33m.[39mallowedUsers[33m.[39mpush(ownerId)[33m;[39m
     [90m 101 |[39m         }[0m

      at enableMaintenance (src/config/maintenance.ts:98:27)
      at Object.<anonymous> (tests/unit/config/maintenance.test.ts:88:30)

  ΓùÅ Maintenance Config ΓÇ║ enableMaintenance() / disableMaintenance() ΓÇ║ 
should clear all fields on disable

    TypeError: owner_js_1.OWNER_IDS is not iterable

    [0m [90m  96 |[39m
     [90m  97 |[39m     [90m// Auto-allow all owners during maintenance[39m
    [31m[1m>[22m[39m[90m  98 |[39m     [36mfor[39m ([36mconst[39m 
ownerId [36mof[39m [33mOWNER_IDS[39m) {
     [90m     |[39m                           [31m[1m^[22m[39m
     [90m  99 |[39m         [36mif[39m ([33m![39mmaintenanceState[33m.[
39mallowedUsers[33m.[39mincludes(ownerId)) {
     [90m 100 |[39m             
maintenanceState[33m.[39mallowedUsers[33m.[39mpush(ownerId)[33m;[39m
     [90m 101 |[39m         }[0m

      at enableMaintenance (src/config/maintenance.ts:98:27)
      at Object.<anonymous> (tests/unit/config/maintenance.test.ts:97:30)

  ΓùÅ Maintenance Config ΓÇ║ enableMaintenance() / disableMaintenance() ΓÇ║ 
should return state object

    TypeError: owner_js_1.OWNER_IDS is not iterable

    [0m [90m  96 |[39m
     [90m  97 |[39m     [90m// Auto-allow all owners during maintenance[39m
    [31m[1m>[22m[39m[90m  98 |[39m     [36mfor[39m ([36mconst[39m 
ownerId [36mof[39m [33mOWNER_IDS[39m) {
     [90m     |[39m                           [31m[1m^[22m[39m
     [90m  99 |[39m         [36mif[39m ([33m![39mmaintenanceState[33m.[
39mallowedUsers[33m.[39mincludes(ownerId)) {
     [90m 100 |[39m             
maintenanceState[33m.[39mallowedUsers[33m.[39mpush(ownerId)[33m;[39m
     [90m 101 |[39m         }[0m

      at enableMaintenance (src/config/maintenance.ts:98:27)
      at Object.<anonymous> (tests/unit/config/maintenance.test.ts:115:44)

  ΓùÅ Maintenance Config ΓÇ║ enableMaintenance() / disableMaintenance() ΓÇ║ 
should auto-add DEVELOPER_ID to allowed users on enable

    TypeError: owner_js_1.OWNER_IDS is not iterable

    [0m [90m  96 |[39m
     [90m  97 |[39m     [90m// Auto-allow all owners during maintenance[39m
    [31m[1m>[22m[39m[90m  98 |[39m     [36mfor[39m ([36mconst[39m 
ownerId [36mof[39m [33mOWNER_IDS[39m) {
     [90m     |[39m                           [31m[1m^[22m[39m
     [90m  99 |[39m         [36mif[39m ([33m![39mmaintenanceState[33m.[
39mallowedUsers[33m.[39mincludes(ownerId)) {
     [90m 100 |[39m             
maintenanceState[33m.[39mallowedUsers[33m.[39mpush(ownerId)[33m;[39m
     [90m 101 |[39m         }[0m

      at enableMaintenance (src/config/maintenance.ts:98:27)
      at Object.<anonymous> (tests/unit/config/maintenance.test.ts:122:30)

  ΓùÅ Maintenance Config ΓÇ║ enableMaintenance() / disableMaintenance() ΓÇ║ 
should not duplicate DEVELOPER_ID in allowed users

    TypeError: owner_js_1.OWNER_IDS is not iterable

    [0m [90m  96 |[39m
     [90m  97 |[39m     [90m// Auto-allow all owners during maintenance[39m
    [31m[1m>[22m[39m[90m  98 |[39m     [36mfor[39m ([36mconst[39m 
ownerId [36mof[39m [33mOWNER_IDS[39m) {
     [90m     |[39m                           [31m[1m^[22m[39m
     [90m  99 |[39m         [36mif[39m ([33m![39mmaintenanceState[33m.[
39mallowedUsers[33m.[39mincludes(ownerId)) {
     [90m 100 |[39m             
maintenanceState[33m.[39mallowedUsers[33m.[39mpush(ownerId)[33m;[39m
     [90m 101 |[39m         }[0m

      at enableMaintenance (src/config/maintenance.ts:98:27)
      at Object.<anonymous> (tests/unit/config/maintenance.test.ts:129:30)

  ΓùÅ Maintenance Config ΓÇ║ partial mode ΓÇ║ should enable partial mode with 
disabled features

    TypeError: owner_js_1.OWNER_IDS is not iterable

    [0m [90m  96 |[39m
     [90m  97 |[39m     [90m// Auto-allow all owners during maintenance[39m
    [31m[1m>[22m[39m[90m  98 |[39m     [36mfor[39m ([36mconst[39m 
ownerId [36mof[39m [33mOWNER_IDS[39m) {
     [90m     |[39m                           [31m[1m^[22m[39m
     [90m  99 |[39m         [36mif[39m ([33m![39mmaintenanceState[33m.[
39mallowedUsers[33m.[39mincludes(ownerId)) {
     [90m 100 |[39m             
maintenanceState[33m.[39mallowedUsers[33m.[39mpush(ownerId)[33m;[39m
     [90m 101 |[39m         }[0m

      at enableMaintenance (src/config/maintenance.ts:98:27)
      at Object.<anonymous> (tests/unit/config/maintenance.test.ts:140:30)

  ΓùÅ Maintenance Config ΓÇ║ partial mode ΓÇ║ should set estimatedEnd when 
provided

    TypeError: owner_js_1.OWNER_IDS is not iterable

    [0m [90m  96 |[39m
     [90m  97 |[39m     [90m// Auto-allow all owners during maintenance[39m
    [31m[1m>[22m[39m[90m  98 |[39m     [36mfor[39m ([36mconst[39m 
ownerId [36mof[39m [33mOWNER_IDS[39m) {
     [90m     |[39m                           [31m[1m^[22m[39m
     [90m  99 |[39m         [36mif[39m ([33m![39mmaintenanceState[33m.[
39mallowedUsers[33m.[39mincludes(ownerId)) {
     [90m 100 |[39m             
maintenanceState[33m.[39mallowedUsers[33m.[39mpush(ownerId)[33m;[39m
     [90m 101 |[39m         }[0m

      at enableMaintenance (src/config/maintenance.ts:98:27)
      at Object.<anonymous> (tests/unit/config/maintenance.test.ts:152:30)

  ΓùÅ Maintenance Config ΓÇ║ isInMaintenance() ΓÇ║ should return true when 
enabled

    TypeError: owner_js_1.OWNER_IDS is not iterable

    [0m [90m  96 |[39m
     [90m  97 |[39m     [90m// Auto-allow all owners during maintenance[39m
    [31m[1m>[22m[39m[90m  98 |[39m     [36mfor[39m ([36mconst[39m 
ownerId [36mof[39m [33mOWNER_IDS[39m) {
     [90m     |[39m                           [31m[1m^[22m[39m
     [90m  99 |[39m         [36mif[39m ([33m![39mmaintenanceState[33m.[
39mallowedUsers[33m.[39mincludes(ownerId)) {
     [90m 100 |[39m             
maintenanceState[33m.[39mallowedUsers[33m.[39mpush(ownerId)[33m;[39m
     [90m 101 |[39m         }[0m

      at enableMaintenance (src/config/maintenance.ts:98:27)
      at Object.<anonymous> (tests/unit/config/maintenance.test.ts:165:30)

  ΓùÅ Maintenance Config ΓÇ║ canBypassMaintenance() ΓÇ║ should allow developer 
to bypass

    TypeError: (0 , owner_js_1.isOwner) is not a function

    [0m [90m 132 |[39m [90m */[39m
     [90m 133 |[39m [36mexport[39m [36mfunction[39m 
canBypassMaintenance(userId[33m:[39m string)[33m:[39m boolean {
    [31m[1m>[22m[39m[90m 134 |[39m     [36mreturn[39m isOwner(userId) 
[33m||[39m 
maintenanceState[33m.[39mallowedUsers[33m.[39mincludes(userId)[33m;[39m
     [90m     |[39m                   [31m[1m^[22m[39m
     [90m 135 |[39m }
     [90m 136 |[39m
     [90m 137 |[39m [90m/**[39m[0m

      at canBypassMaintenance (src/config/maintenance.ts:134:19)
      at Object.<anonymous> (tests/unit/config/maintenance.test.ts:172:40)

  ΓùÅ Maintenance Config ΓÇ║ canBypassMaintenance() ΓÇ║ should allow users in 
allowedUsers list

    TypeError: (0 , owner_js_1.isOwner) is not a function

    [0m [90m 132 |[39m [90m */[39m
     [90m 133 |[39m [36mexport[39m [36mfunction[39m 
canBypassMaintenance(userId[33m:[39m string)[33m:[39m boolean {
    [31m[1m>[22m[39m[90m 134 |[39m     [36mreturn[39m isOwner(userId) 
[33m||[39m 
maintenanceState[33m.[39mallowedUsers[33m.[39mincludes(userId)[33m;[39m
     [90m     |[39m                   [31m[1m^[22m[39m
     [90m 135 |[39m }
     [90m 136 |[39m
     [90m 137 |[39m [90m/**[39m[0m

      at canBypassMaintenance (src/config/maintenance.ts:134:19)
      at Object.<anonymous> (tests/unit/config/maintenance.test.ts:177:40)

  ΓùÅ Maintenance Config ΓÇ║ canBypassMaintenance() ΓÇ║ should deny random 
users

    TypeError: (0 , owner_js_1.isOwner) is not a function

    [0m [90m 132 |[39m [90m */[39m
     [90m 133 |[39m [36mexport[39m [36mfunction[39m 
canBypassMaintenance(userId[33m:[39m string)[33m:[39m boolean {
    [31m[1m>[22m[39m[90m 134 |[39m     [36mreturn[39m isOwner(userId) 
[33m||[39m 
maintenanceState[33m.[39mallowedUsers[33m.[39mincludes(userId)[33m;[39m
     [90m     |[39m                   [31m[1m^[22m[39m
     [90m 135 |[39m }
     [90m 136 |[39m
     [90m 137 |[39m [90m/**[39m[0m

      at canBypassMaintenance (src/config/maintenance.ts:134:19)
      at Object.<anonymous> (tests/unit/config/maintenance.test.ts:181:40)

  ΓùÅ Maintenance Config ΓÇ║ isAllowedDuringMaintenance() ΓÇ║ should deny 
regular users during maintenance

    TypeError: owner_js_1.OWNER_IDS is not iterable

    [0m [90m  96 |[39m
     [90m  97 |[39m     [90m// Auto-allow all owners during maintenance[39m
    [31m[1m>[22m[39m[90m  98 |[39m     [36mfor[39m ([36mconst[39m 
ownerId [36mof[39m [33mOWNER_IDS[39m) {
     [90m     |[39m                           [31m[1m^[22m[39m
     [90m  99 |[39m         [36mif[39m ([33m![39mmaintenanceState[33m.[
39mallowedUsers[33m.[39mincludes(ownerId)) {
     [90m 100 |[39m             
maintenanceState[33m.[39mallowedUsers[33m.[39mpush(ownerId)[33m;[39m
     [90m 101 |[39m         }[0m

      at enableMaintenance (src/config/maintenance.ts:98:27)
      at Object.<anonymous> (tests/unit/config/maintenance.test.ts:191:30)

  ΓùÅ Maintenance Config ΓÇ║ isAllowedDuringMaintenance() ΓÇ║ should allow 
developer during maintenance

    TypeError: owner_js_1.OWNER_IDS is not iterable

    [0m [90m  96 |[39m
     [90m  97 |[39m     [90m// Auto-allow all owners during maintenance[39m
    [31m[1m>[22m[39m[90m  98 |[39m     [36mfor[39m ([36mconst[39m 
ownerId [36mof[39m [33mOWNER_IDS[39m) {
     [90m     |[39m                           [31m[1m^[22m[39m
     [90m  99 |[39m         [36mif[39m ([33m![39mmaintenanceState[33m.[
39mallowedUsers[33m.[39mincludes(ownerId)) {
     [90m 100 |[39m             
maintenanceState[33m.[39mallowedUsers[33m.[39mpush(ownerId)[33m;[39m
     [90m 101 |[39m         }[0m

      at enableMaintenance (src/config/maintenance.ts:98:27)
      at Object.<anonymous> (tests/unit/config/maintenance.test.ts:196:30)

  ΓùÅ Maintenance Config ΓÇ║ isAllowedDuringMaintenance() ΓÇ║ should allow 
bypass users during maintenance

    TypeError: owner_js_1.OWNER_IDS is not iterable

    [0m [90m  96 |[39m
     [90m  97 |[39m     [90m// Auto-allow all owners during maintenance[39m
    [31m[1m>[22m[39m[90m  98 |[39m     [36mfor[39m ([36mconst[39m 
ownerId [36mof[39m [33mOWNER_IDS[39m) {
     [90m     |[39m                           [31m[1m^[22m[39m
     [90m  99 |[39m         [36mif[39m ([33m![39mmaintenanceState[33m.[
39mallowedUsers[33m.[39mincludes(ownerId)) {
     [90m 100 |[39m             
maintenanceState[33m.[39mallowedUsers[33m.[39mpush(ownerId)[33m;[39m
     [90m 101 |[39m         }[0m

      at enableMaintenance (src/config/maintenance.ts:98:27)
      at Object.<anonymous> (tests/unit/config/maintenance.test.ts:202:30)

  ΓùÅ Maintenance Config ΓÇ║ isFeatureDisabled() ΓÇ║ should return true for 
all features in full maintenance

    TypeError: owner_js_1.OWNER_IDS is not iterable

    [0m [90m  96 |[39m
     [90m  97 |[39m     [90m// Auto-allow all owners during maintenance[39m
    [31m[1m>[22m[39m[90m  98 |[39m     [36mfor[39m ([36mconst[39m 
ownerId [36mof[39m [33mOWNER_IDS[39m) {
     [90m     |[39m                           [31m[1m^[22m[39m
     [90m  99 |[39m         [36mif[39m ([33m![39mmaintenanceState[33m.[
39mallowedUsers[33m.[39mincludes(ownerId)) {
     [90m 100 |[39m             
maintenanceState[33m.[39mallowedUsers[33m.[39mpush(ownerId)[33m;[39m
     [90m 101 |[39m         }[0m

      at enableMaintenance (src/config/maintenance.ts:98:27)
      at Object.<anonymous> (tests/unit/config/maintenance.test.ts:213:30)

  ΓùÅ Maintenance Config ΓÇ║ isFeatureDisabled() ΓÇ║ should only disable 
listed features in partial mode

    TypeError: owner_js_1.OWNER_IDS is not iterable

    [0m [90m  96 |[39m
     [90m  97 |[39m     [90m// Auto-allow all owners during maintenance[39m
    [31m[1m>[22m[39m[90m  98 |[39m     [36mfor[39m ([36mconst[39m 
ownerId [36mof[39m [33mOWNER_IDS[39m) {
     [90m     |[39m                           [31m[1m^[22m[39m
     [90m  99 |[39m         [36mif[39m ([33m![39mmaintenanceState[33m.[
39mallowedUsers[33m.[39mincludes(ownerId)) {
     [90m 100 |[39m             
maintenanceState[33m.[39mallowedUsers[33m.[39mpush(ownerId)[33m;[39m
     [90m 101 |[39m         }[0m

      at enableMaintenance (src/config/maintenance.ts:98:27)
      at Object.<anonymous> (tests/unit/config/maintenance.test.ts:221:30)

  ΓùÅ Maintenance Config ΓÇ║ getMaintenanceStatus() ΓÇ║ should return active 
status when enabled

    TypeError: owner_js_1.OWNER_IDS is not iterable

    [0m [90m  96 |[39m
     [90m  97 |[39m     [90m// Auto-allow all owners during maintenance[39m
    [31m[1m>[22m[39m[90m  98 |[39m     [36mfor[39m ([36mconst[39m 
ownerId [36mof[39m [33mOWNER_IDS[39m) {
     [90m     |[39m                           [31m[1m^[22m[39m
     [90m  99 |[39m         [36mif[39m ([33m![39mmaintenanceState[33m.[
39mallowedUsers[33m.[39mincludes(ownerId)) {
     [90m 100 |[39m             
maintenanceState[33m.[39mallowedUsers[33m.[39mpush(ownerId)[33m;[39m
     [90m 101 |[39m         }[0m

      at enableMaintenance (src/config/maintenance.ts:98:27)
      at Object.<anonymous> (tests/unit/config/maintenance.test.ts:308:30)

  ΓùÅ Maintenance Config ΓÇ║ getMaintenanceStatus() ΓÇ║ should include time 
estimate when estimatedEnd is set

    TypeError: owner_js_1.OWNER_IDS is not iterable

    [0m [90m  96 |[39m
     [90m  97 |[39m     [90m// Auto-allow all owners during maintenance[39m
    [31m[1m>[22m[39m[90m  98 |[39m     [36mfor[39m ([36mconst[39m 
ownerId [36mof[39m [33mOWNER_IDS[39m) {
     [90m     |[39m                           [31m[1m^[22m[39m
     [90m  99 |[39m         [36mif[39m ([33m![39mmaintenanceState[33m.[
39mallowedUsers[33m.[39mincludes(ownerId)) {
     [90m 100 |[39m             
maintenanceState[33m.[39mallowedUsers[33m.[39mpush(ownerId)[33m;[39m
     [90m 101 |[39m         }[0m

      at enableMaintenance (src/config/maintenance.ts:98:27)
      at Object.<anonymous> (tests/unit/config/maintenance.test.ts:321:30)

  ΓùÅ Maintenance Config ΓÇ║ getMaintenanceStatus() ΓÇ║ should not show time 
estimate if deadline has passed

    TypeError: owner_js_1.OWNER_IDS is not iterable

    [0m [90m  96 |[39m
     [90m  97 |[39m     [90m// Auto-allow all owners during maintenance[39m
    [31m[1m>[22m[39m[90m  98 |[39m     [36mfor[39m ([36mconst[39m 
ownerId [36mof[39m [33mOWNER_IDS[39m) {
     [90m     |[39m                           [31m[1m^[22m[39m
     [90m  99 |[39m         [36mif[39m ([33m![39mmaintenanceState[33m.[
39mallowedUsers[33m.[39mincludes(ownerId)) {
     [90m 100 |[39m             
maintenanceState[33m.[39mallowedUsers[33m.[39mpush(ownerId)[33m;[39m
     [90m 101 |[39m         }[0m

      at enableMaintenance (src/config/maintenance.ts:98:27)
      at Object.<anonymous> (tests/unit/config/maintenance.test.ts:331:30)

  ΓùÅ Maintenance Config ΓÇ║ getMaintenanceStatus() ΓÇ║ should include partial 
mode info

    TypeError: owner_js_1.OWNER_IDS is not iterable

    [0m [90m  96 |[39m
     [90m  97 |[39m     [90m// Auto-allow all owners during maintenance[39m
    [31m[1m>[22m[39m[90m  98 |[39m     [36mfor[39m ([36mconst[39m 
ownerId [36mof[39m [33mOWNER_IDS[39m) {
     [90m     |[39m                           [31m[1m^[22m[39m
     [90m  99 |[39m         [36mif[39m ([33m![39mmaintenanceState[33m.[
39mallowedUsers[33m.[39mincludes(ownerId)) {
     [90m 100 |[39m             
maintenanceState[33m.[39mallowedUsers[33m.[39mpush(ownerId)[33m;[39m
     [90m 101 |[39m         }[0m

      at enableMaintenance (src/config/maintenance.ts:98:27)
      at Object.<anonymous> (tests/unit/config/maintenance.test.ts:340:30)

  ΓùÅ Maintenance Config ΓÇ║ createMaintenanceEmbed() ΓÇ║ should return an 
embed object

    TypeError: owner_js_1.OWNER_IDS is not iterable

    [0m [90m  96 |[39m
     [90m  97 |[39m     [90m// Auto-allow all owners during maintenance[39m
    [31m[1m>[22m[39m[90m  98 |[39m     [36mfor[39m ([36mconst[39m 
ownerId [36mof[39m [33mOWNER_IDS[39m) {
     [90m     |[39m                           [31m[1m^[22m[39m
     [90m  99 |[39m         [36mif[39m ([33m![39mmaintenanceState[33m.[
39mallowedUsers[33m.[39mincludes(ownerId)) {
     [90m 100 |[39m             
maintenanceState[33m.[39mallowedUsers[33m.[39mpush(ownerId)[33m;[39m
     [90m 101 |[39m         }[0m

      at enableMaintenance (src/config/maintenance.ts:98:27)
      at Object.<anonymous> (tests/unit/config/maintenance.test.ts:353:30)

  ΓùÅ Maintenance Config ΓÇ║ getMaintenanceState() ΓÇ║ should return a copy of 
state (not the reference)

    TypeError: owner_js_1.OWNER_IDS is not iterable

    [0m [90m  96 |[39m
     [90m  97 |[39m     [90m// Auto-allow all owners during maintenance[39m
    [31m[1m>[22m[39m[90m  98 |[39m     [36mfor[39m ([36mconst[39m 
ownerId [36mof[39m [33mOWNER_IDS[39m) {
     [90m     |[39m                           [31m[1m^[22m[39m
     [90m  99 |[39m         [36mif[39m ([33m![39mmaintenanceState[33m.[
39mallowedUsers[33m.[39mincludes(ownerId)) {
     [90m 100 |[39m             
maintenanceState[33m.[39mallowedUsers[33m.[39mpush(ownerId)[33m;[39m
     [90m 101 |[39m         }[0m

      at enableMaintenance (src/config/maintenance.ts:98:27)
      at Object.<anonymous> (tests/unit/config/maintenance.test.ts:364:30)

FAIL tests/unit/services/api/Rule34Service.test.ts
  ΓùÅ Rule34Service ΓÇ║ getTrending ΓÇ║ should fetch trending posts

    expect(received).toBeGreaterThan(expected)

    Expected: > 0
    Received:   0

    [0m [90m 297 |[39m             [36mconst[39m result [33m=[39m 
[36mawait[39m rule34Service[33m.[39mgetTrending()[33m;[39m
     [90m 298 |[39m
    [31m[1m>[22m[39m[90m 299 |[39m             expect(result[33m.[39mpo
sts[33m.[39mlength)[33m.[39mtoBeGreaterThan([35m0[39m)[33m;[39m
     [90m     |[39m                                         
[31m[1m^[22m[39m
     [90m 300 |[39m             
expect(result[33m.[39mhasMore)[33m.[39mtoBe([36mfalse[39m)[33m;[39m
     [90m 301 |[39m         })[33m;[39m
     [90m 302 |[39m[0m

      at Object.<anonymous> 
(tests/unit/services/api/Rule34Service.test.ts:299:41)

  ΓùÅ Rule34Service ΓÇ║ getTrending ΓÇ║ should request recent-first sorting 
for timeframe queries

    expect(received).toContain(expected) // indexOf

    Expected substring: "sort%3Adate%3Adesc"
    Received string:    "https://api.rule34.xxx/index.php?page=dapi&s=post&q=in
dex&limit=100&pid=0&tags=sort%3Aid%3Adesc&json=1&user_id=test-user&api_key=test
-key"

    [0m [90m 310 |[39m
     [90m 311 |[39m             [36mconst[39m url [33m=[39m 
mockFetch[33m.[39mmock[33m.[39mcalls[[35m0[39m][[35m0[39m][33m;[39m
    [31m[1m>[22m[39m[90m 312 |[39m             
expect(url)[33m.[39mtoContain([32m'sort%3Adate%3Adesc'[39m)[33m;[39m
     [90m     |[39m                         [31m[1m^[22m[39m
     [90m 313 |[39m         })[33m;[39m
     [90m 314 |[39m     })[33m;[39m
     [90m 315 |[39m[0m

      at Object.<anonymous> 
(tests/unit/services/api/Rule34Service.test.ts:312:25)

FAIL tests/unit/repositories/moderation.test.ts
  ΓùÅ InfractionRepository ΓÇ║ getNextCaseId() ΓÇ║ should use FOR UPDATE for 
atomic access

    expect(jest.fn()).toHaveBeenCalledWith(...expected)

    Expected: StringContaining "FOR UPDATE", Any<Array>
    Received: "SELECT COALESCE(MAX(case_id), 0) + 1 as next_id
             FROM mod_infractions
             WHERE guild_id = $1", ["guild-123"]

    Number of calls: 1

    [0m [90m 40 |[39m             [36mawait[39m [33mInfractionRepository
[39m[33m.[39mgetNextCaseId([32m'guild-123'[39m)[33m;[39m
     [90m 41 |[39m
    [31m[1m>[22m[39m[90m 42 |[39m             
expect(mockQuery)[33m.[39mtoHaveBeenCalledWith(
     [90m    |[39m                               [31m[1m^[22m[39m
     [90m 43 |[39m                 
expect[33m.[39mstringContaining([32m'FOR UPDATE'[39m)[33m,[39m
     [90m 44 |[39m                 expect[33m.[39many([33mArray[39m)
     [90m 45 |[39m             )[33m;[39m[0m

      at Object.<anonymous> (tests/unit/repositories/moderation.test.ts:42:31)

  ΓùÅ InfractionRepository ΓÇ║ create() ΓÇ║ should insert infraction with all 
fields

    TypeError: Cannot read properties of undefined (reading 'rows')

    [0m [90m 59 |[39m             )[33m;[39m
     [90m 60 |[39m
    [31m[1m>[22m[39m[90m 61 |[39m             [36mreturn[39m 
result[33m.[39mrows[[35m0[39m] [36mas[39m unknown [36mas[39m 
[33mInfraction[39m[33m;[39m
     [90m    |[39m                           [31m[1m^[22m[39m
     [90m 62 |[39m         } [36mcatch[39m (error) {
     [90m 63 |[39m             [36mconst[39m message [33m=[39m (error 
[36mas[39m [33mError[39m)[33m.[39mmessage [33m||[39m 
[32m''[39m[33m;[39m
     [90m 64 |[39m             [36mconst[39m isCaseConflict [33m=[39m 
message[33m.[39mincludes([32m'unique_guild_case'[39m) [33m||[39m 
message[33m.[39mincludes([32m'duplicate key value'[39m)[33m;[39m[0m

      at Object.create 
(src/repositories/moderation/InfractionRepository.ts:61:27)
      at Object.<anonymous> (tests/unit/repositories/moderation.test.ts:71:28)

  ΓùÅ InfractionRepository ΓÇ║ create() ΓÇ║ should use atomic case_id 
generation in INSERT

    TypeError: Cannot read properties of undefined (reading 'rows')

    [0m [90m 59 |[39m             )[33m;[39m
     [90m 60 |[39m
    [31m[1m>[22m[39m[90m 61 |[39m             [36mreturn[39m 
result[33m.[39mrows[[35m0[39m] [36mas[39m unknown [36mas[39m 
[33mInfraction[39m[33m;[39m
     [90m    |[39m                           [31m[1m^[22m[39m
     [90m 62 |[39m         } [36mcatch[39m (error) {
     [90m 63 |[39m             [36mconst[39m message [33m=[39m (error 
[36mas[39m [33mError[39m)[33m.[39mmessage [33m||[39m 
[32m''[39m[33m;[39m
     [90m 64 |[39m             [36mconst[39m isCaseConflict [33m=[39m 
message[33m.[39mincludes([32m'unique_guild_case'[39m) [33m||[39m 
message[33m.[39mincludes([32m'duplicate key value'[39m)[33m;[39m[0m

      at Object.create 
(src/repositories/moderation/InfractionRepository.ts:61:27)
      at Object.<anonymous> (tests/unit/repositories/moderation.test.ts:89:13)

  ΓùÅ InfractionRepository ΓÇ║ create() ΓÇ║ should default metadata to empty 
object

    TypeError: Cannot read properties of undefined (reading 'rows')

    [0m [90m 59 |[39m             )[33m;[39m
     [90m 60 |[39m
    [31m[1m>[22m[39m[90m 61 |[39m             [36mreturn[39m 
result[33m.[39mrows[[35m0[39m] [36mas[39m unknown [36mas[39m 
[33mInfraction[39m[33m;[39m
     [90m    |[39m                           [31m[1m^[22m[39m
     [90m 62 |[39m         } [36mcatch[39m (error) {
     [90m 63 |[39m             [36mconst[39m message [33m=[39m (error 
[36mas[39m [33mError[39m)[33m.[39mmessage [33m||[39m 
[32m''[39m[33m;[39m
     [90m 64 |[39m             [36mconst[39m isCaseConflict [33m=[39m 
message[33m.[39mincludes([32m'unique_guild_case'[39m) [33m||[39m 
message[33m.[39mincludes([32m'duplicate key value'[39m)[33m;[39m[0m

      at Object.create 
(src/repositories/moderation/InfractionRepository.ts:61:27)
      at Object.<anonymous> (tests/unit/repositories/moderation.test.ts:106:13)

FAIL tests/unit/services/api/EmbedService.test.ts
  ΓùÅ EmbedService ΓÇ║ isSupported ΓÇ║ should return false for unsupported 
platforms

    expect(received).toBe(expected) // Object.is equality

    Expected: false
    Received: true

    [0m [90m 193 |[39m         it([32m'should return false for unsupported 
platforms'[39m[33m,[39m () [33m=>[39m {
     [90m 194 |[39m             expect(embedService[33m.[39misSupported([3
2m'https://youtube.com/watch?v=abc'[39m))[33m.[39mtoBe([36mfalse[39m)[33m
;[39m
    [31m[1m>[22m[39m[90m 195 |[39m             expect(embedService[33m.
[39misSupported([32m'https://facebook.com/post/123'[39m))[33m.[39mtoBe([36
mfalse[39m)[33m;[39m
     [90m     |[39m                                                          
                     [31m[1m^[22m[39m
     [90m 196 |[39m         })[33m;[39m
     [90m 197 |[39m     })[33m;[39m
     [90m 198 |[39m[0m

      at Object.<anonymous> 
(tests/unit/services/api/EmbedService.test.ts:195:79)

  ΓùÅ EmbedService ΓÇ║ getSupportedPlatforms ΓÇ║ should return all 6 platforms

    expect(received).toHaveLength(expected)

    Expected length: 6
    Received length: 7
    Received array:  [{"emoji": "∩┐╜∩┐╜", "id": "twitter", "name": "Twitter / 
X", "reliable": true, "service": "FixTweet / FixupX"}, {"emoji": "∩┐╜∩┐╜", 
"id": "tiktok", "name": "TikTok", "reliable": true, "service": "tfxktok"}, 
{"emoji": "∩┐╜∩┐╜", "id": "instagram", "name": "Instagram", "reliable": true, 
"service": "ddInstagram"}, {"emoji": "∩┐╜∩┐╜", "id": "reddit", "name": 
"Reddit", "reliable": true, "service": "rxddit"}, {"emoji": "∩┐╜∩┐╜", "id": 
"bluesky", "name": "Bluesky", "reliable": true, "service": "fxBsky"}, 
{"emoji": "∩┐╜∩┐╜", "id": "facebook", "name": "Facebook", "reliable": true, 
"service": "Facebed"}, {"emoji": "∩┐╜∩┐╜", "id": "threads", "name": "Threads", 
"reliable": true, "service": "FixThreads"}]

    [0m [90m 200 |[39m         it([32m'should return all 6 
platforms'[39m[33m,[39m () [33m=>[39m {
     [90m 201 |[39m             [36mconst[39m platforms [33m=[39m 
embedService[33m.[39mgetSupportedPlatforms()[33m;[39m
    [31m[1m>[22m[39m[90m 202 |[39m             
expect(platforms)[33m.[39mtoHaveLength([35m6[39m)[33m;[39m
     [90m     |[39m                               [31m[1m^[22m[39m
     [90m 203 |[39m         })[33m;[39m
     [90m 204 |[39m
     [90m 205 |[39m         it([32m'should include required fields for each 
platform'[39m[33m,[39m () [33m=>[39m {[0m

      at Object.<anonymous> 
(tests/unit/services/api/EmbedService.test.ts:202:31)

FAIL tests/unit/services/music/AutoPlayService.test.ts
  ΓùÅ AutoPlayService ΓÇ║ findSimilarTrack ΓÇ║ should handle genres in title

    expect(received).not.toBeNull()

    Received: null

    [0m [90m 127 |[39m
     [90m 128 |[39m             [36mconst[39m result [33m=[39m 
[36mawait[39m 
autoPlayService[33m.[39mfindSimilarTrack([32m'guild1'[39m[33m,[39m 
lofiTrack)[33m;[39m
    [31m[1m>[22m[39m[90m 129 |[39m             
expect(result)[33m.[39mnot[33m.[39mtoBeNull()[33m;[39m
     [90m     |[39m                                [31m[1m^[22m[39m
     [90m 130 |[39m         })[33m;[39m
     [90m 131 |[39m
     [90m 132 |[39m         it([32m'should clean title metadata before 
searching'[39m[33m,[39m [36masync[39m () [33m=>[39m {[0m

      at Object.<anonymous> 
(tests/unit/services/music/AutoPlayService.test.ts:129:32)

  ΓùÅ AutoPlayService ΓÇ║ findSimilarTrack ΓÇ║ should try up to 5 shuffled 
strategies

    expect(received).toBeLessThanOrEqual(expected)

    Expected: <= 7
    Received:    8

    [0m [90m 186 |[39m             [36mconst[39m callCount [33m=[39m moc
kLavalinkService[33m.[39msearchMultiple[33m.[39mmock[33m.[39mcalls[33m.
[39mlength[33m;[39m
     [90m 187 |[39m             
expect(callCount)[33m.[39mtoBeGreaterThanOrEqual([35m1[39m)[33m;[39m
    [31m[1m>[22m[39m[90m 188 |[39m             
expect(callCount)[33m.[39mtoBeLessThanOrEqual([35m7[39m)[33m;[39m 
[90m// 5 strategies + fallback attempts[39m
     [90m     |[39m                               [31m[1m^[22m[39m
     [90m 189 |[39m         })[33m;[39m
     [90m 190 |[39m
     [90m 191 |[39m         it([32m'should handle no queue 
gracefully'[39m[33m,[39m [36masync[39m () [33m=>[39m {[0m

      at Object.<anonymous> 
(tests/unit/services/music/AutoPlayService.test.ts:188:31)

FAIL tests/unit/core/errors.test.ts
  ΓùÅ Test suite failed to run

    Cannot find module '../../../src/errors/MusicError' from 
'tests/unit/core/errors.test.ts'

    [0m [90m 16 |[39m     [33mCooldownError[39m[33m,[39m
     [90m 17 |[39m } [36mfrom[39m 
[32m'../../../src/errors/AppError'[39m[33m;[39m
    [31m[1m>[22m[39m[90m 18 |[39m [36mimport[39m { 
[33mMusicError[39m } [36mfrom[39m 
[32m'../../../src/errors/MusicError'[39m[33m;[39m
     [90m    |[39m [31m[1m^[22m[39m
     [90m 19 |[39m [36mimport[39m { [33mVideoError[39m } [36mfrom[39m 
[32m'../../../src/errors/VideoError'[39m[33m;[39m
     [90m 20 |[39m [36mimport[39m { [33mApiError[39m } [36mfrom[39m 
[32m'../../../src/errors/ApiError'[39m[33m;[39m
     [90m 21 |[39m[0m

      at Resolver._throwModNotFoundError 
(node_modules/jest-resolve/build/index.js:863:11)
      at Object.<anonymous> (tests/unit/core/errors.test.ts:18:1)


Test Suites: 13 failed, 3 skipped, 59 passed, 72 of 75 total
Tests:       48 failed, 23 skipped, 1723 passed, 1794 total
Snapshots:   0 total
Time:        110.737 s, estimated 123 s
Ran all test suites.
Jest did not exit one second after the test run has completed.

'This usually means that there are asynchronous operations that weren't 
stopped in your tests. Consider running Jest with `--detectOpenHandles` to 
troubleshoot this issue.
